<html>
<body>
<pre>
<h1>礦ision Build Log</h1>
<h2>Tool Versions:</h2>
IDE-Version: μVision V5.14.0.0
Copyright (C) 2015 ARM Ltd and ARM Germany GmbH. All rights reserved.
License Information: dsfdsf AutoBVT, Microsoft, LIC=V8556-D0I1S-BVE1G-V2SME-XURXC-YI4J1
 
Tool Versions:
Toolchain:       MDK-ARM Professional  Version: 5.14.0.0
Toolchain Path:  D:\Keil5\ARM\ARMCC\Bin
C Compiler:      Armcc.exe V5.05 update 1 (build 106)
Assembler:       Armasm.exe V5.05 update 1 (build 106)
Linker/Locator:  ArmLink.exe V5.05 update 1 (build 106)
Library Manager: ArmAr.exe V5.05 update 1 (build 106)
Hex Converter:   FromElf.exe V5.05 update 1 (build 106)
CPU DLL:         SARMCM3.DLL V5.14.0.0
Dialog DLL:      DCM.DLL V1.13.1.0
Target DLL:      Segger\JL2CM3.dll V2.99.13.0
Dialog DLL:      TCM.DLL V1.14.4.0
 
<h2>Project:</h2>
H:\嵌入式资料\第二阶段课程\STM32\笔记\013\代码\01_ucos_任务创建\USER\Template.uvprojx
Project File Date:  09/21/2017

<h2>Output:</h2>
Build target 'Template'
compiling main.c...
compiling stm32f4xx_it.c...
compiling system_stm32f4xx.c...
compiling led.c...
assembling startup_stm32f40_41xxx.s...
compiling misc.c...
compiling stm32f4xx_gpio.c...
compiling stm32f4xx_rcc.c...
compiling stm32f4xx_syscfg.c...
compiling stm32f4xx_usart.c...
compiling stm32f4xx_fsmc.c...
compiling stm32f4xx_tim.c...
compiling delay.c...
compiling sys.c...
compiling usart.c...
compiling bsp.c...
compiling cpu_c.c...
compiling cpu_core.c...
assembling cpu_a.asm...
compiling lib_ascii.c...
compiling lib_math.c...
compiling lib_mem.c...
compiling lib_str.c...
assembling lib_mem_a.asm...
compiling os_cfg_app.c...
compiling os_core.c...
compiling os_dbg.c...
compiling os_flag.c...
compiling os_int.c...
compiling os_mem.c...
compiling os_msg.c...
compiling os_mutex.c...
compiling os_pend_multi.c...
compiling os_prio.c...
compiling os_q.c...
compiling os_sem.c...
compiling os_stat.c...
compiling os_task.c...
compiling os_tick.c...
compiling os_time.c...
compiling os_tmr.c...
compiling os_var.c...
compiling os_cpu_c.c...
assembling os_cpu_a.asm...
compiling os_app_hooks.c...
linking...
Program Size: Code=27942 RO-data=958 RW-data=236 ZI-data=33716  
FromELF: creating hex file...
"..\OBJ\Template.axf" - 0 Error(s), 0 Warning(s).

<h2>Collection of Component include folders:</h2>
  H:\嵌入式资料\第二阶段课程\STM32\笔记\013\代码\01_ucos_任务创建\USER\RTE
  D:\Keil5\ARM\PACK\Keil\STM32F4xx_DFP\1.0.8\Device\Include

<h2>Collection of Component Files used:</h2>
</pre>
</body>
</html>
