Component: ARM Compiler 5.06 update 6 (build 750) Tool: armlink [4d35ed]

==============================================================================

Section Cross References

    startup_stm32f40_41xxx.o(STACK) refers (Special) to heapauxi.o(.text) for __use_two_region_memory
    startup_stm32f40_41xxx.o(HEAP) refers (Special) to heapauxi.o(.text) for __use_two_region_memory
    startup_stm32f40_41xxx.o(RESET) refers (Special) to heapauxi.o(.text) for __use_two_region_memory
    startup_stm32f40_41xxx.o(RESET) refers to startup_stm32f40_41xxx.o(STACK) for __initial_sp
    startup_stm32f40_41xxx.o(RESET) refers to startup_stm32f40_41xxx.o(.text) for Reset_Handler
    startup_stm32f40_41xxx.o(RESET) refers to stm32f4xx_it.o(i.NMI_Handler) for NMI_Handler
    startup_stm32f40_41xxx.o(RESET) refers to stm32f4xx_it.o(i.HardFault_Handler) for HardFault_Handler
    startup_stm32f40_41xxx.o(RESET) refers to stm32f4xx_it.o(i.MemManage_Handler) for MemManage_Handler
    startup_stm32f40_41xxx.o(RESET) refers to stm32f4xx_it.o(i.BusFault_Handler) for BusFault_Handler
    startup_stm32f40_41xxx.o(RESET) refers to stm32f4xx_it.o(i.UsageFault_Handler) for UsageFault_Handler
    startup_stm32f40_41xxx.o(RESET) refers to stm32f4xx_it.o(i.SVC_Handler) for SVC_Handler
    startup_stm32f40_41xxx.o(RESET) refers to stm32f4xx_it.o(i.DebugMon_Handler) for DebugMon_Handler
    startup_stm32f40_41xxx.o(RESET) refers to os_cpu_a.o(CODE) for PendSV_Handler
    startup_stm32f40_41xxx.o(RESET) refers to delay.o(i.SysTick_Handler) for SysTick_Handler
    startup_stm32f40_41xxx.o(RESET) refers to wwdg.o(i.WWDG_IRQHandler) for WWDG_IRQHandler
    startup_stm32f40_41xxx.o(RESET) refers to rtc.o(i.RTC_WKUP_IRQHandler) for RTC_WKUP_IRQHandler
    startup_stm32f40_41xxx.o(RESET) refers to usart.o(i.USART1_IRQHandler) for USART1_IRQHandler
    startup_stm32f40_41xxx.o(.text) refers (Special) to heapauxi.o(.text) for __use_two_region_memory
    startup_stm32f40_41xxx.o(.text) refers to system_stm32f4xx.o(i.SystemInit) for SystemInit
    startup_stm32f40_41xxx.o(.text) refers to __main.o(!!!main) for __main
    startup_stm32f40_41xxx.o(.text) refers to startup_stm32f40_41xxx.o(HEAP) for Heap_Mem
    startup_stm32f40_41xxx.o(.text) refers to startup_stm32f40_41xxx.o(STACK) for Stack_Mem
    stm32f4xx_gpio.o(i.GPIO_DeInit) refers to stm32f4xx_rcc.o(i.RCC_AHB1PeriphResetCmd) for RCC_AHB1PeriphResetCmd
    stm32f4xx_rcc.o(i.RCC_GetClocksFreq) refers to stm32f4xx_rcc.o(.data) for APBAHBPrescTable
    stm32f4xx_rcc.o(i.RCC_WaitForHSEStartUp) refers to stm32f4xx_rcc.o(i.RCC_GetFlagStatus) for RCC_GetFlagStatus
    stm32f4xx_syscfg.o(i.SYSCFG_DeInit) refers to stm32f4xx_rcc.o(i.RCC_APB2PeriphResetCmd) for RCC_APB2PeriphResetCmd
    stm32f4xx_usart.o(i.USART_DeInit) refers to stm32f4xx_rcc.o(i.RCC_APB2PeriphResetCmd) for RCC_APB2PeriphResetCmd
    stm32f4xx_usart.o(i.USART_DeInit) refers to stm32f4xx_rcc.o(i.RCC_APB1PeriphResetCmd) for RCC_APB1PeriphResetCmd
    stm32f4xx_usart.o(i.USART_Init) refers to stm32f4xx_rcc.o(i.RCC_GetClocksFreq) for RCC_GetClocksFreq
    stm32f4xx_wwdg.o(i.WWDG_DeInit) refers to stm32f4xx_rcc.o(i.RCC_APB1PeriphResetCmd) for RCC_APB1PeriphResetCmd
    stm32f4xx_rtc.o(i.RTC_CoarseCalibCmd) refers to stm32f4xx_rtc.o(i.RTC_EnterInitMode) for RTC_EnterInitMode
    stm32f4xx_rtc.o(i.RTC_CoarseCalibCmd) refers to stm32f4xx_rtc.o(i.RTC_ExitInitMode) for RTC_ExitInitMode
    stm32f4xx_rtc.o(i.RTC_CoarseCalibConfig) refers to stm32f4xx_rtc.o(i.RTC_EnterInitMode) for RTC_EnterInitMode
    stm32f4xx_rtc.o(i.RTC_CoarseCalibConfig) refers to stm32f4xx_rtc.o(i.RTC_ExitInitMode) for RTC_ExitInitMode
    stm32f4xx_rtc.o(i.RTC_DeInit) refers to stm32f4xx_rtc.o(i.RTC_EnterInitMode) for RTC_EnterInitMode
    stm32f4xx_rtc.o(i.RTC_DeInit) refers to stm32f4xx_rtc.o(i.RTC_WaitForSynchro) for RTC_WaitForSynchro
    stm32f4xx_rtc.o(i.RTC_GetAlarm) refers to stm32f4xx_rtc.o(i.RTC_Bcd2ToByte) for RTC_Bcd2ToByte
    stm32f4xx_rtc.o(i.RTC_GetDate) refers to stm32f4xx_rtc.o(i.RTC_Bcd2ToByte) for RTC_Bcd2ToByte
    stm32f4xx_rtc.o(i.RTC_GetTime) refers to stm32f4xx_rtc.o(i.RTC_Bcd2ToByte) for RTC_Bcd2ToByte
    stm32f4xx_rtc.o(i.RTC_GetTimeStamp) refers to stm32f4xx_rtc.o(i.RTC_Bcd2ToByte) for RTC_Bcd2ToByte
    stm32f4xx_rtc.o(i.RTC_Init) refers to stm32f4xx_rtc.o(i.RTC_EnterInitMode) for RTC_EnterInitMode
    stm32f4xx_rtc.o(i.RTC_Init) refers to stm32f4xx_rtc.o(i.RTC_ExitInitMode) for RTC_ExitInitMode
    stm32f4xx_rtc.o(i.RTC_RefClockCmd) refers to stm32f4xx_rtc.o(i.RTC_EnterInitMode) for RTC_EnterInitMode
    stm32f4xx_rtc.o(i.RTC_RefClockCmd) refers to stm32f4xx_rtc.o(i.RTC_ExitInitMode) for RTC_ExitInitMode
    stm32f4xx_rtc.o(i.RTC_SetAlarm) refers to stm32f4xx_rtc.o(i.RTC_Bcd2ToByte) for RTC_Bcd2ToByte
    stm32f4xx_rtc.o(i.RTC_SetAlarm) refers to stm32f4xx_rtc.o(i.RTC_ByteToBcd2) for RTC_ByteToBcd2
    stm32f4xx_rtc.o(i.RTC_SetDate) refers to stm32f4xx_rtc.o(i.RTC_Bcd2ToByte) for RTC_Bcd2ToByte
[...]
    i.OSTaskCreateHook                       0x08000db8   Section        0  os_cpu_c.o(i.OSTaskCreateHook)
    i.OSTaskDel                              0x08000dd0   Section        0  os_task.o(i.OSTaskDel)
    i.OSTaskDelHook                          0x08000f94   Section        0  os_cpu_c.o(i.OSTaskDelHook)
    i.OSTaskReturnHook                       0x08000fac   Section        0  os_cpu_c.o(i.OSTaskReturnHook)
    i.OSTaskSemPend                          0x08000fc4   Section        0  os_task.o(i.OSTaskSemPend)
    i.OSTaskStkInit                          0x080011d8   Section        0  os_cpu_c.o(i.OSTaskStkInit)
    i.OSTaskSwHook                           0x08001434   Section        0  os_cpu_c.o(i.OSTaskSwHook)
    i.OSTimeDlyHMSM                          0x080014bc   Section        0  os_time.o(i.OSTimeDlyHMSM)
    i.OSTimeTick                             0x080016ac   Section        0  os_time.o(i.OSTimeTick)
    i.OSTimeTickHook                         0x080016f0   Section        0  os_cpu_c.o(i.OSTimeTickHook)
    i.OS_Dbg_Init                            0x08001704   Section        0  os_dbg.o(i.OS_Dbg_Init)
    i.OS_FlagInit                            0x080018b4   Section        0  os_flag.o(i.OS_FlagInit)
    i.OS_FlagPost                            0x080018cc   Section        0  os_flag.o(i.OS_FlagPost)
    i.OS_FlagTaskRdy                         0x08001afc   Section        0  os_flag.o(i.OS_FlagTaskRdy)
    i.OS_IdleTask                            0x08001b54   Section        0  os_core.o(i.OS_IdleTask)
    i.OS_IdleTaskInit                        0x08001b8c   Section        0  os_core.o(i.OS_IdleTaskInit)
    i.OS_IntQPost                            0x08001bfc   Section        0  os_int.o(i.OS_IntQPost)
    i.OS_IntQRePost                          0x08001cf8   Section        0  os_int.o(i.OS_IntQRePost)
    i.OS_IntQTask                            0x08001e84   Section        0  os_int.o(i.OS_IntQTask)
    i.OS_IntQTaskInit                        0x08001f38   Section        0  os_int.o(i.OS_IntQTaskInit)
    i.OS_MemInit                             0x08002060   Section        0  os_mem.o(i.OS_MemInit)
    i.OS_MsgPoolCreate                       0x08002078   Section        0  os_msg.o(i.OS_MsgPoolCreate)
    i.OS_MsgPoolInit                         0x080020b0   Section        0  os_msg.o(i.OS_MsgPoolInit)
    i.OS_MsgQFreeAll                         0x08002104   Section        0  os_msg.o(i.OS_MsgQFreeAll)
    i.OS_MsgQInit                            0x08002148   Section        0  os_msg.o(i.OS_MsgQInit)
    i.OS_MsgQPut                             0x08002158   Section        0  os_msg.o(i.OS_MsgQPut)
    i.OS_MutexInit                           0x08002254   Section        0  os_mutex.o(i.OS_MutexInit)
    i.OS_Pend                                0x0800226c   Section        0  os_core.o(i.OS_Pend)
    i.OS_PendDataInit                        0x080022d4   Section        0  os_core.o(i.OS_PendDataInit)
    i.OS_PendDbgNameAdd                      0x080022fc   Section        0  os_core.o(i.OS_PendDbgNameAdd)
    i.OS_PendDbgNameRemove                   0x08002358   Section        0  os_core.o(i.OS_PendDbgNameRemove)
    i.OS_PendListInsertPrio                  0x0800237c   Section        0  os_core.o(i.OS_PendListInsertPrio)
    i.OS_PendListRemove                      0x080023e2   Section        0  os_core.o(i.OS_PendListRemove)
    i.OS_PendListRemove1                     0x08002412   Section        0  os_core.o(i.OS_PendListRemove1)
    i.OS_Post                                0x08002454   Section        0  os_core.o(i.OS_Post)
    i.OS_Post1                               0x08002514   Section        0  os_core.o(i.OS_Post1)
    i.OS_PrioGetHighest                      0x08002540   Section        0  os_prio.o(i.OS_PrioGetHighest)
    i.OS_PrioInit                            0x08002568   Section        0  os_prio.o(i.OS_PrioInit)
    i.OS_PrioInsert                          0x08002580   Section        0  os_prio.o(i.OS_PrioInsert)
    i.OS_PrioRemove                          0x080025a4   Section        0  os_prio.o(i.OS_PrioRemove)
    i.OS_QInit                               0x080025c8   Section        0  os_q.o(i.OS_QInit)
    i.OS_QPost                               0x080025e0   Section        0  os_q.o(i.OS_QPost)
    i.OS_RdyListInit                         0x0800272c   Section        0  os_core.o(i.OS_RdyListInit)
    i.OS_RdyListInsert                       0x08002750   Section        0  os_core.o(i.OS_RdyListInsert)
    i.OS_RdyListInsertHead                   0x0800277c   Section        0  os_core.o(i.OS_RdyListInsertHead)
    i.OS_RdyListInsertTail                   0x080027bc   Section        0  os_core.o(i.OS_RdyListInsertTail)
    i.OS_RdyListRemove                       0x080027f8   Section        0  os_core.o(i.OS_RdyListRemove)
    i.OS_Sched0                              0x08002854   Section        0  os_core.o(i.OS_Sched0)
    i.OS_SchedLockTimeMeasStart              0x080028a8   Section        0  os_core.o(i.OS_SchedLockTimeMeasStart)
    i.OS_SchedLockTimeMeasStop               0x080028c4   Section        0  os_core.o(i.OS_SchedLockTimeMeasStop)
    i.OS_SemInit                             0x08002900   Section        0  os_sem.o(i.OS_SemInit)
    i.OS_SemPost                             0x08002918   Section        0  os_sem.o(i.OS_SemPost)
    i.OS_TaskBlock                           0x08002a7c   Section        0  os_core.o(i.OS_TaskBlock)
    i.OS_TaskDbgListAdd                      0x08002ab4   Section        0  os_task.o(i.OS_TaskDbgListAdd)
    i.OS_TaskDbgListRemove                   0x08002ae4   Section        0  os_task.o(i.OS_TaskDbgListRemove)
    i.OS_TaskInit                            0x08002b28   Section        0  os_task.o(i.OS_TaskInit)
    i.OS_TaskInitTCB                         0x08002b48   Section        0  os_task.o(i.OS_TaskInitTCB)
    i.OS_TaskQPost                           0x08002c10   Section        0  os_task.o(i.OS_TaskQPost)
    i.OS_TaskRdy                             0x08002e1c   Section        0  os_core.o(i.OS_TaskRdy)
    i.OS_TaskResume                          0x08002e38   Section        0  os_task.o(i.OS_TaskResume)
    i.OS_TaskReturn                          0x08002f78   Section        0  os_task.o(i.OS_TaskReturn)
    i.OS_TaskSemPost                         0x08002f90   Section        0  os_task.o(i.OS_TaskSemPost)
    i.OS_TaskSuspend                         0x08003454   Section        0  os_task.o(i.OS_TaskSuspend)
    i.OS_TickListInit                        0x080035a4   Section        0  os_tick.o(i.OS_TickListInit)
    i.OS_TickListInsert                      0x080035cc   Section        0  os_tick.o(i.OS_TickListInsert)
    i.OS_TickListRemove                      0x08003788   Section        0  os_tick.o(i.OS_TickListRemove)
    i.OS_TickListUpdate                      0x080037c0   Section        0  os_tick.o(i.OS_TickListUpdate)
    i.OS_TickTask                            0x080039b8   Section        0  os_tick.o(i.OS_TickTask)
    i.OS_TickTaskInit                        0x080039e4   Section        0  os_tick.o(i.OS_TickTaskInit)
    i.OS_TmrInit                             0x08003a9c   Section        0  os_tmr.o(i.OS_TmrInit)
    i.OS_TmrLink                             0x08003bc4   Section        0  os_tmr.o(i.OS_TmrLink)
    i.OS_TmrTask                             0x08003c94   Section        0  os_tmr.o(i.OS_TmrTask)
    i.OS_TmrUnlink                           0x08003d54   Section        0  os_tmr.o(i.OS_TmrUnlink)
    i.RCC_AHB1PeriphClockCmd                 0x08003da4   Section        0  stm32f4xx_rcc.o(i.RCC_AHB1PeriphClockCmd)
    i.RCC_APB2PeriphClockCmd                 0x08003dc4   Section        0  stm32f4xx_rcc.o(i.RCC_APB2PeriphClockCmd)
    i.RCC_GetClocksFreq                      0x08003de4   Section        0  stm32f4xx_rcc.o(i.RCC_GetClocksFreq)
    i.RTC_ClearITPendingBit                  0x08003ecc   Section        0  stm32f4xx_rtc.o(i.RTC_ClearITPendingBit)
    i.RTC_GetITStatus                        0x08003eec   Section        0  stm32f4xx_rtc.o(i.RTC_GetITStatus)
    i.RTC_WKUP_IRQHandler                    0x08003f2c   Section        0  rtc.o(i.RTC_WKUP_IRQHandler)
    i.SVC_Handler                            0x08003f54   Section        0  stm32f4xx_it.o(i.SVC_Handler)
    i.SetSysClock                            0x08003f58   Section        0  system_stm32f4xx.o(i.SetSysClock)
    SetSysClock                              0x08003f59   Thumb Code   220  system_stm32f4xx.o(i.SetSysClock)
    i.SysTick_CLKSourceConfig                0x08004044   Section        0  misc.o(i.SysTick_CLKSourceConfig)
    i.SysTick_Handler                        0x0800406c   Section        0  delay.o(i.SysTick_Handler)
    i.SystemInit                             0x08004088   Section        0  system_stm32f4xx.o(i.SystemInit)
    i.USART1_IRQHandler                      0x080040f0   Section        0  usart.o(i.USART1_IRQHandler)
    i.USART_ClearFlag                        0x08004180   Section        0  stm32f4xx_usart.o(i.USART_ClearFlag)
    i.USART_Cmd                              0x08004192   Section        0  stm32f4xx_usart.o(i.USART_Cmd)
    i.USART_GetITStatus                      0x080041aa   Section        0  stm32f4xx_usart.o(i.USART_GetITStatus)
    i.USART_ITConfig                         0x080041fe   Section        0  stm32f4xx_usart.o(i.USART_ITConfig)
    i.USART_Init                             0x08004248   Section        0  stm32f4xx_usart.o(i.USART_Init)
    i.USART_ReceiveData                      0x0800431c   Section        0  stm32f4xx_usart.o(i.USART_ReceiveData)
    i.UsageFault_Handler                     0x08004326   Section        0  stm32f4xx_it.o(i.UsageFault_Handler)
    i.WWDG_ClearFlag                         0x0800432c   Section        0  stm32f4xx_wwdg.o(i.WWDG_ClearFlag)
    i.WWDG_GetFlagStatus                     0x08004338   Section        0  stm32f4xx_wwdg.o(i.WWDG_GetFlagStatus)
    i.WWDG_IRQHandler                        0x0800434c   Section        0  wwdg.o(i.WWDG_IRQHandler)
    i.WWDG_SetCounter                        0x08004360   Section        0  stm32f4xx_wwdg.o(i.WWDG_SetCounter)
    i._sys_exit                              0x08004370   Section        0  usart.o(i._sys_exit)
    i.delay_init                             0x08004374   Section        0  delay.o(i.delay_init)
    i.fputc                                  0x080043e4   Section        0  usart.o(i.fputc)
    i.main                                   0x08004400   Section        0  main.o(i.main)
    i.task1                                  0x080044ac   Section        0  main.o(i.task1)
    i.task2                                  0x08004500   Section        0  main.o(i.task2)
    i.uart_init                              0x080045cc   Section        0  usart.o(i.uart_init)
    x$fpl$fpinit                             0x08004680   Section       10  fpinit.o(x$fpl$fpinit)
    $v0                                      0x08004680   Number         0  fpinit.o(x$fpl$fpinit)
    .constdata                               0x0800468c   Section      164  os_cfg_app.o(.constdata)
    .constdata                               0x08004730   Section      364  os_dbg.o(.constdata)
    .data                                    0x20000000   Section       16  stm32f4xx_rcc.o(.data)
    APBAHBPrescTable                         0x20000000   Data          16  stm32f4xx_rcc.o(.data)
    .data                                    0x20000010   Section       12  rtc.o(.data)
    RTC_WakeUpFlag                           0x20000010   Data           4  rtc.o(.data)
    .data                                    0x2000001c   Section        4  delay.o(.data)
    fac_us                                   0x2000001c   Data           1  delay.o(.data)
    fac_ms                                   0x2000001e   Data           2  delay.o(.data)
    .data                                    0x20000020   Section        6  usart.o(.data)
    .data                                    0x20000028   Section        8  os_prio.o(.data)
    .data                                    0x20000030   Section      168  os_var.o(.data)
    .data                                    0x200000d8   Section        4  os_cpu_c.o(.data)
    .bss                                     0x200000dc   Section      200  usart.o(.bss)
    .bss                                     0x200001a4   Section     1416  main.o(.bss)
    .bss                                     0x2000072c   Section     4752  os_cfg_app.o(.bss)
    .bss                                     0x200019bc   Section     1564  os_var.o(.bss)
    .bss                                     0x20001fd8   Section       96  libspace.o(.bss)
    HEAP                                     0x20002038   Section     8192  startup_stm32f40_41xxx.o(HEAP)
    Heap_Mem                                 0x20002038   Data        8192  startup_stm32f40_41xxx.o(HEAP)
    STACK                                    0x20004038   Section    16384  startup_stm32f40_41xxx.o(STACK)
    Stack_Mem                                0x20004038   Data       16384  startup_stm32f40_41xxx.o(STACK)
    __initial_sp                             0x20008038   Data           0  startup_stm32f40_41xxx.o(STACK)

    Global Symbols

    Symbol Name                              Value     Ov Type        Size  Object(Section)

    BuildAttributes$$THM_ISAv4$E$P$D$K$B$S$7EM$VFPi3$EXTD16$VFPS$VFMA$PE$A:L22UL41UL21$X:L11$S22US41US21$IEEE1$IW$USESV6$~STKCKD$USESV7$~SHL$OSPACE$ROPI$EBA8$UX$STANDARDLIB$REQ8$PRES8$EABIv2 0x00000000   Number         0  anon$$obj.o ABSOLUTE
    __ARM_use_no_argv                        0x00000000   Number         0  main.o ABSOLUTE
    __ARM_exceptions_init                     - Undefined Weak Reference
    __alloca_initialize                       - Undefined Weak Reference
    __arm_preinit_                            - Undefined Weak Reference
    __cpp_initialize__aeabi_                  - Undefined Weak Reference
    __cxa_finalize                            - Undefined Weak Reference
    __rt_locale                               - Undefined Weak Reference
    __sigvec_lookup                           - Undefined Weak Reference
    _atexit_init                              - Undefined Weak Reference
    _call_atexit_fns                          - Undefined Weak Reference
    _clock_init                               - Undefined Weak Reference
    _fp_trap_init                             - Undefined Weak Reference
    _fp_trap_shutdown                         - Undefined Weak Reference
    _get_lc_collate                           - Undefined Weak Reference
    _get_lc_ctype                             - Undefined Weak Reference
    _get_lc_monetary                          - Undefined Weak Reference
    _get_lc_numeric                           - Undefined Weak Reference
    _get_lc_time                              - Undefined Weak Reference
    _getenv_init                              - Undefined Weak Reference
    _handle_redirection                       - Undefined Weak Reference
    _init_alloc                               - Undefined Weak Reference
    _init_user_alloc                          - Undefined Weak Reference
    _initio                                   - Undefined Weak Reference
    _mutex_acquire                            - Undefined Weak Reference
    _mutex_release                            - Undefined Weak Reference
    _rand_init                                - Undefined Weak Reference
    _signal_finish                            - Undefined Weak Reference
    _signal_init                              - Undefined Weak Reference
    _terminate_alloc                          - Undefined Weak Reference
    _terminate_user_alloc                     - Undefined Weak Reference
    _terminateio                              - Undefined Weak Reference
    __Vectors_Size                           0x00000188   Number         0  startup_stm32f40_41xxx.o ABSOLUTE
    __Vectors                                0x08000000   Data           4  startup_stm32f40_41xxx.o(RESET)
    __Vectors_End                            0x08000188   Data           0  startup_stm32f40_41xxx.o(RESET)
    __main                                   0x08000189   Thumb Code     8  __main.o(!!!main)
    __scatterload                            0x08000191   Thumb Code     0  __scatter.o(!!!scatter)
    __scatterload_rt2                        0x08000191   Thumb Code    44  __scatter.o(!!!scatter)
    __scatterload_rt2_thumb_only             0x08000191   Thumb Code     0  __scatter.o(!!!scatter)
    __scatterload_null                       0x0800019f   Thumb Code     0  __scatter.o(!!!scatter)
    __scatterload_copy                       0x080001c5   Thumb Code    26  __scatter_copy.o(!!handler_copy)
    __scatterload_zeroinit                   0x080001e1   Thumb Code    28  __scatter_zi.o(!!handler_zi)
    __rt_lib_init                            0x080001fd   Thumb Code     0  libinit.o(.ARM.Collect$$libinit$$00000000)
    __rt_lib_init_fp_1                       0x080001ff   Thumb Code     0  libinit2.o(.ARM.Collect$$libinit$$00000001)
    __rt_lib_init_alloca_1                   0x08000203   Thumb Code     0  libinit2.o(.ARM.Collect$$libinit$$0000002E)
    __rt_lib_init_argv_1                     0x08000203   Thumb Code     0  libinit2.o(.ARM.Collect$$libinit$$0000002C)
    __rt_lib_init_atexit_1                   0x08000203   Thumb Code     0  libinit2.o(.ARM.Collect$$libinit$$0000001B)
    __rt_lib_init_clock_1                    0x08000203   Thumb Code     0  libinit2.o(.ARM.Collect$$libinit$$00000021)
    __rt_lib_init_cpp_1                      0x08000203   Thumb Code     0  libinit2.o(.ARM.Collect$$libinit$$00000032)
    __rt_lib_init_exceptions_1               0x08000203   Thumb Code     0  libinit2.o(.ARM.Collect$$libinit$$00000030)
    __rt_lib_init_fp_trap_1                  0x08000203   Thumb Code     0  libinit2.o(.ARM.Collect$$libinit$$0000001F)
    __rt_lib_init_getenv_1                   0x08000203   Thumb Code     0  libinit2.o(.ARM.Collect$$libinit$$00000023)
    __rt_lib_init_heap_1                     0x08000203   Thumb Code     0  libinit2.o(.ARM.Collect$$libinit$$0000000A)
    __rt_lib_init_lc_collate_1               0x08000203   Thumb Code     0  libinit2.o(.ARM.Collect$$libinit$$00000011)
    __rt_lib_init_lc_ctype_1                 0x08000203   Thumb Code     0  libinit2.o(.ARM.Collect$$libinit$$00000013)
    __rt_lib_init_lc_monetary_1              0x08000203   Thumb Code     0  libinit2.o(.ARM.Collect$$libinit$$00000015)
    __rt_lib_init_lc_numeric_1               0x08000203   Thumb Code     0  libinit2.o(.ARM.Collect$$libinit$$00000017)
    __rt_lib_init_lc_time_1                  0x08000203   Thumb Code     0  libinit2.o(.ARM.Collect$$libinit$$00000019)
    __rt_lib_init_preinit_1                  0x08000203   Thumb Code     0  libinit2.o(.ARM.Collect$$libinit$$00000004)
    __rt_lib_init_rand_1                     0x08000203   Thumb Code     0  libinit2.o(.ARM.Collect$$libinit$$0000000E)
    __rt_lib_init_return                     0x08000203   Thumb Code     0  libinit2.o(.ARM.Collect$$libinit$$00000033)
    __rt_lib_init_signal_1                   0x08000203   Thumb Code     0  libinit2.o(.ARM.Collect$$libinit$$0000001D)
    __rt_lib_init_stdio_1                    0x08000203   Thumb Code     0  libinit2.o(.ARM.Collect$$libinit$$00000025)
    __rt_lib_init_user_alloc_1               0x08000203   Thumb Code     0  libinit2.o(.ARM.Collect$$libinit$$0000000C)
    __rt_lib_shutdown                        0x08000205   Thumb Code     0  libshutdown.o(.ARM.Collect$$libshutdown$$00000000)
    __rt_lib_shutdown_cpp_1                  0x08000207   Thumb Code     0  libshutdown2.o(.ARM.Collect$$libshutdown$$00000002)
    __rt_lib_shutdown_fp_trap_1              0x08000207   Thumb Code     0  libshutdown2.o(.ARM.Collect$$libshutdown$$00000007)
    __rt_lib_shutdown_heap_1                 0x08000207   Thumb Code     0  libshutdown2.o(.ARM.Collect$$libshutdown$$0000000F)
    __rt_lib_shutdown_return                 0x08000207   Thumb Code     0  libshutdown2.o(.ARM.Collect$$libshutdown$$00000010)
    __rt_lib_shutdown_signal_1               0x08000207   Thumb Code     0  libshutdown2.o(.ARM.Collect$$libshutdown$$0000000A)
    __rt_lib_shutdown_stdio_1                0x08000207   Thumb Code     0  libshutdown2.o(.ARM.Collect$$libshutdown$$00000004)
    __rt_lib_shutdown_user_alloc_1           0x08000207   Thumb Code     0  libshutdown2.o(.ARM.Collect$$libshutdown$$0000000C)
    __rt_entry                               0x08000209   Thumb Code     0  __rtentry.o(.ARM.Collect$$rtentry$$00000000)
    __rt_entry_presh_1                       0x08000209   Thumb Code     0  __rtentry2.o(.ARM.Collect$$rtentry$$00000002)
    __rt_entry_sh                            0x08000209   Thumb Code     0  __rtentry4.o(.ARM.Collect$$rtentry$$00000004)
    __rt_entry_li                            0x0800020f   Thumb Code     0  __rtentry2.o(.ARM.Collect$$rtentry$$0000000A)
    __rt_entry_postsh_1                      0x0800020f   Thumb Code     0  __rtentry2.o(.ARM.Collect$$rtentry$$00000009)
    __rt_entry_main                          0x08000213   Thumb Code     0  __rtentry2.o(.ARM.Collect$$rtentry$$0000000D)
    __rt_entry_postli_1                      0x08000213   Thumb Code     0  __rtentry2.o(.ARM.Collect$$rtentry$$0000000C)
    __rt_exit                                0x0800021b   Thumb Code     0  rtexit.o(.ARM.Collect$$rtexit$$00000000)
    __rt_exit_ls                             0x0800021d   Thumb Code     0  rtexit2.o(.ARM.Collect$$rtexit$$00000003)
    __rt_exit_prels_1                        0x0800021d   Thumb Code     0  rtexit2.o(.ARM.Collect$$rtexit$$00000002)
    __rt_exit_exit                           0x08000221   Thumb Code     0  rtexit2.o(.ARM.Collect$$rtexit$$00000004)
    Reset_Handler                            0x08000229   Thumb Code     8  startup_stm32f40_41xxx.o(.text)
    ADC_IRQHandler                           0x08000243   Thumb Code     0  startup_stm32f40_41xxx.o(.text)
    CAN1_RX0_IRQHandler                      0x08000243   Thumb Code     0  startup_stm32f40_41xxx.o(.text)
    CAN1_RX1_IRQHandler                      0x08000243   Thumb Code     0  startup_stm32f40_41xxx.o(.text)
    CAN1_SCE_IRQHandler                      0x08000243   Thumb Code     0  startup_stm32f40_41xxx.o(.text)
    CAN1_TX_IRQHandler                       0x08000243   Thumb Code     0  startup_stm32f40_41xxx.o(.text)
    CAN2_RX0_IRQHandler                      0x08000243   Thumb Code     0  startup_stm32f40_41xxx.o(.text)
    CAN2_RX1_IRQHandler                      0x08000243   Thumb Code     0  startup_stm32f40_41xxx.o(.text)
    CAN2_SCE_IRQHandler                      0x08000243   Thumb Code     0  startup_stm32f40_41xxx.o(.text)
    CAN2_TX_IRQHandler                       0x08000243   Thumb Code     0  startup_stm32f40_41xxx.o(.text)
    CRYP_IRQHandler                          0x08000243   Thumb Code     0  startup_stm32f40_41xxx.o(.text)
    DCMI_IRQHandler                          0x08000243   Thumb Code     0  startup_stm32f40_41xxx.o(.text)
    DMA1_Stream0_IRQHandler                  0x08000243   Thumb Code     0  startup_stm32f40_41xxx.o(.text)
    DMA1_Stream1_IRQHandler                  0x08000243   Thumb Code     0  startup_stm32f40_41xxx.o(.text)
    DMA1_Stream2_IRQHandler                  0x08000243   Thumb Code     0  startup_stm32f40_41xxx.o(.text)
    DMA1_Stream3_IRQHandler                  0x08000243   Thumb Code     0  startup_stm32f40_41xxx.o(.text)
    DMA1_Stream4_IRQHandler                  0x08000243   Thumb Code     0  startup_stm32f40_41xxx.o(.text)
    DMA1_Stream5_IRQHandler                  0x08000243   Thumb Code     0  startup_stm32f40_41xxx.o(.text)
    DMA1_Stream6_IRQHandler                  0x08000243   Thumb Code     0  startup_stm32f40_41xxx.o(.text)
    DMA1_Stream7_IRQHandler                  0x08000243   Thumb Code     0  startup_stm32f40_41xxx.o(.text)
    DMA2_Stream0_IRQHandler                  0x08000243   Thumb Code     0  startup_stm32f40_41xxx.o(.text)
    DMA2_Stream1_IRQHandler                  0x08000243   Thumb Code     0  startup_stm32f40_41xxx.o(.text)
    DMA2_Stream2_IRQHandler                  0x08000243   Thumb Code     0  startup_stm32f40_41xxx.o(.text)
    DMA2_Stream3_IRQHandler                  0x08000243   Thumb Code     0  startup_stm32f40_41xxx.o(.text)
    DMA2_Stream4_IRQHandler                  0x08000243   Thumb Code     0  startup_stm32f40_41xxx.o(.text)
    DMA2_Stream5_IRQHandler                  0x08000243   Thumb Code     0  startup_stm32f40_41xxx.o(.text)
    DMA2_Stream6_IRQHandler                  0x08000243   Thumb Code     0  startup_stm32f40_41xxx.o(.text)
    DMA2_Stream7_IRQHandler                  0x08000243   Thumb Code     0  startup_stm32f40_41xxx.o(.text)
    ETH_IRQHandler                           0x08000243   Thumb Code     0  startup_stm32f40_41xxx.o(.text)
    ETH_WKUP_IRQHandler                      0x08000243   Thumb Code     0  startup_stm32f40_41xxx.o(.text)
    EXTI0_IRQHandler                         0x08000243   Thumb Code     0  startup_stm32f40_41xxx.o(.text)
    EXTI15_10_IRQHandler                     0x08000243   Thumb Code     0  startup_stm32f40_41xxx.o(.text)
    EXTI1_IRQHandler                         0x08000243   Thumb Code     0  startup_stm32f40_41xxx.o(.text)
    EXTI2_IRQHandler                         0x08000243   Thumb Code     0  startup_stm32f40_41xxx.o(.text)
    EXTI3_IRQHandler                         0x08000243   Thumb Code     0  startup_stm32f40_41xxx.o(.text)
    EXTI4_IRQHandler                         0x08000243   Thumb Code     0  startup_stm32f40_41xxx.o(.text)
    EXTI9_5_IRQHandler                       0x08000243   Thumb Code     0  startup_stm32f40_41xxx.o(.text)
    FLASH_IRQHandler                         0x08000243   Thumb Code     0  startup_stm32f40_41xxx.o(.text)
    FPU_IRQHandler                           0x08000243   Thumb Code     0  startup_stm32f40_41xxx.o(.text)
    FSMC_IRQHandler                          0x08000243   Thumb Code     0  startup_stm32f40_41xxx.o(.text)
    HASH_RNG_IRQHandler                      0x08000243   Thumb Code     0  startup_stm32f40_41xxx.o(.text)
    I2C1_ER_IRQHandler                       0x08000243   Thumb Code     0  startup_stm32f40_41xxx.o(.text)
    I2C1_EV_IRQHandler                       0x08000243   Thumb Code     0  startup_stm32f40_41xxx.o(.text)
    I2C2_ER_IRQHandler                       0x08000243   Thumb Code     0  startup_stm32f40_41xxx.o(.text)
    I2C2_EV_IRQHandler                       0x08000243   Thumb Code     0  startup_stm32f40_41xxx.o(.text)
    I2C3_ER_IRQHandler                       0x08000243   Thumb Code     0  startup_stm32f40_41xxx.o(.text)
    I2C3_EV_IRQHandler                       0x08000243   Thumb Code     0  startup_stm32f40_41xxx.o(.text)
    OTG_FS_IRQHandler                        0x08000243   Thumb Code     0  startup_stm32f40_41xxx.o(.text)
    OTG_FS_WKUP_IRQHandler                   0x08000243   Thumb Code     0  startup_stm32f40_41xxx.o(.text)
    OTG_HS_EP1_IN_IRQHandler                 0x08000243   Thumb Code     0  startup_stm32f40_41xxx.o(.text)
    OTG_HS_EP1_OUT_IRQHandler                0x08000243   Thumb Code     0  startup_stm32f40_41xxx.o(.text)
    OTG_HS_IRQHandler                        0x08000243   Thumb Code     0  startup_stm32f40_41xxx.o(.text)
    OTG_HS_WKUP_IRQHandler                   0x08000243   Thumb Code     0  startup_stm32f40_41xxx.o(.text)
    PVD_IRQHandler                           0x08000243   Thumb Code     0  startup_stm32f40_41xxx.o(.text)
    RCC_IRQHandler                           0x08000243   Thumb Code     0  startup_stm32f40_41xxx.o(.text)
    RTC_Alarm_IRQHandler                     0x08000243   Thumb Code     0  startup_stm32f40_41xxx.o(.text)
    SDIO_IRQHandler                          0x08000243   Thumb Code     0  startup_stm32f40_41xxx.o(.text)
    SPI1_IRQHandler                          0x08000243   Thumb Code     0  startup_stm32f40_41xxx.o(.text)
    SPI2_IRQHandler                          0x08000243   Thumb Code     0  startup_stm32f40_41xxx.o(.text)
    SPI3_IRQHandler                          0x08000243   Thumb Code     0  startup_stm32f40_41xxx.o(.text)
    TAMP_STAMP_IRQHandler                    0x08000243   Thumb Code     0  startup_stm32f40_41xxx.o(.text)
    TIM1_BRK_TIM9_IRQHandler                 0x08000243   Thumb Code     0  startup_stm32f40_41xxx.o(.text)
    TIM1_CC_IRQHandler                       0x08000243   Thumb Code     0  startup_stm32f40_41xxx.o(.text)
    TIM1_TRG_COM_TIM11_IRQHandler            0x08000243   Thumb Code     0  startup_stm32f40_41xxx.o(.text)
    TIM1_UP_TIM10_IRQHandler                 0x08000243   Thumb Code     0  startup_stm32f40_41xxx.o(.text)
    TIM2_IRQHandler                          0x08000243   Thumb Code     0  startup_stm32f40_41xxx.o(.text)
    TIM3_IRQHandler                          0x08000243   Thumb Code     0  startup_stm32f40_41xxx.o(.text)
    TIM4_IRQHandler                          0x08000243   Thumb Code     0  startup_stm32f40_41xxx.o(.text)
    TIM5_IRQHandler                          0x08000243   Thumb Code     0  startup_stm32f40_41xxx.o(.text)
    TIM6_DAC_IRQHandler                      0x08000243   Thumb Code     0  startup_stm32f40_41xxx.o(.text)
    TIM7_IRQHandler                          0x08000243   Thumb Code     0  startup_stm32f40_41xxx.o(.text)
    TIM8_BRK_TIM12_IRQHandler                0x08000243   Thumb Code     0  startup_stm32f40_41xxx.o(.text)
    TIM8_CC_IRQHandler                       0x08000243   Thumb Code     0  startup_stm32f40_41xxx.o(.text)
    TIM8_TRG_COM_TIM14_IRQHandler            0x08000243   Thumb Code     0  startup_stm32f40_41xxx.o(.text)
    TIM8_UP_TIM13_IRQHandler                 0x08000243   Thumb Code     0  startup_stm32f40_41xxx.o(.text)
    UART4_IRQHandler                         0x08000243   Thumb Code     0  startup_stm32f40_41xxx.o(.text)
    UART5_IRQHandler                         0x08000243   Thumb Code     0  startup_stm32f40_41xxx.o(.text)
    USART2_IRQHandler                        0x08000243   Thumb Code     0  startup_stm32f40_41xxx.o(.text)
    USART3_IRQHandler                        0x08000243   Thumb Code     0  startup_stm32f40_41xxx.o(.text)
    USART6_IRQHandler                        0x08000243   Thumb Code     0  startup_stm32f40_41xxx.o(.text)
    __user_initial_stackheap                 0x08000245   Thumb Code     0  startup_stm32f40_41xxx.o(.text)
    CPU_IntDis                               0x08000269   Thumb Code     0  cpu_a.o(.text)
    CPU_IntEn                                0x0800026d   Thumb Code     0  cpu_a.o(.text)
    CPU_SR_Save                              0x08000271   Thumb Code     0  cpu_a.o(.text)
    CPU_SR_Restore                           0x08000279   Thumb Code     0  cpu_a.o(.text)
    CPU_WaitForInt                           0x0800027f   Thumb Code     0  cpu_a.o(.text)
    CPU_WaitForExcept                        0x08000283   Thumb Code     0  cpu_a.o(.text)
    CPU_CntLeadZeros                         0x08000287   Thumb Code     0  cpu_a.o(.text)
    CPU_CntTrailZeros                        0x0800028d   Thumb Code     0  cpu_a.o(.text)
    CPU_RevBits                              0x08000297   Thumb Code     0  cpu_a.o(.text)
    __use_no_semihosting                     0x0800029d   Thumb Code     2  use_no_semi_2.o(.text)
    __2printf                                0x080002a1   Thumb Code    20  noretval__2printf.o(.text)
    __use_two_region_memory                  0x080002b9   Thumb Code     2  heapauxi.o(.text)
    __rt_heap_escrow$2region                 0x080002bb   Thumb Code     2  heapauxi.o(.text)
    __rt_heap_expand$2region                 0x080002bd   Thumb Code     2  heapauxi.o(.text)
    __I$use$semihosting                      0x080002bf   Thumb Code     0  use_no_semi.o(.text)
    __use_no_semihosting_swi                 0x080002bf   Thumb Code     2  use_no_semi.o(.text)
    _printf_char_file                        0x080002c1   Thumb Code    32  _printf_char_file.o(.text)
    _printf_char_common                      0x080002ef   Thumb Code    32  _printf_char_common.o(.text)
    ferror                                   0x08000315   Thumb Code     8  ferror.o(.text)
    __user_setup_stackheap                   0x0800031d   Thumb Code    74  sys_stackheap_outer.o(.text)
    __printf                                 0x08000367   Thumb Code    40  __printf_nopercent.o(.text)
    exit                                     0x0800038f   Thumb Code    18  exit.o(.text)
    __user_libspace                          0x080003a1   Thumb Code     8  libspace.o(.text)
    __user_perproc_libspace                  0x080003a1   Thumb Code     0  libspace.o(.text)
    __user_perthread_libspace                0x080003a1   Thumb Code     0  libspace.o(.text)
    OSStartHighRdy                           0x080003a9   Thumb Code     0  os_cpu_a.o(CODE)
    OSCtxSw                                  0x080003cb   Thumb Code     0  os_cpu_a.o(CODE)
    OSIntCtxSw                               0x080003d5   Thumb Code     0  os_cpu_a.o(CODE)
    PendSV_Handler                           0x080003df   Thumb Code     0  os_cpu_a.o(CODE)
    BusFault_Handler                         0x08000455   Thumb Code     4  stm32f4xx_it.o(i.BusFault_Handler)
    CPU_TS_TmrRd                             0x08000459   Thumb Code     6  bsp.o(i.CPU_TS_TmrRd)
    DebugMon_Handler                         0x08000465   Thumb Code     2  stm32f4xx_it.o(i.DebugMon_Handler)
    EXTI_ClearITPendingBit                   0x08000469   Thumb Code     6  stm32f4xx_exti.o(i.EXTI_ClearITPendingBit)
    GPIO_Init                                0x08000475   Thumb Code   144  stm32f4xx_gpio.o(i.GPIO_Init)
    GPIO_PinAFConfig                         0x08000505   Thumb Code    70  stm32f4xx_gpio.o(i.GPIO_PinAFConfig)
    HardFault_Handler                        0x0800054b   Thumb Code     4  stm32f4xx_it.o(i.HardFault_Handler)
    MemManage_Handler                        0x0800054f   Thumb Code     4  stm32f4xx_it.o(i.MemManage_Handler)
    NMI_Handler                              0x08000553   Thumb Code     2  stm32f4xx_it.o(i.NMI_Handler)
    NVIC_Init                                0x08000555   Thumb Code   106  misc.o(i.NVIC_Init)
    NVIC_PriorityGroupConfig                 0x080005cd   Thumb Code    10  misc.o(i.NVIC_PriorityGroupConfig)
    OSCfg_Init                               0x080005e1   Thumb Code    74  os_cfg_app.o(i.OSCfg_Init)
    OSIdleTaskHook                           0x080006b9   Thumb Code    16  os_cpu_c.o(i.OSIdleTaskHook)
    OSInit                                   0x080006cd   Thumb Code   270  os_core.o(i.OSInit)
    OSInitHook                               0x08000831   Thumb Code    28  os_cpu_c.o(i.OSInitHook)
    OSIntEnter                               0x08000859   Thumb Code    34  os_core.o(i.OSIntEnter)
    OSIntExit                                0x08000885   Thumb Code   188  os_core.o(i.OSIntExit)
    OSSched                                  0x08000961   Thumb Code   130  os_core.o(i.OSSched)
    OSSchedLock                              0x08000a01   Thumb Code   104  os_core.o(i.OSSchedLock)
    OSSchedUnlock                            0x08000a75   Thumb Code   136  os_core.o(i.OSSchedUnlock)
    OSStart                                  0x08000b09   Thumb Code    78  os_core.o(i.OSStart)
    OSTaskCreate                             0x08000b71   Thumb Code   550  os_task.o(i.OSTaskCreate)
    OSTaskCreateHook                         0x08000db9   Thumb Code    20  os_cpu_c.o(i.OSTaskCreateHook)
    OSTaskDel                                0x08000dd1   Thumb Code   424  os_task.o(i.OSTaskDel)
    OSTaskDelHook                            0x08000f95   Thumb Code    20  os_cpu_c.o(i.OSTaskDelHook)
    OSTaskReturnHook                         0x08000fad   Thumb Code    20  os_cpu_c.o(i.OSTaskReturnHook)
    OSTaskSemPend                            0x08000fc5   Thumb Code   520  os_task.o(i.OSTaskSemPend)
    OSTaskStkInit                            0x080011d9   Thumb Code   600  os_cpu_c.o(i.OSTaskStkInit)
    OSTaskSwHook                             0x08001435   Thumb Code   120  os_cpu_c.o(i.OSTaskSwHook)
    OSTimeDlyHMSM                            0x080014bd   Thumb Code   480  os_time.o(i.OSTimeDlyHMSM)
    OSTimeTick                               0x080016ad   Thumb Code    54  os_time.o(i.OSTimeTick)
    OSTimeTickHook                           0x080016f1   Thumb Code    16  os_cpu_c.o(i.OSTimeTickHook)
    OS_Dbg_Init                              0x08001705   Thumb Code   146  os_dbg.o(i.OS_Dbg_Init)
    OS_FlagInit                              0x080018b5   Thumb Code    14  os_flag.o(i.OS_FlagInit)
    OS_FlagPost                              0x080018cd   Thumb Code   552  os_flag.o(i.OS_FlagPost)
    OS_FlagTaskRdy                           0x08001afd   Thumb Code    86  os_flag.o(i.OS_FlagTaskRdy)
    OS_IdleTask                              0x08001b55   Thumb Code    50  os_core.o(i.OS_IdleTask)
    OS_IdleTaskInit                          0x08001b8d   Thumb Code    66  os_core.o(i.OS_IdleTaskInit)
    OS_IntQPost                              0x08001bfd   Thumb Code   216  os_int.o(i.OS_IntQPost)
    OS_IntQRePost                            0x08001cf9   Thumb Code   342  os_int.o(i.OS_IntQRePost)
    OS_IntQTask                              0x08001e85   Thumb Code   162  os_int.o(i.OS_IntQTask)
    OS_IntQTaskInit                          0x08001f39   Thumb Code   206  os_int.o(i.OS_IntQTaskInit)
    OS_MemInit                               0x08002061   Thumb Code    14  os_mem.o(i.OS_MemInit)
    OS_MsgPoolCreate                         0x08002079   Thumb Code    54  os_msg.o(i.OS_MsgPoolCreate)
    OS_MsgPoolInit                           0x080020b1   Thumb Code    70  os_msg.o(i.OS_MsgPoolInit)
    OS_MsgQFreeAll                           0x08002105   Thumb Code    62  os_msg.o(i.OS_MsgQFreeAll)
    OS_MsgQInit                              0x08002149   Thumb Code    14  os_msg.o(i.OS_MsgQInit)
    OS_MsgQPut                               0x08002159   Thumb Code   246  os_msg.o(i.OS_MsgQPut)
    OS_MutexInit                             0x08002255   Thumb Code    14  os_mutex.o(i.OS_MutexInit)
    OS_Pend                                  0x0800226d   Thumb Code    98  os_core.o(i.OS_Pend)
    OS_PendDataInit                          0x080022d5   Thumb Code    38  os_core.o(i.OS_PendDataInit)
    OS_PendDbgNameAdd                        0x080022fd   Thumb Code    66  os_core.o(i.OS_PendDbgNameAdd)
    OS_PendDbgNameRemove                     0x08002359   Thumb Code    30  os_core.o(i.OS_PendDbgNameRemove)
    OS_PendListInsertPrio                    0x0800237d   Thumb Code   102  os_core.o(i.OS_PendListInsertPrio)
    OS_PendListRemove                        0x080023e3   Thumb Code    48  os_core.o(i.OS_PendListRemove)
    OS_PendListRemove1                       0x08002413   Thumb Code    66  os_core.o(i.OS_PendListRemove1)
    OS_Post                                  0x08002455   Thumb Code   192  os_core.o(i.OS_Post)
    OS_Post1                                 0x08002515   Thumb Code    42  os_core.o(i.OS_Post1)
    OS_PrioGetHighest                        0x08002541   Thumb Code    36  os_prio.o(i.OS_PrioGetHighest)
    OS_PrioInit                              0x08002569   Thumb Code    20  os_prio.o(i.OS_PrioInit)
    OS_PrioInsert                            0x08002581   Thumb Code    32  os_prio.o(i.OS_PrioInsert)
    OS_PrioRemove                            0x080025a5   Thumb Code    32  os_prio.o(i.OS_PrioRemove)
    OS_QInit                                 0x080025c9   Thumb Code    14  os_q.o(i.OS_QInit)
    OS_QPost                                 0x080025e1   Thumb Code   324  os_q.o(i.OS_QPost)
    OS_RdyListInit                           0x0800272d   Thumb Code    32  os_core.o(i.OS_RdyListInit)
    OS_RdyListInsert                         0x08002751   Thumb Code    40  os_core.o(i.OS_RdyListInsert)
    OS_RdyListInsertHead                     0x0800277d   Thumb Code    58  os_core.o(i.OS_RdyListInsertHead)
    OS_RdyListInsertTail                     0x080027bd   Thumb Code    56  os_core.o(i.OS_RdyListInsertTail)
    OS_RdyListRemove                         0x080027f9   Thumb Code    86  os_core.o(i.OS_RdyListRemove)
    OS_Sched0                                0x08002855   Thumb Code    68  os_core.o(i.OS_Sched0)
    OS_SchedLockTimeMeasStart                0x080028a9   Thumb Code    20  os_core.o(i.OS_SchedLockTimeMeasStart)
    OS_SchedLockTimeMeasStop                 0x080028c5   Thumb Code    44  os_core.o(i.OS_SchedLockTimeMeasStop)
    OS_SemInit                               0x08002901   Thumb Code    14  os_sem.o(i.OS_SemInit)
    OS_SemPost                               0x08002919   Thumb Code   350  os_sem.o(i.OS_SemPost)
    OS_TaskBlock                             0x08002a7d   Thumb Code    56  os_core.o(i.OS_TaskBlock)
    OS_TaskDbgListAdd                        0x08002ab5   Thumb Code    42  os_task.o(i.OS_TaskDbgListAdd)
    OS_TaskDbgListRemove                     0x08002ae5   Thumb Code    64  os_task.o(i.OS_TaskDbgListRemove)
    OS_TaskInit                              0x08002b29   Thumb Code    18  os_task.o(i.OS_TaskInit)
    OS_TaskInitTCB                           0x08002b49   Thumb Code   186  os_task.o(i.OS_TaskInitTCB)
    OS_TaskQPost                             0x08002c11   Thumb Code   510  os_task.o(i.OS_TaskQPost)
    OS_TaskRdy                               0x08002e1d   Thumb Code    28  os_core.o(i.OS_TaskRdy)
    OS_TaskResume                            0x08002e39   Thumb Code   314  os_task.o(i.OS_TaskResume)
    OS_TaskReturn                            0x08002f79   Thumb Code    20  os_task.o(i.OS_TaskReturn)
    OS_TaskSemPost                           0x08002f91   Thumb Code  1210  os_task.o(i.OS_TaskSemPost)
    OS_TaskSuspend                           0x08003455   Thumb Code   328  os_task.o(i.OS_TaskSuspend)
    OS_TickListInit                          0x080035a5   Thumb Code    32  os_tick.o(i.OS_TickListInit)
    OS_TickListInsert                        0x080035cd   Thumb Code   430  os_tick.o(i.OS_TickListInsert)
    OS_TickListRemove                        0x08003789   Thumb Code    56  os_tick.o(i.OS_TickListRemove)
    OS_TickListUpdate                        0x080037c1   Thumb Code   480  os_tick.o(i.OS_TickListUpdate)
    OS_TickTask                              0x080039b9   Thumb Code    38  os_tick.o(i.OS_TickTask)
    OS_TickTaskInit                          0x080039e5   Thumb Code   128  os_tick.o(i.OS_TickTaskInit)
    OS_TmrInit                               0x08003a9d   Thumb Code   206  os_tmr.o(i.OS_TmrInit)
    OS_TmrLink                               0x08003bc5   Thumb Code   196  os_tmr.o(i.OS_TmrLink)
    OS_TmrTask                               0x08003c95   Thumb Code   176  os_tmr.o(i.OS_TmrTask)
    OS_TmrUnlink                             0x08003d55   Thumb Code    72  os_tmr.o(i.OS_TmrUnlink)
    RCC_AHB1PeriphClockCmd                   0x08003da5   Thumb Code    26  stm32f4xx_rcc.o(i.RCC_AHB1PeriphClockCmd)
    RCC_APB2PeriphClockCmd                   0x08003dc5   Thumb Code    26  stm32f4xx_rcc.o(i.RCC_APB2PeriphClockCmd)
    RCC_GetClocksFreq                        0x08003de5   Thumb Code   214  stm32f4xx_rcc.o(i.RCC_GetClocksFreq)
    RTC_ClearITPendingBit                    0x08003ecd   Thumb Code    28  stm32f4xx_rtc.o(i.RTC_ClearITPendingBit)
    RTC_GetITStatus                          0x08003eed   Thumb Code    58  stm32f4xx_rtc.o(i.RTC_GetITStatus)
    RTC_WKUP_IRQHandler                      0x08003f2d   Thumb Code    34  rtc.o(i.RTC_WKUP_IRQHandler)
    SVC_Handler                              0x08003f55   Thumb Code     2  stm32f4xx_it.o(i.SVC_Handler)
    SysTick_CLKSourceConfig                  0x08004045   Thumb Code    40  misc.o(i.SysTick_CLKSourceConfig)
    SysTick_Handler                          0x0800406d   Thumb Code    24  delay.o(i.SysTick_Handler)
    SystemInit                               0x08004089   Thumb Code    88  system_stm32f4xx.o(i.SystemInit)
    USART1_IRQHandler                        0x080040f1   Thumb Code   130  usart.o(i.USART1_IRQHandler)
    USART_ClearFlag                          0x08004181   Thumb Code    18  stm32f4xx_usart.o(i.USART_ClearFlag)
    USART_Cmd                                0x08004193   Thumb Code    24  stm32f4xx_usart.o(i.USART_Cmd)
    USART_GetITStatus                        0x080041ab   Thumb Code    84  stm32f4xx_usart.o(i.USART_GetITStatus)
    USART_ITConfig                           0x080041ff   Thumb Code    74  stm32f4xx_usart.o(i.USART_ITConfig)
    USART_Init                               0x08004249   Thumb Code   204  stm32f4xx_usart.o(i.USART_Init)
    USART_ReceiveData                        0x0800431d   Thumb Code    10  stm32f4xx_usart.o(i.USART_ReceiveData)
    UsageFault_Handler                       0x08004327   Thumb Code     4  stm32f4xx_it.o(i.UsageFault_Handler)
    WWDG_ClearFlag                           0x0800432d   Thumb Code     8  stm32f4xx_wwdg.o(i.WWDG_ClearFlag)
    WWDG_GetFlagStatus                       0x08004339   Thumb Code    16  stm32f4xx_wwdg.o(i.WWDG_GetFlagStatus)
    WWDG_IRQHandler                          0x0800434d   Thumb Code    20  wwdg.o(i.WWDG_IRQHandler)
    WWDG_SetCounter                          0x08004361   Thumb Code    10  stm32f4xx_wwdg.o(i.WWDG_SetCounter)
    _sys_exit                                0x08004371   Thumb Code     4  usart.o(i._sys_exit)
    delay_init                               0x08004375   Thumb Code    94  delay.o(i.delay_init)
    fputc                                    0x080043e5   Thumb Code    22  usart.o(i.fputc)
    main                                     0x08004401   Thumb Code   132  main.o(i.main)
    task1                                    0x080044ad   Thumb Code    36  main.o(i.task1)
    task2                                    0x08004501   Thumb Code   170  main.o(i.task2)
    uart_init                                0x080045cd   Thumb Code   172  usart.o(i.uart_init)
    _fp_init                                 0x08004681   Thumb Code    10  fpinit.o(x$fpl$fpinit)
    __fplib_config_fpu_vfp                   0x08004689   Thumb Code     0  fpinit.o(x$fpl$fpinit)
    __fplib_config_pureend_doubles           0x08004689   Thumb Code     0  fpinit.o(x$fpl$fpinit)
    OSCfg_IdleTaskStkBasePtr                 0x0800468c   Data           4  os_cfg_app.o(.constdata)
    OSCfg_IdleTaskStkLimit                   0x08004690   Data           4  os_cfg_app.o(.constdata)
    OSCfg_IdleTaskStkSize                    0x08004694   Data           4  os_cfg_app.o(.constdata)
    OSCfg_IdleTaskStkSizeRAM                 0x08004698   Data           4  os_cfg_app.o(.constdata)
    OSCfg_IntQBasePtr                        0x0800469c   Data           4  os_cfg_app.o(.constdata)
    OSCfg_IntQSize                           0x080046a0   Data           2  os_cfg_app.o(.constdata)
    OSCfg_IntQSizeRAM                        0x080046a4   Data           4  os_cfg_app.o(.constdata)
    OSCfg_IntQTaskStkBasePtr                 0x080046a8   Data           4  os_cfg_app.o(.constdata)
    OSCfg_IntQTaskStkLimit                   0x080046ac   Data           4  os_cfg_app.o(.constdata)
    OSCfg_IntQTaskStkSize                    0x080046b0   Data           4  os_cfg_app.o(.constdata)
    OSCfg_IntQTaskStkSizeRAM                 0x080046b4   Data           4  os_cfg_app.o(.constdata)
    OSCfg_ISRStkBasePtr                      0x080046b8   Data           4  os_cfg_app.o(.constdata)
    OSCfg_ISRStkSize                         0x080046bc   Data           4  os_cfg_app.o(.constdata)
    OSCfg_ISRStkSizeRAM                      0x080046c0   Data           4  os_cfg_app.o(.constdata)
    OSCfg_MsgPoolSize                        0x080046c4   Data           2  os_cfg_app.o(.constdata)
    OSCfg_MsgPoolSizeRAM                     0x080046c8   Data           4  os_cfg_app.o(.constdata)
    OSCfg_MsgPoolBasePtr                     0x080046cc   Data           4  os_cfg_app.o(.constdata)
    OSCfg_StatTaskPrio                       0x080046d0   Data           1  os_cfg_app.o(.constdata)
    OSCfg_StatTaskRate_Hz                    0x080046d4   Data           4  os_cfg_app.o(.constdata)
    OSCfg_StatTaskStkBasePtr                 0x080046d8   Data           4  os_cfg_app.o(.constdata)
    OSCfg_StatTaskStkLimit                   0x080046dc   Data           4  os_cfg_app.o(.constdata)
    OSCfg_StatTaskStkSize                    0x080046e0   Data           4  os_cfg_app.o(.constdata)
    OSCfg_StatTaskStkSizeRAM                 0x080046e4   Data           4  os_cfg_app.o(.constdata)
    OSCfg_StkSizeMin                         0x080046e8   Data           4  os_cfg_app.o(.constdata)
    OSCfg_TickRate_Hz                        0x080046ec   Data           4  os_cfg_app.o(.constdata)
    OSCfg_TickTaskPrio                       0x080046f0   Data           1  os_cfg_app.o(.constdata)
    OSCfg_TickTaskStkBasePtr                 0x080046f4   Data           4  os_cfg_app.o(.constdata)
    OSCfg_TickTaskStkLimit                   0x080046f8   Data           4  os_cfg_app.o(.constdata)
    OSCfg_TickTaskStkSize                    0x080046fc   Data           4  os_cfg_app.o(.constdata)
    OSCfg_TickTaskStkSizeRAM                 0x08004700   Data           4  os_cfg_app.o(.constdata)
    OSCfg_TickWheelSize                      0x08004704   Data           2  os_cfg_app.o(.constdata)
    OSCfg_TickWheelSizeRAM                   0x08004708   Data           4  os_cfg_app.o(.constdata)
    OSCfg_TmrTaskPrio                        0x0800470c   Data           1  os_cfg_app.o(.constdata)
    OSCfg_TmrTaskRate_Hz                     0x08004710   Data           4  os_cfg_app.o(.constdata)
    OSCfg_TmrTaskStkBasePtr                  0x08004714   Data           4  os_cfg_app.o(.constdata)
    OSCfg_TmrTaskStkLimit                    0x08004718   Data           4  os_cfg_app.o(.constdata)
    OSCfg_TmrTaskStkSize                     0x0800471c   Data           4  os_cfg_app.o(.constdata)
    OSCfg_TmrTaskStkSizeRAM                  0x08004720   Data           4  os_cfg_app.o(.constdata)
    OSCfg_TmrWheelSize                       0x08004724   Data           2  os_cfg_app.o(.constdata)
    OSCfg_TmrWheelSizeRAM                    0x08004728   Data           4  os_cfg_app.o(.constdata)
    OSCfg_DataSizeRAM                        0x0800472c   Data           4  os_cfg_app.o(.constdata)
    OSDbg_DbgEn                              0x08004730   Data           2  os_dbg.o(.constdata)
    OSDbg_ArgChkEn                           0x08004732   Data           1  os_dbg.o(.constdata)
    OSDbg_AppHooksEn                         0x08004733   Data           1  os_dbg.o(.constdata)
    OSDbg_EndiannessTest                     0x08004734   Data           4  os_dbg.o(.constdata)
    OSDbg_CalledFromISRChkEn                 0x08004738   Data           1  os_dbg.o(.constdata)
    OSDbg_FlagEn                             0x08004739   Data           1  os_dbg.o(.constdata)
    OSDbg_FlagGrp                            0x0800473c   Data          40  os_dbg.o(.constdata)
    OSDbg_FlagDelEn                          0x08004764   Data           1  os_dbg.o(.constdata)
    OSDbg_FlagModeClrEn                      0x08004765   Data           1  os_dbg.o(.constdata)
    OSDbg_FlagPendAbortEn                    0x08004766   Data           1  os_dbg.o(.constdata)
    OSDbg_FlagGrpSize                        0x08004768   Data           2  os_dbg.o(.constdata)
    OSDbg_FlagWidth                          0x0800476a   Data           2  os_dbg.o(.constdata)
    OSDbg_IntQ                               0x0800476c   Data           2  os_dbg.o(.constdata)
    OSDbg_ISRPostDeferredEn                  0x0800476e   Data           1  os_dbg.o(.constdata)
    OSDbg_Mem                                0x08004770   Data          32  os_dbg.o(.constdata)
    OSDbg_MemEn                              0x08004790   Data           1  os_dbg.o(.constdata)
    OSDbg_MemSize                            0x08004792   Data           2  os_dbg.o(.constdata)
    OSDbg_MsgEn                              0x08004794   Data           1  os_dbg.o(.constdata)
    OSDbg_MsgSize                            0x08004796   Data           2  os_dbg.o(.constdata)
    OSDbg_MsgPoolSize                        0x08004798   Data           2  os_dbg.o(.constdata)
    OSDbg_MsgQSize                           0x0800479a   Data           2  os_dbg.o(.constdata)
    OSDbg_Mutex                              0x0800479c   Data          44  os_dbg.o(.constdata)
    OSDbg_MutexEn                            0x080047c8   Data           1  os_dbg.o(.constdata)
    OSDbg_MutexDelEn                         0x080047c9   Data           1  os_dbg.o(.constdata)
    OSDbg_MutexPendAbortEn                   0x080047ca   Data           1  os_dbg.o(.constdata)
    OSDbg_MutexSize                          0x080047cc   Data           2  os_dbg.o(.constdata)
    OSDbg_ObjTypeChkEn                       0x080047ce   Data           1  os_dbg.o(.constdata)
    OSDbg_PendMultiEn                        0x080047cf   Data           1  os_dbg.o(.constdata)
    OSDbg_PendDataSize                       0x080047d0   Data           2  os_dbg.o(.constdata)
    OSDbg_PendListSize                       0x080047d2   Data           2  os_dbg.o(.constdata)
    OSDbg_PendObjSize                        0x080047d4   Data           2  os_dbg.o(.constdata)
    OSDbg_PrioMax                            0x080047d6   Data           2  os_dbg.o(.constdata)
    OSDbg_PrioTblSize                        0x080047d8   Data           2  os_dbg.o(.constdata)
    OSDbg_PtrSize                            0x080047da   Data           2  os_dbg.o(.constdata)
    OSDbg_Q                                  0x080047dc   Data          48  os_dbg.o(.constdata)
    OSDbg_QEn                                0x0800480c   Data           1  os_dbg.o(.constdata)
    OSDbg_QDelEn                             0x0800480d   Data           1  os_dbg.o(.constdata)
    OSDbg_QFlushEn                           0x0800480e   Data           1  os_dbg.o(.constdata)
    OSDbg_QPendAbortEn                       0x0800480f   Data           1  os_dbg.o(.constdata)
    OSDbg_QSize                              0x08004810   Data           2  os_dbg.o(.constdata)
    OSDbg_SchedRoundRobinEn                  0x08004812   Data           1  os_dbg.o(.constdata)
    OSDbg_Sem                                0x08004814   Data          40  os_dbg.o(.constdata)
    OSDbg_SemEn                              0x0800483c   Data           1  os_dbg.o(.constdata)
    OSDbg_SemDelEn                           0x0800483d   Data           1  os_dbg.o(.constdata)
    OSDbg_SemPendAbortEn                     0x0800483e   Data           1  os_dbg.o(.constdata)
    OSDbg_SemSetEn                           0x0800483f   Data           1  os_dbg.o(.constdata)
    OSDbg_SemSize                            0x08004840   Data           2  os_dbg.o(.constdata)
    OSDbg_RdyList                            0x08004842   Data           2  os_dbg.o(.constdata)
    OSDbg_RdyListSize                        0x08004844   Data           4  os_dbg.o(.constdata)
    OSDbg_StkWidth                           0x08004848   Data           1  os_dbg.o(.constdata)
    OSDbg_StatTaskEn                         0x08004849   Data           1  os_dbg.o(.constdata)
    OSDbg_StatTaskStkChkEn                   0x0800484a   Data           1  os_dbg.o(.constdata)
    OSDbg_TaskChangePrioEn                   0x0800484b   Data           1  os_dbg.o(.constdata)
    OSDbg_TaskDelEn                          0x0800484c   Data           1  os_dbg.o(.constdata)
    OSDbg_TaskQEn                            0x0800484d   Data           1  os_dbg.o(.constdata)
    OSDbg_TaskQPendAbortEn                   0x0800484e   Data           1  os_dbg.o(.constdata)
    OSDbg_TaskProfileEn                      0x0800484f   Data           1  os_dbg.o(.constdata)
    OSDbg_TaskRegTblSize                     0x08004850   Data           2  os_dbg.o(.constdata)
    OSDbg_TaskSemPendAbortEn                 0x08004852   Data           1  os_dbg.o(.constdata)
    OSDbg_TaskSuspendEn                      0x08004853   Data           1  os_dbg.o(.constdata)
    OSDbg_TCBSize                            0x08004854   Data           2  os_dbg.o(.constdata)
    OSDbg_TickSpokeSize                      0x08004856   Data           2  os_dbg.o(.constdata)
    OSDbg_TimeDlyHMSMEn                      0x08004858   Data           1  os_dbg.o(.constdata)
    OSDbg_TimeDlyResumeEn                    0x08004859   Data           1  os_dbg.o(.constdata)
    OSDbg_TLS_TblSize                        0x0800485a   Data           2  os_dbg.o(.constdata)
    OSDbg_Tmr                                0x0800485c   Data          52  os_dbg.o(.constdata)
    OSDbg_TmrEn                              0x08004890   Data           1  os_dbg.o(.constdata)
    OSDbg_TmrDelEn                           0x08004891   Data           1  os_dbg.o(.constdata)
    OSDbg_TmrSize                            0x08004892   Data           2  os_dbg.o(.constdata)
    OSDbg_TmrSpokeSize                       0x08004894   Data           2  os_dbg.o(.constdata)
    OSDbg_VersionNbr                         0x08004896   Data           2  os_dbg.o(.constdata)
    OSDbg_DataSize                           0x08004898   Data           4  os_dbg.o(.constdata)
    Region$$Table$$Base                      0x0800489c   Number         0  anon$$obj.o(Region$$Table)
    Region$$Table$$Limit                     0x080048bc   Number         0  anon$$obj.o(Region$$Table)
    RTC_DateStructure                        0x20000014   Data           4  rtc.o(.data)
    RTC_TimeStructure                        0x20000018   Data           4  rtc.o(.data)
    __stdout                                 0x20000020   Data           4  usart.o(.data)
    USART_RX_STA                             0x20000024   Data           2  usart.o(.data)
    OSPrioTbl                                0x20000028   Data           8  os_prio.o(.data)
    OS_AppTaskCreateHookPtr                  0x20000030   Data           4  os_var.o(.data)
    OS_AppTaskDelHookPtr                     0x20000034   Data           4  os_var.o(.data)
    OS_AppTaskReturnHookPtr                  0x20000038   Data           4  os_var.o(.data)
    OS_AppIdleTaskHookPtr                    0x2000003c   Data           4  os_var.o(.data)
    OS_AppStatTaskHookPtr                    0x20000040   Data           4  os_var.o(.data)
    OS_AppTaskSwHookPtr                      0x20000044   Data           4  os_var.o(.data)
    OS_AppTimeTickHookPtr                    0x20000048   Data           4  os_var.o(.data)
    OSIdleTaskCtr                            0x2000004c   Data           4  os_var.o(.data)
    OSIntNestingCtr                          0x20000050   Data           1  os_var.o(.data)
    OSRunning                                0x20000051   Data           1  os_var.o(.data)
    OSIntQInPtr                              0x20000054   Data           4  os_var.o(.data)
    OSIntQOutPtr                             0x20000058   Data           4  os_var.o(.data)
    OSIntQNbrEntries                         0x2000005c   Data           2  os_var.o(.data)
    OSIntQNbrEntriesMax                      0x2000005e   Data           2  os_var.o(.data)
    OSIntQOvfCtr                             0x20000060   Data           2  os_var.o(.data)
    OSIntQTaskTimeMax                        0x20000064   Data           4  os_var.o(.data)
    OSFlagDbgListPtr                         0x20000068   Data           4  os_var.o(.data)
    OSFlagQty                                0x2000006c   Data           2  os_var.o(.data)
    OSMemDbgListPtr                          0x20000070   Data           4  os_var.o(.data)
    OSMemQty                                 0x20000074   Data           2  os_var.o(.data)
    OSMutexDbgListPtr                        0x20000078   Data           4  os_var.o(.data)
    OSMutexQty                               0x2000007c   Data           2  os_var.o(.data)
    OSPrioCur                                0x2000007e   Data           1  os_var.o(.data)
    OSPrioHighRdy                            0x2000007f   Data           1  os_var.o(.data)
    OSPrioSaved                              0x20000080   Data           1  os_var.o(.data)
    OSQDbgListPtr                            0x20000084   Data           4  os_var.o(.data)
    OSQQty                                   0x20000088   Data           2  os_var.o(.data)
    OSSchedLockTimeBegin                     0x2000008c   Data           4  os_var.o(.data)
    OSSchedLockTimeMax                       0x20000090   Data           4  os_var.o(.data)
    OSSchedLockTimeMaxCur                    0x20000094   Data           4  os_var.o(.data)
    OSSchedLockNestingCtr                    0x20000098   Data           1  os_var.o(.data)
    OSSemDbgListPtr                          0x2000009c   Data           4  os_var.o(.data)
    OSSemQty                                 0x200000a0   Data           2  os_var.o(.data)
    OSTaskCtxSwCtr                           0x200000a4   Data           4  os_var.o(.data)
    OSTaskDbgListPtr                         0x200000a8   Data           4  os_var.o(.data)
    OSTaskQty                                0x200000ac   Data           2  os_var.o(.data)
    OSTaskRegNextAvailID                     0x200000ae   Data           1  os_var.o(.data)
    OSTickCtr                                0x200000b0   Data           4  os_var.o(.data)
    OSTickTaskTimeMax                        0x200000b4   Data           4  os_var.o(.data)
    OSTmrDbgListPtr                          0x200000b8   Data           4  os_var.o(.data)
    OSTmrQty                                 0x200000bc   Data           2  os_var.o(.data)
    OSTmrTaskTimeMax                         0x200000c0   Data           4  os_var.o(.data)
    OSTmrTickCtr                             0x200000c4   Data           4  os_var.o(.data)
    OSTmrUpdateCnt                           0x200000c8   Data           4  os_var.o(.data)
    OSTmrUpdateCtr                           0x200000cc   Data           4  os_var.o(.data)
    OSTCBCurPtr                              0x200000d0   Data           4  os_var.o(.data)
    OSTCBHighRdyPtr                          0x200000d4   Data           4  os_var.o(.data)
    OS_CPU_ExceptStkBase                     0x200000d8   Data           4  os_cpu_c.o(.data)
    USART_RX_BUF                             0x200000dc   Data         200  usart.o(.bss)
    Task1_TCB                                0x200001a4   Data         196  main.o(.bss)
    task1_stk                                0x20000268   Data         512  main.o(.bss)
    Task2_TCB                                0x20000468   Data         196  main.o(.bss)
    task2_stk                                0x2000052c   Data         512  main.o(.bss)
    OSCfg_IdleTaskStk                        0x2000072c   Data         512  os_cfg_app.o(.bss)
    OSCfg_IntQ                               0x2000092c   Data         320  os_cfg_app.o(.bss)
    OSCfg_IntQTaskStk                        0x20000a6c   Data         512  os_cfg_app.o(.bss)
    OSCfg_ISRStk                             0x20000c6c   Data         512  os_cfg_app.o(.bss)
    OSCfg_MsgPool                            0x20000e6c   Data        1600  os_cfg_app.o(.bss)
    OSCfg_TickTaskStk                        0x200014ac   Data         512  os_cfg_app.o(.bss)
    OSCfg_TickWheel                          0x200016ac   Data         136  os_cfg_app.o(.bss)
    OSCfg_TmrTaskStk                         0x20001734   Data         512  os_cfg_app.o(.bss)
    OSCfg_TmrWheel                           0x20001934   Data         136  os_cfg_app.o(.bss)
    OSIdleTaskTCB                            0x200019bc   Data         196  os_var.o(.bss)
    OSIntQTaskTCB                            0x20001a80   Data         196  os_var.o(.bss)
    OSMsgPool                                0x20001b44   Data          12  os_var.o(.bss)
    OSRdyList                                0x20001b50   Data         768  os_var.o(.bss)
    OSTickTaskTCB                            0x20001e50   Data         196  os_var.o(.bss)
    OSTmrTaskTCB                             0x20001f14   Data         196  os_var.o(.bss)
    __libspace_start                         0x20001fd8   Data          96  libspace.o(.bss)
    __temporary_stack_top$libspace           0x20002038   Data           0  libspace.o(.bss)



==============================================================================

Memory Map of the image

  Image Entry point : 0x08000189

  Load Region LR_IROM1 (Base: 0x08000000, Size: 0x00004998, Max: 0x00080000, ABSOLUTE)

    Execution Region ER_IROM1 (Exec base: 0x08000000, Load base: 0x08000000, Size: 0x000048bc, Max: 0x00080000, ABSOLUTE)

    Exec Addr    Load Addr    Size         Type   Attr      Idx    E Section Name        Object

    0x08000000   0x08000000   0x00000188   Data   RO            3    RESET               startup_stm32f40_41xxx.o
    0x08000188   0x08000188   0x00000008   Code   RO         5513  * !!!main             c_w.l(__main.o)
    0x08000190   0x08000190   0x00000034   Code   RO         5688    !!!scatter          c_w.l(__scatter.o)
    0x080001c4   0x080001c4   0x0000001a   Code   RO         5690    !!handler_copy      c_w.l(__scatter_copy.o)
    0x080001de   0x080001de   0x00000002   PAD
    0x080001e0   0x080001e0   0x0000001c   Code   RO         5692    !!handler_zi        c_w.l(__scatter_zi.o)
    0x080001fc   0x080001fc   0x00000002   Code   RO         5562    .ARM.Collect$$libinit$$00000000  c_w.l(libinit.o)
    0x080001fe   0x080001fe   0x00000004   Code   RO         5574    .ARM.Collect$$libinit$$00000001  c_w.l(libinit2.o)
    0x08000202   0x08000202   0x00000000   Code   RO         5577    .ARM.Collect$$libinit$$00000004  c_w.l(libinit2.o)
    0x08000202   0x08000202   0x00000000   Code   RO         5580    .ARM.Collect$$libinit$$0000000A  c_w.l(libinit2.o)
    0x08000202   0x08000202   0x00000000   Code   RO         5582    .ARM.Collect$$libinit$$0000000C  c_w.l(libinit2.o)
    0x08000202   0x08000202   0x00000000   Code   RO         5584    .ARM.Collect$$libinit$$0000000E  c_w.l(libinit2.o)
    0x08000202   0x08000202   0x00000000   Code   RO         5587    .ARM.Collect$$libinit$$00000011  c_w.l(libinit2.o)
    0x08000202   0x08000202   0x00000000   Code   RO         5589    .ARM.Collect$$libinit$$00000013  c_w.l(libinit2.o)
    0x08000202   0x08000202   0x00000000   Code   RO         5591    .ARM.Collect$$libinit$$00000015  c_w.l(libinit2.o)
    0x08000202   0x08000202   0x00000000   Code   RO         5593    .ARM.Collect$$libinit$$00000017  c_w.l(libinit2.o)
    0x08000202   0x08000202   0x00000000   Code   RO         5595    .ARM.Collect$$libinit$$00000019  c_w.l(libinit2.o)
    0x08000202   0x08000202   0x00000000   Code   RO         5597    .ARM.Collect$$libinit$$0000001B  c_w.l(libinit2.o)
    0x08000202   0x08000202   0x00000000   Code   RO         5599    .ARM.Collect$$libinit$$0000001D  c_w.l(libinit2.o)
    0x08000202   0x08000202   0x00000000   Code   RO         5601    .ARM.Collect$$libinit$$0000001F  c_w.l(libinit2.o)
    0x08000202   0x08000202   0x00000000   Code   RO         5603    .ARM.Collect$$libinit$$00000021  c_w.l(libinit2.o)
    0x08000202   0x08000202   0x00000000   Code   RO         5605    .ARM.Collect$$libinit$$00000023  c_w.l(libinit2.o)
    0x08000202   0x08000202   0x00000000   Code   RO         5607    .ARM.Collect$$libinit$$00000025  c_w.l(libinit2.o)
    0x08000202   0x08000202   0x00000000   Code   RO         5611    .ARM.Collect$$libinit$$0000002C  c_w.l(libinit2.o)
    0x08000202   0x08000202   0x00000000   Code   RO         5613    .ARM.Collect$$libinit$$0000002E  c_w.l(libinit2.o)
    0x08000202   0x08000202   0x00000000   Code   RO         5615    .ARM.Collect$$libinit$$00000030  c_w.l(libinit2.o)
    0x08000202   0x08000202   0x00000000   Code   RO         5617    .ARM.Collect$$libinit$$00000032  c_w.l(libinit2.o)
    0x08000202   0x08000202   0x00000002   Code   RO         5618    .ARM.Collect$$libinit$$00000033  c_w.l(libinit2.o)
    0x08000204   0x08000204   0x00000002   Code   RO         5644    .ARM.Collect$$libshutdown$$00000000  c_w.l(libshutdown.o)
    0x08000206   0x08000206   0x00000000   Code   RO         5671    .ARM.Collect$$libshutdown$$00000002  c_w.l(libshutdown2.o)
    0x08000206   0x08000206   0x00000000   Code   RO         5673    .ARM.Collect$$libshutdown$$00000004  c_w.l(libshutdown2.o)
    0x08000206   0x08000206   0x00000000   Code   RO         5676    .ARM.Collect$$libshutdown$$00000007  c_w.l(libshutdown2.o)
    0x08000206   0x08000206   0x00000000   Code   RO         5679    .ARM.Collect$$libshutdown$$0000000A  c_w.l(libshutdown2.o)
    0x08000206   0x08000206   0x00000000   Code   RO         5681    .ARM.Collect$$libshutdown$$0000000C  c_w.l(libshutdown2.o)
    0x08000206   0x08000206   0x00000000   Code   RO         5684    .ARM.Collect$$libshutdown$$0000000F  c_w.l(libshutdown2.o)
    0x08000206   0x08000206   0x00000002   Code   RO         5685    .ARM.Collect$$libshutdown$$00000010  c_w.l(libshutdown2.o)
    0x08000208   0x08000208   0x00000000   Code   RO         5517    .ARM.Collect$$rtentry$$00000000  c_w.l(__rtentry.o)
    0x08000208   0x08000208   0x00000000   Code   RO         5525    .ARM.Collect$$rtentry$$00000002  c_w.l(__rtentry2.o)
    0x08000208   0x08000208   0x00000006   Code   RO         5537    .ARM.Collect$$rtentry$$00000004  c_w.l(__rtentry4.o)
    0x0800020e   0x0800020e   0x00000000   Code   RO         5527    .ARM.Collect$$rtentry$$00000009  c_w.l(__rtentry2.o)
    0x0800020e   0x0800020e   0x00000004   Code   RO         5528    .ARM.Collect$$rtentry$$0000000A  c_w.l(__rtentry2.o)
    0x08000212   0x08000212   0x00000000   Code   RO         5530    .ARM.Collect$$rtentry$$0000000C  c_w.l(__rtentry2.o)
    0x08000212   0x08000212   0x00000008   Code   RO         5531    .ARM.Collect$$rtentry$$0000000D  c_w.l(__rtentry2.o)
    0x0800021a   0x0800021a   0x00000002   Code   RO         5566    .ARM.Collect$$rtexit$$00000000  c_w.l(rtexit.o)
    0x0800021c   0x0800021c   0x00000000   Code   RO         5620    .ARM.Collect$$rtexit$$00000002  c_w.l(rtexit2.o)
    0x0800021c   0x0800021c   0x00000004   Code   RO         5621    .ARM.Collect$$rtexit$$00000003  c_w.l(rtexit2.o)
    0x08000220   0x08000220   0x00000006   Code   RO         5622    .ARM.Collect$$rtexit$$00000004  c_w.l(rtexit2.o)
    0x08000226   0x08000226   0x00000002   PAD
    0x08000228   0x08000228   0x00000040   Code   RO            4    .text               startup_stm32f40_41xxx.o
    0x08000268   0x08000268   0x00000034   Code   RO         5040    .text               cpu_a.o
    0x0800029c   0x0800029c   0x00000002   Code   RO         5503    .text               c_w.l(use_no_semi_2.o)
    0x0800029e   0x0800029e   0x00000002   PAD
    0x080002a0   0x080002a0   0x00000018   Code   RO         5509    .text               c_w.l(noretval__2printf.o)
    0x080002b8   0x080002b8   0x00000006   Code   RO         5511    .text               c_w.l(heapauxi.o)
    0x080002be   0x080002be   0x00000002   Code   RO         5515    .text               c_w.l(use_no_semi.o)
    0x080002c0   0x080002c0   0x00000024   Code   RO         5522    .text               c_w.l(_printf_char_file.o)
    0x080002e4   0x080002e4   0x00000030   Code   RO         5541    .text               c_w.l(_printf_char_common.o)
    0x08000314   0x08000314   0x00000008   Code   RO         5543    .text               c_w.l(ferror.o)
    0x0800031c   0x0800031c   0x0000004a   Code   RO         5547    .text               c_w.l(sys_stackheap_outer.o)
    0x08000366   0x08000366   0x00000028   Code   RO         5549    .text               c_w.l(__printf_nopercent.o)
    0x0800038e   0x0800038e   0x00000012   Code   RO         5551    .text               c_w.l(exit.o)
    0x080003a0   0x080003a0   0x00000008   Code   RO         5563    .text               c_w.l(libspace.o)
    0x080003a8   0x080003a8   0x000000ac   Code   RO         4750    CODE                os_cpu_a.o
    0x08000454   0x08000454   0x00000004   Code   RO         3585    i.BusFault_Handler  stm32f4xx_it.o
    0x08000458   0x08000458   0x0000000c   Code   RO         3647    i.CPU_TS_TmrRd      bsp.o
    0x08000464   0x08000464   0x00000002   Code   RO         3586    i.DebugMon_Handler  stm32f4xx_it.o
    0x08000466   0x08000466   0x00000002   PAD
    0x08000468   0x08000468   0x0000000c   Code   RO          594    i.EXTI_ClearITPendingBit  stm32f4xx_exti.o
    0x08000474   0x08000474   0x00000090   Code   RO          162    i.GPIO_Init         stm32f4xx_gpio.o
    0x08000504   0x08000504   0x00000046   Code   RO          163    i.GPIO_PinAFConfig  stm32f4xx_gpio.o
    0x0800054a   0x0800054a   0x00000004   Code   RO         3587    i.HardFault_Handler  stm32f4xx_it.o
    0x0800054e   0x0800054e   0x00000004   Code   RO         3588    i.MemManage_Handler  stm32f4xx_it.o
    0x08000552   0x08000552   0x00000002   Code   RO         3589    i.NMI_Handler       stm32f4xx_it.o
    0x08000554   0x08000554   0x00000078   Code   RO           12    i.NVIC_Init         misc.o
    0x080005cc   0x080005cc   0x00000014   Code   RO           13    i.NVIC_PriorityGroupConfig  misc.o
    0x080005e0   0x080005e0   0x000000d8   Code   RO         3683    i.OSCfg_Init        os_cfg_app.o
    0x080006b8   0x080006b8   0x00000014   Code   RO         4755    i.OSIdleTaskHook    os_cpu_c.o
    0x080006cc   0x080006cc   0x00000164   Code   RO         3706    i.OSInit            os_core.o
    0x08000830   0x08000830   0x00000028   Code   RO         4756    i.OSInitHook        os_cpu_c.o
    0x08000858   0x08000858   0x0000002c   Code   RO         3707    i.OSIntEnter        os_core.o
    0x08000884   0x08000884   0x000000dc   Code   RO         3708    i.OSIntExit         os_core.o
    0x08000960   0x08000960   0x000000a0   Code   RO         3709    i.OSSched           os_core.o
    0x08000a00   0x08000a00   0x00000074   Code   RO         3710    i.OSSchedLock       os_core.o
    0x08000a74   0x08000a74   0x00000094   Code   RO         3711    i.OSSchedUnlock     os_core.o
    0x08000b08   0x08000b08   0x00000068   Code   RO         3712    i.OSStart           os_core.o
    0x08000b70   0x08000b70   0x00000248   Code   RO         4395    i.OSTaskCreate      os_task.o
    0x08000db8   0x08000db8   0x00000018   Code   RO         4758    i.OSTaskCreateHook  os_cpu_c.o
    0x08000dd0   0x08000dd0   0x000001c4   Code   RO         4396    i.OSTaskDel         os_task.o
    0x08000f94   0x08000f94   0x00000018   Code   RO         4759    i.OSTaskDelHook     os_cpu_c.o
    0x08000fac   0x08000fac   0x00000018   Code   RO         4760    i.OSTaskReturnHook  os_cpu_c.o
    0x08000fc4   0x08000fc4   0x00000214   Code   RO         4405    i.OSTaskSemPend     os_task.o
    0x080011d8   0x080011d8   0x0000025c   Code   RO         4761    i.OSTaskStkInit     os_cpu_c.o
    0x08001434   0x08001434   0x00000088   Code   RO         4762    i.OSTaskSwHook      os_cpu_c.o
    0x080014bc   0x080014bc   0x000001f0   Code   RO         4605    i.OSTimeDlyHMSM     os_time.o
    0x080016ac   0x080016ac   0x00000044   Code   RO         4609    i.OSTimeTick        os_time.o
    0x080016f0   0x080016f0   0x00000014   Code   RO         4763    i.OSTimeTickHook    os_cpu_c.o
    0x08001704   0x08001704   0x000001b0   Code   RO         3934    i.OS_Dbg_Init       os_dbg.o
    0x080018b4   0x080018b4   0x00000018   Code   RO         3959    i.OS_FlagInit       os_flag.o
    0x080018cc   0x080018cc   0x00000230   Code   RO         3960    i.OS_FlagPost       os_flag.o
    0x08001afc   0x08001afc   0x00000056   Code   RO         3961    i.OS_FlagTaskRdy    os_flag.o
    0x08001b52   0x08001b52   0x00000002   PAD
    0x08001b54   0x08001b54   0x00000038   Code   RO         3714    i.OS_IdleTask       os_core.o
    0x08001b8c   0x08001b8c   0x00000070   Code   RO         3715    i.OS_IdleTaskInit   os_core.o
    0x08001bfc   0x08001bfc   0x000000fc   Code   RO         4033    i.OS_IntQPost       os_int.o
    0x08001cf8   0x08001cf8   0x0000018c   Code   RO         4034    i.OS_IntQRePost     os_int.o
    0x08001e84   0x08001e84   0x000000b4   Code   RO         4035    i.OS_IntQTask       os_int.o
    0x08001f38   0x08001f38   0x00000128   Code   RO         4036    i.OS_IntQTaskInit   os_int.o
    0x08002060   0x08002060   0x00000018   Code   RO         4067    i.OS_MemInit        os_mem.o
    0x08002078   0x08002078   0x00000036   Code   RO         4099    i.OS_MsgPoolCreate  os_msg.o
    0x080020ae   0x080020ae   0x00000002   PAD
    0x080020b0   0x080020b0   0x00000054   Code   RO         4100    i.OS_MsgPoolInit    os_msg.o
    0x08002104   0x08002104   0x00000044   Code   RO         4101    i.OS_MsgQFreeAll    os_msg.o
    0x08002148   0x08002148   0x0000000e   Code   RO         4103    i.OS_MsgQInit       os_msg.o
    0x08002156   0x08002156   0x00000002   PAD
    0x08002158   0x08002158   0x000000fc   Code   RO         4104    i.OS_MsgQPut        os_msg.o
    0x08002254   0x08002254   0x00000018   Code   RO         4149    i.OS_MutexInit      os_mutex.o
    0x0800226c   0x0800226c   0x00000068   Code   RO         3716    i.OS_Pend           os_core.o
    0x080022d4   0x080022d4   0x00000026   Code   RO         3719    i.OS_PendDataInit   os_core.o
    0x080022fa   0x080022fa   0x00000002   PAD
    0x080022fc   0x080022fc   0x0000005c   Code   RO         3720    i.OS_PendDbgNameAdd  os_core.o
    0x08002358   0x08002358   0x00000024   Code   RO         3721    i.OS_PendDbgNameRemove  os_core.o
    0x0800237c   0x0800237c   0x00000066   Code   RO         3725    i.OS_PendListInsertPrio  os_core.o
    0x080023e2   0x080023e2   0x00000030   Code   RO         3726    i.OS_PendListRemove  os_core.o
    0x08002412   0x08002412   0x00000042   Code   RO         3727    i.OS_PendListRemove1  os_core.o
    0x08002454   0x08002454   0x000000c0   Code   RO         3730    i.OS_Post           os_core.o
    0x08002514   0x08002514   0x0000002a   Code   RO         3731    i.OS_Post1          os_core.o
    0x0800253e   0x0800253e   0x00000002   PAD
    0x08002540   0x08002540   0x00000028   Code   RO         4207    i.OS_PrioGetHighest  os_prio.o
    0x08002568   0x08002568   0x00000018   Code   RO         4208    i.OS_PrioInit       os_prio.o
    0x08002580   0x08002580   0x00000024   Code   RO         4209    i.OS_PrioInsert     os_prio.o
    0x080025a4   0x080025a4   0x00000024   Code   RO         4210    i.OS_PrioRemove     os_prio.o
    0x080025c8   0x080025c8   0x00000018   Code   RO         4253    i.OS_QInit          os_q.o
    0x080025e0   0x080025e0   0x0000014c   Code   RO         4254    i.OS_QPost          os_q.o
    0x0800272c   0x0800272c   0x00000024   Code   RO         3732    i.OS_RdyListInit    os_core.o
    0x08002750   0x08002750   0x0000002c   Code   RO         3733    i.OS_RdyListInsert  os_core.o
    0x0800277c   0x0800277c   0x00000040   Code   RO         3734    i.OS_RdyListInsertHead  os_core.o
    0x080027bc   0x080027bc   0x0000003c   Code   RO         3735    i.OS_RdyListInsertTail  os_core.o
    0x080027f8   0x080027f8   0x0000005c   Code   RO         3737    i.OS_RdyListRemove  os_core.o
    0x08002854   0x08002854   0x00000054   Code   RO         3738    i.OS_Sched0         os_core.o
    0x080028a8   0x080028a8   0x0000001c   Code   RO         3739    i.OS_SchedLockTimeMeasStart  os_core.o
    0x080028c4   0x080028c4   0x0000003c   Code   RO         3740    i.OS_SchedLockTimeMeasStop  os_core.o
    0x08002900   0x08002900   0x00000018   Code   RO         4325    i.OS_SemInit        os_sem.o
    0x08002918   0x08002918   0x00000164   Code   RO         4326    i.OS_SemPost        os_sem.o
    0x08002a7c   0x08002a7c   0x00000038   Code   RO         3741    i.OS_TaskBlock      os_core.o
    0x08002ab4   0x08002ab4   0x00000030   Code   RO         4411    i.OS_TaskDbgListAdd  os_task.o
    0x08002ae4   0x08002ae4   0x00000044   Code   RO         4412    i.OS_TaskDbgListRemove  os_task.o
    0x08002b28   0x08002b28   0x00000020   Code   RO         4413    i.OS_TaskInit       os_task.o
    0x08002b48   0x08002b48   0x000000c8   Code   RO         4414    i.OS_TaskInitTCB    os_task.o
    0x08002c10   0x08002c10   0x0000020c   Code   RO         4415    i.OS_TaskQPost      os_task.o
    0x08002e1c   0x08002e1c   0x0000001c   Code   RO         3742    i.OS_TaskRdy        os_core.o
    0x08002e38   0x08002e38   0x00000140   Code   RO         4416    i.OS_TaskResume     os_task.o
    0x08002f78   0x08002f78   0x00000018   Code   RO         4417    i.OS_TaskReturn     os_task.o
    0x08002f90   0x08002f90   0x000004c4   Code   RO         4418    i.OS_TaskSemPost    os_task.o
    0x08003454   0x08003454   0x00000150   Code   RO         4419    i.OS_TaskSuspend    os_task.o
    0x080035a4   0x080035a4   0x00000028   Code   RO         4556    i.OS_TickListInit   os_tick.o
    0x080035cc   0x080035cc   0x000001bc   Code   RO         4557    i.OS_TickListInsert  os_tick.o
    0x08003788   0x08003788   0x00000038   Code   RO         4558    i.OS_TickListRemove  os_tick.o
    0x080037c0   0x080037c0   0x000001f8   Code   RO         4560    i.OS_TickListUpdate  os_tick.o
    0x080039b8   0x080039b8   0x0000002c   Code   RO         4561    i.OS_TickTask       os_tick.o
    0x080039e4   0x080039e4   0x000000b8   Code   RO         4562    i.OS_TickTaskInit   os_tick.o
    0x08003a9c   0x08003a9c   0x00000128   Code   RO         4655    i.OS_TmrInit        os_tmr.o
    0x08003bc4   0x08003bc4   0x000000d0   Code   RO         4656    i.OS_TmrLink        os_tmr.o
    0x08003c94   0x08003c94   0x000000c0   Code   RO         4658    i.OS_TmrTask        os_tmr.o
    0x08003d54   0x08003d54   0x00000050   Code   RO         4659    i.OS_TmrUnlink      os_tmr.o
    0x08003da4   0x08003da4   0x00000020   Code   RO          259    i.RCC_AHB1PeriphClockCmd  stm32f4xx_rcc.o
    0x08003dc4   0x08003dc4   0x00000020   Code   RO          271    i.RCC_APB2PeriphClockCmd  stm32f4xx_rcc.o
    0x08003de4   0x08003de4   0x000000e8   Code   RO          280    i.RCC_GetClocksFreq  stm32f4xx_rcc.o
    0x08003ecc   0x08003ecc   0x00000020   Code   RO         1020    i.RTC_ClearITPendingBit  stm32f4xx_rtc.o
    0x08003eec   0x08003eec   0x00000040   Code   RO         1032    i.RTC_GetITStatus   stm32f4xx_rtc.o
    0x08003f2c   0x08003f2c   0x00000028   Code   RO         2583    i.RTC_WKUP_IRQHandler  rtc.o
    0x08003f54   0x08003f54   0x00000002   Code   RO         3590    i.SVC_Handler       stm32f4xx_it.o
    0x08003f56   0x08003f56   0x00000002   PAD
    0x08003f58   0x08003f58   0x000000ec   Code   RO         3345    i.SetSysClock       system_stm32f4xx.o
    0x08004044   0x08004044   0x00000028   Code   RO           16    i.SysTick_CLKSourceConfig  misc.o
    0x0800406c   0x0800406c   0x0000001c   Code   RO         3146    i.SysTick_Handler   delay.o
    0x08004088   0x08004088   0x00000068   Code   RO         3347    i.SystemInit        system_stm32f4xx.o
    0x080040f0   0x080040f0   0x00000090   Code   RO         3296    i.USART1_IRQHandler  usart.o
    0x08004180   0x08004180   0x00000012   Code   RO          711    i.USART_ClearFlag   stm32f4xx_usart.o
    0x08004192   0x08004192   0x00000018   Code   RO          715    i.USART_Cmd         stm32f4xx_usart.o
    0x080041aa   0x080041aa   0x00000054   Code   RO          719    i.USART_GetITStatus  stm32f4xx_usart.o
    0x080041fe   0x080041fe   0x0000004a   Code   RO          721    i.USART_ITConfig    stm32f4xx_usart.o
    0x08004248   0x08004248   0x000000d4   Code   RO          722    i.USART_Init        stm32f4xx_usart.o
    0x0800431c   0x0800431c   0x0000000a   Code   RO          729    i.USART_ReceiveData  stm32f4xx_usart.o
    0x08004326   0x08004326   0x00000004   Code   RO         3591    i.UsageFault_Handler  stm32f4xx_it.o
    0x0800432a   0x0800432a   0x00000002   PAD
    0x0800432c   0x0800432c   0x0000000c   Code   RO          949    i.WWDG_ClearFlag    stm32f4xx_wwdg.o
    0x08004338   0x08004338   0x00000014   Code   RO          953    i.WWDG_GetFlagStatus  stm32f4xx_wwdg.o
    0x0800434c   0x0800434c   0x00000014   Code   RO         3110    i.WWDG_IRQHandler   wwdg.o
    0x08004360   0x08004360   0x00000010   Code   RO          954    i.WWDG_SetCounter   stm32f4xx_wwdg.o
    0x08004370   0x08004370   0x00000004   Code   RO         3297    i._sys_exit         usart.o
    0x08004374   0x08004374   0x00000070   Code   RO         3147    i.delay_init        delay.o
    0x080043e4   0x080043e4   0x0000001c   Code   RO         3298    i.fputc             usart.o
    0x08004400   0x08004400   0x000000ac   Code   RO         3382    i.main              main.o
    0x080044ac   0x080044ac   0x00000054   Code   RO         3383    i.task1             main.o
    0x08004500   0x08004500   0x000000cc   Code   RO         3384    i.task2             main.o
    0x080045cc   0x080045cc   0x000000b4   Code   RO         3299    i.uart_init         usart.o
    0x08004680   0x08004680   0x0000000a   Code   RO         5632    x$fpl$fpinit        fz_wm.l(fpinit.o)
    0x0800468a   0x0800468a   0x00000002   PAD
    0x0800468c   0x0800468c   0x000000a4   Data   RO         3685    .constdata          os_cfg_app.o
    0x08004730   0x08004730   0x0000016c   Data   RO         3935    .constdata          os_dbg.o
    0x0800489c   0x0800489c   0x00000020   Data   RO         5686    Region$$Table       anon$$obj.o


    Execution Region RW_IRAM2 (Exec base: 0x10000000, Load base: 0x08004998, Size: 0x00000000, Max: 0x00010000, ABSOLUTE)

    **** No section assigned to this execution region ****


    Execution Region RW_IRAM1 (Exec base: 0x20000000, Load base: 0x080048bc, Size: 0x00008038, Max: 0x00020000, ABSOLUTE)

    Exec Addr    Load Addr    Size         Type   Attr      Idx    E Section Name        Object

    0x20000000   0x080048bc   0x00000010   Data   RW          312    .data               stm32f4xx_rcc.o
    0x20000010   0x080048cc   0x0000000c   Data   RW         2584    .data               rtc.o
    0x2000001c   0x080048d8   0x00000004   Data   RW         3153    .data               delay.o
    0x20000020   0x080048dc   0x00000006   Data   RW         3301    .data               usart.o
    0x20000026   0x080048e2   0x00000002   PAD
    0x20000028   0x080048e4   0x00000008   Data   RW         4211    .data               os_prio.o
    0x20000030   0x080048ec   0x000000a8   Data   RW         4737    .data               os_var.o
    0x200000d8   0x08004994   0x00000004   Data   RW         4766    .data               os_cpu_c.o
    0x200000dc        -       0x000000c8   Zero   RW         3300    .bss                usart.o
    0x200001a4        -       0x00000588   Zero   RW         3385    .bss                main.o
    0x2000072c        -       0x00001290   Zero   RW         3684    .bss                os_cfg_app.o
    0x200019bc        -       0x0000061c   Zero   RW         4736    .bss                os_var.o
    0x20001fd8        -       0x00000060   Zero   RW         5564    .bss                c_w.l(libspace.o)
    0x20002038        -       0x00002000   Zero   RW            2    HEAP                startup_stm32f40_41xxx.o
    0x20004038        -       0x00004000   Zero   RW            1    STACK               startup_stm32f40_41xxx.o


==============================================================================

Image component sizes


      Code (inc. data)   RO Data    RW Data    ZI Data      Debug   Object Name

        12          6          0          0          0        531   bsp.o
        52          0          0          0          0        336   cpu_a.o
       140         22          0          4          0      30186   delay.o
       460        122          0          0       1416      30828   main.o
       180         24          0          0          0     279145   misc.o
       216        142        164          0       4752      20509   os_cfg_app.o
      2588        370          0          0          0      19865   os_core.o
       172         32          0          0          0        404   os_cpu_a.o
       892         52          0          4          0       6895   os_cpu_c.o
       432        286        364          0          0       4949   os_dbg.o
       670         26          0          0          0       3297   os_flag.o
      1124        198          0          0          0       3766   os_int.o
        24         10          0          0          0       1033   os_mem.o
       472         26          0          0          0       4076   os_msg.o
        24         10          0          0          0       1047   os_mutex.o
       136         16          0          8          0       3142   os_prio.o
       356         18          0          0          0       2362   os_q.o
       380         16          0          0          0       2398   os_sem.o
      4340        214          0          0          0      11630   os_task.o
      1272        116          0          0          0       5302   os_tick.o
       564         30          0          0          0       2433   os_time.o
       776        126          0          0          0       3926   os_tmr.o
         0          0          0        168       1564      18728   os_var.o
        40          6          0         12          0        868   rtc.o
        64         26        392          0      24576        876   startup_stm32f40_41xxx.o
        12          6          0          0          0        561   stm32f4xx_exti.o
       214          0          0          0          0       1963   stm32f4xx_gpio.o
        22          0          0          0          0       3263   stm32f4xx_it.o
       296         30          0         16          0       4262   stm32f4xx_rcc.o
        96         10          0          0          0       1282   stm32f4xx_rtc.o
       422          8          0          0          0       5132   stm32f4xx_usart.o
        48         14          0          0          0       1620   stm32f4xx_wwdg.o
       340         32          0          0          0       1709   system_stm32f4xx.o
       356         28          0          6        200       4488   usart.o
        20          0          0          0          0        510   wwdg.o

    ----------------------------------------------------------------------
     17228       2022        952        220      32508     483322   Object Totals
         0          0         32          0          0          0   (incl. Generated)
        16          0          0          2          0          0   (incl. Padding)

    ----------------------------------------------------------------------

      Code (inc. data)   RO Data    RW Data    ZI Data      Debug   Library Member Name

         8          0          0          0          0         68   __main.o
        40          0          0          0          0         84   __printf_nopercent.o
         0          0          0          0          0          0   __rtentry.o
        12          0          0          0          0          0   __rtentry2.o
         6          0          0          0          0          0   __rtentry4.o
        52          8          0          0          0          0   __scatter.o
        26          0          0          0          0          0   __scatter_copy.o
        28          0          0          0          0          0   __scatter_zi.o
        48          6          0          0          0         96   _printf_char_common.o
        36          4          0          0          0         80   _printf_char_file.o
        18          0          0          0          0         80   exit.o
         8          0          0          0          0         68   ferror.o
         6          0          0          0          0        152   heapauxi.o
         2          0          0          0          0          0   libinit.o
         6          0          0          0          0          0   libinit2.o
         2          0          0          0          0          0   libshutdown.o
         2          0          0          0          0          0   libshutdown2.o
         8          4          0          0         96         68   libspace.o
        24          4          0          0          0         84   noretval__2printf.o
         2          0          0          0          0          0   rtexit.o
        10          0          0          0          0          0   rtexit2.o
        74          0          0          0          0         80   sys_stackheap_outer.o
         2          0          0          0          0         68   use_no_semi.o
         2          0          0          0          0         68   use_no_semi_2.o
        10          0          0          0          0        116   fpinit.o

    ----------------------------------------------------------------------
       440         26          0          0         96       1112   Library Totals
         8          0          0          0          0          0   (incl. Padding)

    ----------------------------------------------------------------------

      Code (inc. data)   RO Data    RW Data    ZI Data      Debug   Library Name

       422         26          0          0         96        996   c_w.l
        10          0          0          0          0        116   fz_wm.l

    ----------------------------------------------------------------------
       440         26          0          0         96       1112   Library Totals

    ----------------------------------------------------------------------

==============================================================================


      Code (inc. data)   RO Data    RW Data    ZI Data      Debug   

     17668       2048        952        220      32604     472118   Grand Totals
     17668       2048        952        220      32604     472118   ELF Image Totals
     17668       2048        952        220          0          0   ROM Totals

==============================================================================

    Total RO  Size (Code + RO Data)                18620 (  18.18kB)
    Total RW  Size (RW Data + ZI Data)             32824 (  32.05kB)
    Total ROM Size (Code + RO Data + RW Data)      18840 (  18.40kB)

==============================================================================

