Component: ARM Compiler 5.06 update 6 (build 750) Tool: armlink [4d35ed]

==============================================================================

Section Cross References

    main.o(.text) refers to noretval__2printf.o(.text) for __2printf
    main.o(.text) refers to cpu_a.o(.text) for CPU_SR_Save
    main.o(.text) refers to os_core.o(.text) for OS_Sched0
    main.o(.text) refers to os_time.o(.text) for OSTimeDlyHMSM
    main.o(.text) refers to delay.o(.text) for delay_init
    main.o(.text) refers to misc.o(.text) for NVIC_PriorityGroupConfig
    main.o(.text) refers to usart.o(.text) for uart_init
    main.o(.text) refers to led.o(.text) for LED_Init
    main.o(.text) refers to os_task.o(.text) for OSTaskCreate
    main.o(.text) refers to os_var.o(.data) for OSSchedLockNestingCtr
    main.o(.text) refers to os_var.o(.data) for OSIntQNbrEntries
    main.o(.text) refers to main.o(.bss) for .bss
    system_stm32f4xx.o(.text) refers to system_stm32f4xx.o(.data) for .data
    led.o(.text) refers to stm32f4xx_rcc.o(.text) for RCC_AHB1PeriphClockCmd
    led.o(.text) refers to stm32f4xx_gpio.o(.text) for GPIO_Init
    startup_stm32f40_41xxx.o(STACK) refers (Special) to heapauxi.o(.text) for __use_two_region_memory
    startup_stm32f40_41xxx.o(HEAP) refers (Special) to heapauxi.o(.text) for __use_two_region_memory
    startup_stm32f40_41xxx.o(RESET) refers (Special) to heapauxi.o(.text) for __use_two_region_memory
    startup_stm32f40_41xxx.o(RESET) refers to startup_stm32f40_41xxx.o(STACK) for __initial_sp
    startup_stm32f40_41xxx.o(RESET) refers to startup_stm32f40_41xxx.o(.text) for Reset_Handler
    startup_stm32f40_41xxx.o(RESET) refers to stm32f4xx_it.o(.text) for NMI_Handler
    startup_stm32f40_41xxx.o(RESET) refers to os_cpu_a.o(CODE) for PendSV_Handler
    startup_stm32f40_41xxx.o(RESET) refers to delay.o(.text) for SysTick_Handler
    startup_stm32f40_41xxx.o(RESET) refers to usart.o(.text) for USART1_IRQHandler
    startup_stm32f40_41xxx.o(.text) refers (Special) to heapauxi.o(.text) for __use_two_region_memory
    startup_stm32f40_41xxx.o(.text) refers to system_stm32f4xx.o(.text) for SystemInit
    startup_stm32f40_41xxx.o(.text) refers to __main.o(!!!main) for __main
    startup_stm32f40_41xxx.o(.text) refers to startup_stm32f40_41xxx.o(HEAP) for Heap_Mem
    startup_stm32f40_41xxx.o(.text) refers to startup_stm32f40_41xxx.o(STACK) for Stack_Mem
    stm32f4xx_gpio.o(.text) refers to stm32f4xx_rcc.o(.text) for RCC_AHB1PeriphResetCmd
    stm32f4xx_rcc.o(.text) refers to stm32f4xx_rcc.o(.data) for .data
    stm32f4xx_syscfg.o(.text) refers to stm32f4xx_rcc.o(.text) for RCC_APB2PeriphResetCmd
    stm32f4xx_usart.o(.text) refers to stm32f4xx_rcc.o(.text) for RCC_APB2PeriphResetCmd
    stm32f4xx_fsmc.o(.text) refers to stm32f4xx_fsmc.o(.constdata) for .constdata
    stm32f4xx_tim.o(.text) refers to stm32f4xx_rcc.o(.text) for RCC_APB2PeriphResetCmd
    delay.o(.text) refers to os_core.o(.text) for OSSchedLock
    delay.o(.text) refers to os_time.o(.text) for OSTimeDly
    delay.o(.text) refers to misc.o(.text) for SysTick_CLKSourceConfig
    delay.o(.text) refers to os_var.o(.data) for OSRunning
    delay.o(.text) refers to delay.o(.data) for .data
    delay.o(.text) refers to os_cfg_app.o(.constdata) for OSCfg_TickRate_Hz
    delay.o(.text) refers to os_var.o(.data) for OSIntNestingCtr
    usart.o(.rev16_text) refers (Special) to use_no_semi_2.o(.text) for __use_no_semihosting
    usart.o(.revsh_text) refers (Special) to use_no_semi_2.o(.text) for __use_no_semihosting
    usart.o(.text) refers (Special) to use_no_semi_2.o(.text) for __use_no_semihosting
    usart.o(.text) refers to stm32f4xx_rcc.o(.text) for RCC_AHB1PeriphClockCmd
    usart.o(.text) refers to stm32f4xx_gpio.o(.text) for GPIO_PinAFConfig
    usart.o(.text) refers to stm32f4xx_usart.o(.text) for USART_Init
    usart.o(.text) refers to misc.o(.text) for NVIC_Init
    usart.o(.text) refers to os_core.o(.text) for OSIntEnter
    usart.o(.text) refers to usart.o(.data) for .data
    usart.o(.text) refers to usart.o(.bss) for .bss
    usart.o(.bss) refers (Special) to use_no_semi_2.o(.text) for __use_no_semihosting
    usart.o(.data) refers (Special) to use_no_semi_2.o(.text) for __use_no_semihosting
    usart.o(.data) refers (Special) to use_no_semi_2.o(.text) for __use_no_semihosting
    bsp.o(.text) refers to stm32f4xx_rcc.o(.text) for RCC_GetClocksFreq
    bsp.o(.text) refers to cpu_core.o(.text) for CPU_TS_TmrFreqSet
    bsp.o(.text) refers to lludivv7m.o(.text) for __aeabi_uldivmod
    cpu_c.o(.text) refers to cpu_a.o(.text) for CPU_SR_Save
    cpu_core.o(.text) refers to cpu_a.o(.text) for CPU_SR_Save
    cpu_core.o(.text) refers to lib_mem.o(.text) for Mem_Clr
    cpu_core.o(.text) refers to bsp.o(.text) for CPU_TS_TmrInit
    cpu_core.o(.text) refers to lib_str.o(.text) for Str_Copy_N
    cpu_core.o(.text) refers to cpu_core.o(.bss) for .bss
    cpu_core.o(.text) refers to cpu_core.o(.data) for .data
[...]
    .bss                                     0x20001fac   Section       12  os_var.o(.bss)
    .bss                                     0x20001fb8   Section      768  os_var.o(.bss)
    .bss                                     0x200022b8   Section      196  os_var.o(.bss)
    .bss                                     0x2000237c   Section      196  os_var.o(.bss)
    .bss                                     0x20002440   Section       96  libspace.o(.bss)
    HEAP                                     0x200024a0   Section     8192  startup_stm32f40_41xxx.o(HEAP)
    Heap_Mem                                 0x200024a0   Data        8192  startup_stm32f40_41xxx.o(HEAP)
    STACK                                    0x200044a0   Section    16384  startup_stm32f40_41xxx.o(STACK)
    Stack_Mem                                0x200044a0   Data       16384  startup_stm32f40_41xxx.o(STACK)
    __initial_sp                             0x200084a0   Data           0  startup_stm32f40_41xxx.o(STACK)

    Global Symbols

    Symbol Name                              Value     Ov Type        Size  Object(Section)

    BuildAttributes$$THM_ISAv4$E$P$D$K$B$S$7EM$VFPi3$EXTD16$VFPS$VFMA$PE$A:L22UL41UL21$X:L11$S22US41US21$IEEE1$IW$USESV6$~STKCKD$USESV7$~SHL$OSPACE$ROPI$EBA8$UX$STANDARDLIB$REQ8$PRES8$EABIv2 0x00000000   Number         0  anon$$obj.o ABSOLUTE
    __ARM_use_no_argv                        0x00000000   Number         0  main.o ABSOLUTE
    __ARM_exceptions_init                     - Undefined Weak Reference
    __alloca_initialize                       - Undefined Weak Reference
    __arm_preinit_                            - Undefined Weak Reference
    __cpp_initialize__aeabi_                  - Undefined Weak Reference
    __cxa_finalize                            - Undefined Weak Reference
    __rt_locale                               - Undefined Weak Reference
    __sigvec_lookup                           - Undefined Weak Reference
    _atexit_init                              - Undefined Weak Reference
    _call_atexit_fns                          - Undefined Weak Reference
    _clock_init                               - Undefined Weak Reference
    _fp_trap_init                             - Undefined Weak Reference
    _fp_trap_shutdown                         - Undefined Weak Reference
    _get_lc_collate                           - Undefined Weak Reference
    _get_lc_ctype                             - Undefined Weak Reference
    _get_lc_monetary                          - Undefined Weak Reference
    _get_lc_numeric                           - Undefined Weak Reference
    _get_lc_time                              - Undefined Weak Reference
    _getenv_init                              - Undefined Weak Reference
    _handle_redirection                       - Undefined Weak Reference
    _init_alloc                               - Undefined Weak Reference
    _init_user_alloc                          - Undefined Weak Reference
    _initio                                   - Undefined Weak Reference
    _mutex_acquire                            - Undefined Weak Reference
    _mutex_release                            - Undefined Weak Reference
    _rand_init                                - Undefined Weak Reference
    _signal_finish                            - Undefined Weak Reference
    _signal_init                              - Undefined Weak Reference
    _terminate_alloc                          - Undefined Weak Reference
    _terminate_user_alloc                     - Undefined Weak Reference
    _terminateio                              - Undefined Weak Reference
    __Vectors_Size                           0x00000188   Number         0  startup_stm32f40_41xxx.o ABSOLUTE
    __Vectors                                0x08000000   Data           4  startup_stm32f40_41xxx.o(RESET)
    __Vectors_End                            0x08000188   Data           0  startup_stm32f40_41xxx.o(RESET)
    __main                                   0x08000189   Thumb Code     8  __main.o(!!!main)
    __scatterload                            0x08000191   Thumb Code     0  __scatter.o(!!!scatter)
    __scatterload_rt2                        0x08000191   Thumb Code    44  __scatter.o(!!!scatter)
    __scatterload_rt2_thumb_only             0x08000191   Thumb Code     0  __scatter.o(!!!scatter)
    __scatterload_null                       0x0800019f   Thumb Code     0  __scatter.o(!!!scatter)
    __scatterload_copy                       0x080001c5   Thumb Code    26  __scatter_copy.o(!!handler_copy)
    __scatterload_zeroinit                   0x080001e1   Thumb Code    28  __scatter_zi.o(!!handler_zi)
    __rt_lib_init                            0x080001fd   Thumb Code     0  libinit.o(.ARM.Collect$$libinit$$00000000)
    __rt_lib_init_fp_1                       0x080001ff   Thumb Code     0  libinit2.o(.ARM.Collect$$libinit$$00000001)
    __rt_lib_init_alloca_1                   0x08000203   Thumb Code     0  libinit2.o(.ARM.Collect$$libinit$$0000002E)
    __rt_lib_init_argv_1                     0x08000203   Thumb Code     0  libinit2.o(.ARM.Collect$$libinit$$0000002C)
    __rt_lib_init_atexit_1                   0x08000203   Thumb Code     0  libinit2.o(.ARM.Collect$$libinit$$0000001B)
    __rt_lib_init_clock_1                    0x08000203   Thumb Code     0  libinit2.o(.ARM.Collect$$libinit$$00000021)
    __rt_lib_init_cpp_1                      0x08000203   Thumb Code     0  libinit2.o(.ARM.Collect$$libinit$$00000032)
    __rt_lib_init_exceptions_1               0x08000203   Thumb Code     0  libinit2.o(.ARM.Collect$$libinit$$00000030)
    __rt_lib_init_fp_trap_1                  0x08000203   Thumb Code     0  libinit2.o(.ARM.Collect$$libinit$$0000001F)
    __rt_lib_init_getenv_1                   0x08000203   Thumb Code     0  libinit2.o(.ARM.Collect$$libinit$$00000023)
    __rt_lib_init_heap_1                     0x08000203   Thumb Code     0  libinit2.o(.ARM.Collect$$libinit$$0000000A)
    __rt_lib_init_lc_collate_1               0x08000203   Thumb Code     0  libinit2.o(.ARM.Collect$$libinit$$00000011)
    __rt_lib_init_lc_ctype_1                 0x08000203   Thumb Code     0  libinit2.o(.ARM.Collect$$libinit$$00000013)
    __rt_lib_init_lc_monetary_1              0x08000203   Thumb Code     0  libinit2.o(.ARM.Collect$$libinit$$00000015)
    __rt_lib_init_lc_numeric_1               0x08000203   Thumb Code     0  libinit2.o(.ARM.Collect$$libinit$$00000017)
    __rt_lib_init_lc_time_1                  0x08000203   Thumb Code     0  libinit2.o(.ARM.Collect$$libinit$$00000019)
    __rt_lib_init_preinit_1                  0x08000203   Thumb Code     0  libinit2.o(.ARM.Collect$$libinit$$00000004)
    __rt_lib_init_rand_1                     0x08000203   Thumb Code     0  libinit2.o(.ARM.Collect$$libinit$$0000000E)
    __rt_lib_init_return                     0x08000203   Thumb Code     0  libinit2.o(.ARM.Collect$$libinit$$00000033)
    __rt_lib_init_signal_1                   0x08000203   Thumb Code     0  libinit2.o(.ARM.Collect$$libinit$$0000001D)
    __rt_lib_init_stdio_1                    0x08000203   Thumb Code     0  libinit2.o(.ARM.Collect$$libinit$$00000025)
    __rt_lib_init_user_alloc_1               0x08000203   Thumb Code     0  libinit2.o(.ARM.Collect$$libinit$$0000000C)
    __rt_lib_shutdown                        0x08000205   Thumb Code     0  libshutdown.o(.ARM.Collect$$libshutdown$$00000000)
    __rt_lib_shutdown_cpp_1                  0x08000207   Thumb Code     0  libshutdown2.o(.ARM.Collect$$libshutdown$$00000002)
    __rt_lib_shutdown_fp_trap_1              0x08000207   Thumb Code     0  libshutdown2.o(.ARM.Collect$$libshutdown$$00000007)
    __rt_lib_shutdown_heap_1                 0x08000207   Thumb Code     0  libshutdown2.o(.ARM.Collect$$libshutdown$$0000000F)
    __rt_lib_shutdown_return                 0x08000207   Thumb Code     0  libshutdown2.o(.ARM.Collect$$libshutdown$$00000010)
    __rt_lib_shutdown_signal_1               0x08000207   Thumb Code     0  libshutdown2.o(.ARM.Collect$$libshutdown$$0000000A)
    __rt_lib_shutdown_stdio_1                0x08000207   Thumb Code     0  libshutdown2.o(.ARM.Collect$$libshutdown$$00000004)
    __rt_lib_shutdown_user_alloc_1           0x08000207   Thumb Code     0  libshutdown2.o(.ARM.Collect$$libshutdown$$0000000C)
    __rt_entry                               0x08000209   Thumb Code     0  __rtentry.o(.ARM.Collect$$rtentry$$00000000)
    __rt_entry_presh_1                       0x08000209   Thumb Code     0  __rtentry2.o(.ARM.Collect$$rtentry$$00000002)
    __rt_entry_sh                            0x08000209   Thumb Code     0  __rtentry4.o(.ARM.Collect$$rtentry$$00000004)
    __rt_entry_li                            0x0800020f   Thumb Code     0  __rtentry2.o(.ARM.Collect$$rtentry$$0000000A)
    __rt_entry_postsh_1                      0x0800020f   Thumb Code     0  __rtentry2.o(.ARM.Collect$$rtentry$$00000009)
    __rt_entry_main                          0x08000213   Thumb Code     0  __rtentry2.o(.ARM.Collect$$rtentry$$0000000D)
    __rt_entry_postli_1                      0x08000213   Thumb Code     0  __rtentry2.o(.ARM.Collect$$rtentry$$0000000C)
    __rt_exit                                0x0800021b   Thumb Code     0  rtexit.o(.ARM.Collect$$rtexit$$00000000)
    __rt_exit_ls                             0x0800021d   Thumb Code     0  rtexit2.o(.ARM.Collect$$rtexit$$00000003)
    __rt_exit_prels_1                        0x0800021d   Thumb Code     0  rtexit2.o(.ARM.Collect$$rtexit$$00000002)
    __rt_exit_exit                           0x08000221   Thumb Code     0  rtexit2.o(.ARM.Collect$$rtexit$$00000004)
    task2                                    0x08000229   Thumb Code    88  main.o(.text)
    task1                                    0x08000281   Thumb Code    88  main.o(.text)
    main                                     0x080002d9   Thumb Code   132  main.o(.text)
    NMI_Handler                              0x080003dd   Thumb Code     2  stm32f4xx_it.o(.text)
    HardFault_Handler                        0x080003df   Thumb Code     2  stm32f4xx_it.o(.text)
    MemManage_Handler                        0x080003e1   Thumb Code     2  stm32f4xx_it.o(.text)
    BusFault_Handler                         0x080003e3   Thumb Code     2  stm32f4xx_it.o(.text)
    UsageFault_Handler                       0x080003e5   Thumb Code     2  stm32f4xx_it.o(.text)
    SVC_Handler                              0x080003e7   Thumb Code     2  stm32f4xx_it.o(.text)
    DebugMon_Handler                         0x080003e9   Thumb Code     2  stm32f4xx_it.o(.text)
    SystemInit                               0x0800048f   Thumb Code    74  system_stm32f4xx.o(.text)
    SystemCoreClockUpdate                    0x080004d9   Thumb Code   108  system_stm32f4xx.o(.text)
    LED_Init                                 0x08000569   Thumb Code   106  led.o(.text)
    Reset_Handler                            0x080005dd   Thumb Code     8  startup_stm32f40_41xxx.o(.text)
    ADC_IRQHandler                           0x080005f7   Thumb Code     0  startup_stm32f40_41xxx.o(.text)
    CAN1_RX0_IRQHandler                      0x080005f7   Thumb Code     0  startup_stm32f40_41xxx.o(.text)
    CAN1_RX1_IRQHandler                      0x080005f7   Thumb Code     0  startup_stm32f40_41xxx.o(.text)
    CAN1_SCE_IRQHandler                      0x080005f7   Thumb Code     0  startup_stm32f40_41xxx.o(.text)
    CAN1_TX_IRQHandler                       0x080005f7   Thumb Code     0  startup_stm32f40_41xxx.o(.text)
    CAN2_RX0_IRQHandler                      0x080005f7   Thumb Code     0  startup_stm32f40_41xxx.o(.text)
    CAN2_RX1_IRQHandler                      0x080005f7   Thumb Code     0  startup_stm32f40_41xxx.o(.text)
    CAN2_SCE_IRQHandler                      0x080005f7   Thumb Code     0  startup_stm32f40_41xxx.o(.text)
    CAN2_TX_IRQHandler                       0x080005f7   Thumb Code     0  startup_stm32f40_41xxx.o(.text)
    CRYP_IRQHandler                          0x080005f7   Thumb Code     0  startup_stm32f40_41xxx.o(.text)
    DCMI_IRQHandler                          0x080005f7   Thumb Code     0  startup_stm32f40_41xxx.o(.text)
    DMA1_Stream0_IRQHandler                  0x080005f7   Thumb Code     0  startup_stm32f40_41xxx.o(.text)
    DMA1_Stream1_IRQHandler                  0x080005f7   Thumb Code     0  startup_stm32f40_41xxx.o(.text)
    DMA1_Stream2_IRQHandler                  0x080005f7   Thumb Code     0  startup_stm32f40_41xxx.o(.text)
    DMA1_Stream3_IRQHandler                  0x080005f7   Thumb Code     0  startup_stm32f40_41xxx.o(.text)
    DMA1_Stream4_IRQHandler                  0x080005f7   Thumb Code     0  startup_stm32f40_41xxx.o(.text)
    DMA1_Stream5_IRQHandler                  0x080005f7   Thumb Code     0  startup_stm32f40_41xxx.o(.text)
    DMA1_Stream6_IRQHandler                  0x080005f7   Thumb Code     0  startup_stm32f40_41xxx.o(.text)
    DMA1_Stream7_IRQHandler                  0x080005f7   Thumb Code     0  startup_stm32f40_41xxx.o(.text)
    DMA2_Stream0_IRQHandler                  0x080005f7   Thumb Code     0  startup_stm32f40_41xxx.o(.text)
    DMA2_Stream1_IRQHandler                  0x080005f7   Thumb Code     0  startup_stm32f40_41xxx.o(.text)
    DMA2_Stream2_IRQHandler                  0x080005f7   Thumb Code     0  startup_stm32f40_41xxx.o(.text)
    DMA2_Stream3_IRQHandler                  0x080005f7   Thumb Code     0  startup_stm32f40_41xxx.o(.text)
    DMA2_Stream4_IRQHandler                  0x080005f7   Thumb Code     0  startup_stm32f40_41xxx.o(.text)
    DMA2_Stream5_IRQHandler                  0x080005f7   Thumb Code     0  startup_stm32f40_41xxx.o(.text)
    DMA2_Stream6_IRQHandler                  0x080005f7   Thumb Code     0  startup_stm32f40_41xxx.o(.text)
    DMA2_Stream7_IRQHandler                  0x080005f7   Thumb Code     0  startup_stm32f40_41xxx.o(.text)
    ETH_IRQHandler                           0x080005f7   Thumb Code     0  startup_stm32f40_41xxx.o(.text)
    ETH_WKUP_IRQHandler                      0x080005f7   Thumb Code     0  startup_stm32f40_41xxx.o(.text)
    EXTI0_IRQHandler                         0x080005f7   Thumb Code     0  startup_stm32f40_41xxx.o(.text)
    EXTI15_10_IRQHandler                     0x080005f7   Thumb Code     0  startup_stm32f40_41xxx.o(.text)
    EXTI1_IRQHandler                         0x080005f7   Thumb Code     0  startup_stm32f40_41xxx.o(.text)
    EXTI2_IRQHandler                         0x080005f7   Thumb Code     0  startup_stm32f40_41xxx.o(.text)
    EXTI3_IRQHandler                         0x080005f7   Thumb Code     0  startup_stm32f40_41xxx.o(.text)
    EXTI4_IRQHandler                         0x080005f7   Thumb Code     0  startup_stm32f40_41xxx.o(.text)
    EXTI9_5_IRQHandler                       0x080005f7   Thumb Code     0  startup_stm32f40_41xxx.o(.text)
    FLASH_IRQHandler                         0x080005f7   Thumb Code     0  startup_stm32f40_41xxx.o(.text)
    FPU_IRQHandler                           0x080005f7   Thumb Code     0  startup_stm32f40_41xxx.o(.text)
    FSMC_IRQHandler                          0x080005f7   Thumb Code     0  startup_stm32f40_41xxx.o(.text)
    HASH_RNG_IRQHandler                      0x080005f7   Thumb Code     0  startup_stm32f40_41xxx.o(.text)
    I2C1_ER_IRQHandler                       0x080005f7   Thumb Code     0  startup_stm32f40_41xxx.o(.text)
    I2C1_EV_IRQHandler                       0x080005f7   Thumb Code     0  startup_stm32f40_41xxx.o(.text)
    I2C2_ER_IRQHandler                       0x080005f7   Thumb Code     0  startup_stm32f40_41xxx.o(.text)
    I2C2_EV_IRQHandler                       0x080005f7   Thumb Code     0  startup_stm32f40_41xxx.o(.text)
    I2C3_ER_IRQHandler                       0x080005f7   Thumb Code     0  startup_stm32f40_41xxx.o(.text)
    I2C3_EV_IRQHandler                       0x080005f7   Thumb Code     0  startup_stm32f40_41xxx.o(.text)
    OTG_FS_IRQHandler                        0x080005f7   Thumb Code     0  startup_stm32f40_41xxx.o(.text)
    OTG_FS_WKUP_IRQHandler                   0x080005f7   Thumb Code     0  startup_stm32f40_41xxx.o(.text)
    OTG_HS_EP1_IN_IRQHandler                 0x080005f7   Thumb Code     0  startup_stm32f40_41xxx.o(.text)
    OTG_HS_EP1_OUT_IRQHandler                0x080005f7   Thumb Code     0  startup_stm32f40_41xxx.o(.text)
    OTG_HS_IRQHandler                        0x080005f7   Thumb Code     0  startup_stm32f40_41xxx.o(.text)
    OTG_HS_WKUP_IRQHandler                   0x080005f7   Thumb Code     0  startup_stm32f40_41xxx.o(.text)
    PVD_IRQHandler                           0x080005f7   Thumb Code     0  startup_stm32f40_41xxx.o(.text)
    RCC_IRQHandler                           0x080005f7   Thumb Code     0  startup_stm32f40_41xxx.o(.text)
    RTC_Alarm_IRQHandler                     0x080005f7   Thumb Code     0  startup_stm32f40_41xxx.o(.text)
    RTC_WKUP_IRQHandler                      0x080005f7   Thumb Code     0  startup_stm32f40_41xxx.o(.text)
    SDIO_IRQHandler                          0x080005f7   Thumb Code     0  startup_stm32f40_41xxx.o(.text)
    SPI1_IRQHandler                          0x080005f7   Thumb Code     0  startup_stm32f40_41xxx.o(.text)
    SPI2_IRQHandler                          0x080005f7   Thumb Code     0  startup_stm32f40_41xxx.o(.text)
    SPI3_IRQHandler                          0x080005f7   Thumb Code     0  startup_stm32f40_41xxx.o(.text)
    TAMP_STAMP_IRQHandler                    0x080005f7   Thumb Code     0  startup_stm32f40_41xxx.o(.text)
    TIM1_BRK_TIM9_IRQHandler                 0x080005f7   Thumb Code     0  startup_stm32f40_41xxx.o(.text)
    TIM1_CC_IRQHandler                       0x080005f7   Thumb Code     0  startup_stm32f40_41xxx.o(.text)
    TIM1_TRG_COM_TIM11_IRQHandler            0x080005f7   Thumb Code     0  startup_stm32f40_41xxx.o(.text)
    TIM1_UP_TIM10_IRQHandler                 0x080005f7   Thumb Code     0  startup_stm32f40_41xxx.o(.text)
    TIM2_IRQHandler                          0x080005f7   Thumb Code     0  startup_stm32f40_41xxx.o(.text)
    TIM3_IRQHandler                          0x080005f7   Thumb Code     0  startup_stm32f40_41xxx.o(.text)
    TIM4_IRQHandler                          0x080005f7   Thumb Code     0  startup_stm32f40_41xxx.o(.text)
    TIM5_IRQHandler                          0x080005f7   Thumb Code     0  startup_stm32f40_41xxx.o(.text)
    TIM6_DAC_IRQHandler                      0x080005f7   Thumb Code     0  startup_stm32f40_41xxx.o(.text)
    TIM7_IRQHandler                          0x080005f7   Thumb Code     0  startup_stm32f40_41xxx.o(.text)
    TIM8_BRK_TIM12_IRQHandler                0x080005f7   Thumb Code     0  startup_stm32f40_41xxx.o(.text)
    TIM8_CC_IRQHandler                       0x080005f7   Thumb Code     0  startup_stm32f40_41xxx.o(.text)
    TIM8_TRG_COM_TIM14_IRQHandler            0x080005f7   Thumb Code     0  startup_stm32f40_41xxx.o(.text)
    TIM8_UP_TIM13_IRQHandler                 0x080005f7   Thumb Code     0  startup_stm32f40_41xxx.o(.text)
    UART4_IRQHandler                         0x080005f7   Thumb Code     0  startup_stm32f40_41xxx.o(.text)
    UART5_IRQHandler                         0x080005f7   Thumb Code     0  startup_stm32f40_41xxx.o(.text)
    USART2_IRQHandler                        0x080005f7   Thumb Code     0  startup_stm32f40_41xxx.o(.text)
    USART3_IRQHandler                        0x080005f7   Thumb Code     0  startup_stm32f40_41xxx.o(.text)
    USART6_IRQHandler                        0x080005f7   Thumb Code     0  startup_stm32f40_41xxx.o(.text)
    WWDG_IRQHandler                          0x080005f7   Thumb Code     0  startup_stm32f40_41xxx.o(.text)
    __user_initial_stackheap                 0x080005f9   Thumb Code     0  startup_stm32f40_41xxx.o(.text)
    NVIC_PriorityGroupConfig                 0x0800061d   Thumb Code    10  misc.o(.text)
    NVIC_Init                                0x08000627   Thumb Code    96  misc.o(.text)
    NVIC_SetVectorTable                      0x08000687   Thumb Code    14  misc.o(.text)
    NVIC_SystemLPConfig                      0x08000695   Thumb Code    20  misc.o(.text)
    SysTick_CLKSourceConfig                  0x080006a9   Thumb Code    24  misc.o(.text)
    GPIO_DeInit                              0x080006cd   Thumb Code   216  stm32f4xx_gpio.o(.text)
    GPIO_Init                                0x080007a5   Thumb Code   120  stm32f4xx_gpio.o(.text)
    GPIO_StructInit                          0x0800081d   Thumb Code    18  stm32f4xx_gpio.o(.text)
    GPIO_PinLockConfig                       0x0800082f   Thumb Code    24  stm32f4xx_gpio.o(.text)
    GPIO_ReadInputDataBit                    0x08000847   Thumb Code    14  stm32f4xx_gpio.o(.text)
    GPIO_ReadInputData                       0x08000855   Thumb Code     6  stm32f4xx_gpio.o(.text)
    GPIO_ReadOutputDataBit                   0x0800085b   Thumb Code    14  stm32f4xx_gpio.o(.text)
    GPIO_ReadOutputData                      0x08000869   Thumb Code     6  stm32f4xx_gpio.o(.text)
    GPIO_SetBits                             0x0800086f   Thumb Code     4  stm32f4xx_gpio.o(.text)
    GPIO_ResetBits                           0x08000873   Thumb Code     4  stm32f4xx_gpio.o(.text)
    GPIO_WriteBit                            0x08000877   Thumb Code    10  stm32f4xx_gpio.o(.text)
    GPIO_Write                               0x08000881   Thumb Code     4  stm32f4xx_gpio.o(.text)
    GPIO_ToggleBits                          0x08000885   Thumb Code     8  stm32f4xx_gpio.o(.text)
    GPIO_PinAFConfig                         0x0800088d   Thumb Code    32  stm32f4xx_gpio.o(.text)
    RCC_DeInit                               0x080008d9   Thumb Code    68  stm32f4xx_rcc.o(.text)
    RCC_HSEConfig                            0x0800091d   Thumb Code    12  stm32f4xx_rcc.o(.text)
    RCC_GetFlagStatus                        0x08000929   Thumb Code    46  stm32f4xx_rcc.o(.text)
    RCC_WaitForHSEStartUp                    0x08000957   Thumb Code    44  stm32f4xx_rcc.o(.text)
    RCC_AdjustHSICalibrationValue            0x08000983   Thumb Code    16  stm32f4xx_rcc.o(.text)
    RCC_HSICmd                               0x08000993   Thumb Code     6  stm32f4xx_rcc.o(.text)
    RCC_LSEConfig                            0x08000999   Thumb Code    24  stm32f4xx_rcc.o(.text)
    RCC_LSICmd                               0x080009b1   Thumb Code     6  stm32f4xx_rcc.o(.text)
    RCC_PLLConfig                            0x080009b7   Thumb Code    32  stm32f4xx_rcc.o(.text)
    RCC_PLLCmd                               0x080009d7   Thumb Code     6  stm32f4xx_rcc.o(.text)
    RCC_PLLI2SConfig                         0x080009dd   Thumb Code    14  stm32f4xx_rcc.o(.text)
    RCC_PLLI2SCmd                            0x080009eb   Thumb Code     6  stm32f4xx_rcc.o(.text)
    RCC_PLLSAIConfig                         0x080009f1   Thumb Code    18  stm32f4xx_rcc.o(.text)
    RCC_PLLSAICmd                            0x08000a03   Thumb Code     6  stm32f4xx_rcc.o(.text)
    RCC_ClockSecuritySystemCmd               0x08000a09   Thumb Code     6  stm32f4xx_rcc.o(.text)
    RCC_MCO1Config                           0x08000a0f   Thumb Code    18  stm32f4xx_rcc.o(.text)
    RCC_MCO2Config                           0x08000a21   Thumb Code    18  stm32f4xx_rcc.o(.text)
    RCC_SYSCLKConfig                         0x08000a33   Thumb Code    16  stm32f4xx_rcc.o(.text)
    RCC_GetSYSCLKSource                      0x08000a43   Thumb Code    12  stm32f4xx_rcc.o(.text)
    RCC_HCLKConfig                           0x08000a4f   Thumb Code    16  stm32f4xx_rcc.o(.text)
    RCC_PCLK1Config                          0x08000a5f   Thumb Code    16  stm32f4xx_rcc.o(.text)
    RCC_PCLK2Config                          0x08000a6f   Thumb Code    18  stm32f4xx_rcc.o(.text)
    RCC_GetClocksFreq                        0x08000a81   Thumb Code   134  stm32f4xx_rcc.o(.text)
    RCC_RTCCLKConfig                         0x08000b07   Thumb Code    42  stm32f4xx_rcc.o(.text)
    RCC_RTCCLKCmd                            0x08000b31   Thumb Code     8  stm32f4xx_rcc.o(.text)
    RCC_BackupResetCmd                       0x08000b39   Thumb Code     8  stm32f4xx_rcc.o(.text)
    RCC_I2SCLKConfig                         0x08000b41   Thumb Code     8  stm32f4xx_rcc.o(.text)
    RCC_SAIPLLI2SClkDivConfig                0x08000b49   Thumb Code    18  stm32f4xx_rcc.o(.text)
    RCC_SAIPLLSAIClkDivConfig                0x08000b5b   Thumb Code    24  stm32f4xx_rcc.o(.text)
    RCC_SAIBlockACLKConfig                   0x08000b73   Thumb Code    16  stm32f4xx_rcc.o(.text)
    RCC_SAIBlockBCLKConfig                   0x08000b83   Thumb Code    16  stm32f4xx_rcc.o(.text)
    RCC_LTDCCLKDivConfig                     0x08000b93   Thumb Code    16  stm32f4xx_rcc.o(.text)
    RCC_TIMCLKPresConfig                     0x08000ba3   Thumb Code     8  stm32f4xx_rcc.o(.text)
    RCC_AHB1PeriphClockCmd                   0x08000bab   Thumb Code    20  stm32f4xx_rcc.o(.text)
    RCC_AHB2PeriphClockCmd                   0x08000bbf   Thumb Code    20  stm32f4xx_rcc.o(.text)
    RCC_AHB3PeriphClockCmd                   0x08000bd3   Thumb Code    20  stm32f4xx_rcc.o(.text)
    RCC_APB1PeriphClockCmd                   0x08000be7   Thumb Code    20  stm32f4xx_rcc.o(.text)
    RCC_APB2PeriphClockCmd                   0x08000bfb   Thumb Code    20  stm32f4xx_rcc.o(.text)
    RCC_AHB1PeriphResetCmd                   0x08000c0f   Thumb Code    20  stm32f4xx_rcc.o(.text)
    RCC_AHB2PeriphResetCmd                   0x08000c23   Thumb Code    20  stm32f4xx_rcc.o(.text)
    RCC_AHB3PeriphResetCmd                   0x08000c37   Thumb Code    20  stm32f4xx_rcc.o(.text)
    RCC_APB1PeriphResetCmd                   0x08000c4b   Thumb Code    20  stm32f4xx_rcc.o(.text)
    RCC_APB2PeriphResetCmd                   0x08000c5f   Thumb Code    20  stm32f4xx_rcc.o(.text)
    RCC_AHB1PeriphClockLPModeCmd             0x08000c73   Thumb Code    20  stm32f4xx_rcc.o(.text)
    RCC_AHB2PeriphClockLPModeCmd             0x08000c87   Thumb Code    20  stm32f4xx_rcc.o(.text)
    RCC_AHB3PeriphClockLPModeCmd             0x08000c9b   Thumb Code    20  stm32f4xx_rcc.o(.text)
    RCC_APB1PeriphClockLPModeCmd             0x08000caf   Thumb Code    64  stm32f4xx_rcc.o(.text)
    RCC_APB2PeriphClockLPModeCmd             0x08000cef   Thumb Code    18  stm32f4xx_rcc.o(.text)
    RCC_LSEModeConfig                        0x08000d01   Thumb Code    24  stm32f4xx_rcc.o(.text)
    RCC_ITConfig                             0x08000d19   Thumb Code    20  stm32f4xx_rcc.o(.text)
    RCC_ClearFlag                            0x08000d2d   Thumb Code    14  stm32f4xx_rcc.o(.text)
    RCC_GetITStatus                          0x08000d3b   Thumb Code    18  stm32f4xx_rcc.o(.text)
    RCC_ClearITPendingBit                    0x08000d4d   Thumb Code     8  stm32f4xx_rcc.o(.text)
    USART_DeInit                             0x08000d59   Thumb Code   138  stm32f4xx_usart.o(.text)
    USART_Init                               0x08000de3   Thumb Code   164  stm32f4xx_usart.o(.text)
    USART_StructInit                         0x08000e87   Thumb Code    22  stm32f4xx_usart.o(.text)
    USART_ClockInit                          0x08000e9d   Thumb Code    28  stm32f4xx_usart.o(.text)
    USART_ClockStructInit                    0x08000eb9   Thumb Code    12  stm32f4xx_usart.o(.text)
    USART_Cmd                                0x08000ec5   Thumb Code    20  stm32f4xx_usart.o(.text)
    USART_SetPrescaler                       0x08000ed9   Thumb Code    16  stm32f4xx_usart.o(.text)
    USART_OverSampling8Cmd                   0x08000ee9   Thumb Code    20  stm32f4xx_usart.o(.text)
    USART_OneBitMethodCmd                    0x08000efd   Thumb Code    20  stm32f4xx_usart.o(.text)
    USART_SendData                           0x08000f11   Thumb Code     8  stm32f4xx_usart.o(.text)
    USART_ReceiveData                        0x08000f19   Thumb Code     8  stm32f4xx_usart.o(.text)
    USART_SetAddress                         0x08000f21   Thumb Code    16  stm32f4xx_usart.o(.text)
    USART_ReceiverWakeUpCmd                  0x08000f31   Thumb Code    20  stm32f4xx_usart.o(.text)
    USART_WakeUpConfig                       0x08000f45   Thumb Code    16  stm32f4xx_usart.o(.text)
    USART_LINBreakDetectLengthConfig         0x08000f55   Thumb Code    16  stm32f4xx_usart.o(.text)
    USART_LINCmd                             0x08000f65   Thumb Code    20  stm32f4xx_usart.o(.text)
    USART_SendBreak                          0x08000f79   Thumb Code    10  stm32f4xx_usart.o(.text)
    USART_HalfDuplexCmd                      0x08000f83   Thumb Code    20  stm32f4xx_usart.o(.text)
    USART_SetGuardTime                       0x08000f97   Thumb Code    16  stm32f4xx_usart.o(.text)
    USART_SmartCardCmd                       0x08000fa7   Thumb Code    20  stm32f4xx_usart.o(.text)
    USART_SmartCardNACKCmd                   0x08000fbb   Thumb Code    20  stm32f4xx_usart.o(.text)
    USART_IrDAConfig                         0x08000fcf   Thumb Code    16  stm32f4xx_usart.o(.text)
    USART_IrDACmd                            0x08000fdf   Thumb Code    20  stm32f4xx_usart.o(.text)
    USART_DMACmd                             0x08000ff3   Thumb Code    16  stm32f4xx_usart.o(.text)
    USART_ITConfig                           0x08001003   Thumb Code    48  stm32f4xx_usart.o(.text)
    USART_GetFlagStatus                      0x08001033   Thumb Code    14  stm32f4xx_usart.o(.text)
    USART_ClearFlag                          0x08001041   Thumb Code     6  stm32f4xx_usart.o(.text)
    USART_GetITStatus                        0x08001047   Thumb Code    62  stm32f4xx_usart.o(.text)
    USART_ClearITPendingBit                  0x08001085   Thumb Code    12  stm32f4xx_usart.o(.text)
    delay_osschedlock                        0x080010b1   Thumb Code    10  delay.o(.text)
    delay_osschedunlock                      0x080010bb   Thumb Code    10  delay.o(.text)
    delay_ostimedly                          0x080010c5   Thumb Code    12  delay.o(.text)
    SysTick_Handler                          0x080010d1   Thumb Code    28  delay.o(.text)
    delay_init                               0x080010ed   Thumb Code    66  delay.o(.text)
    delay_us                                 0x0800112f   Thumb Code    62  delay.o(.text)
    delay_ms                                 0x0800116d   Thumb Code    54  delay.o(.text)
    _sys_exit                                0x080011b9   Thumb Code     2  usart.o(.text)
    fputc                                    0x080011bb   Thumb Code    14  usart.o(.text)
    uart_init                                0x080011c9   Thumb Code   172  usart.o(.text)
    USART1_IRQHandler                        0x08001275   Thumb Code    94  usart.o(.text)
    BSP_CPU_ClkFreq                          0x080012e5   Thumb Code    14  bsp.o(.text)
    CPU_TS_TmrInit                           0x080012f3   Thumb Code    38  bsp.o(.text)
    CPU_TS_TmrRd                             0x08001319   Thumb Code     6  bsp.o(.text)
    CPU_TS32_to_uSec                         0x0800131f   Thumb Code    32  bsp.o(.text)
    CPU_NameClr                              0x0800134d   Thumb Code    26  cpu_core.o(.text)
    CPU_Init                                 0x08001367   Thumb Code    18  cpu_core.o(.text)
    CPU_SW_Exception                         0x08001379   Thumb Code     2  cpu_core.o(.text)
    CPU_NameGet                              0x0800137b   Thumb Code    46  cpu_core.o(.text)
    CPU_NameSet                              0x080013a9   Thumb Code    62  cpu_core.o(.text)
    CPU_TS_Get32                             0x080013e7   Thumb Code     4  cpu_core.o(.text)
    CPU_TS_Update                            0x080013eb   Thumb Code     2  cpu_core.o(.text)
    CPU_TS_TmrFreqGet                        0x080013ed   Thumb Code    24  cpu_core.o(.text)
    CPU_TS_TmrFreqSet                        0x08001405   Thumb Code     6  cpu_core.o(.text)
    CPU_CntLeadZeros08                       0x0800140b   Thumb Code    10  cpu_core.o(.text)
    CPU_CntLeadZeros16                       0x08001415   Thumb Code    10  cpu_core.o(.text)
    CPU_CntLeadZeros32                       0x0800141f   Thumb Code     4  cpu_core.o(.text)
    CPU_CntLeadZeros64                       0x08001423   Thumb Code   152  cpu_core.o(.text)
    CPU_CntTrailZeros08                      0x080014bb   Thumb Code    10  cpu_core.o(.text)
    CPU_CntTrailZeros16                      0x080014c5   Thumb Code    10  cpu_core.o(.text)
    CPU_CntTrailZeros32                      0x080014cf   Thumb Code    10  cpu_core.o(.text)
    CPU_CntTrailZeros64                      0x080014d9   Thumb Code    36  cpu_core.o(.text)
    CPU_IntDis                               0x08001509   Thumb Code     0  cpu_a.o(.text)
    CPU_IntEn                                0x0800150d   Thumb Code     0  cpu_a.o(.text)
    CPU_SR_Save                              0x08001511   Thumb Code     0  cpu_a.o(.text)
    CPU_SR_Restore                           0x08001519   Thumb Code     0  cpu_a.o(.text)
    CPU_WaitForInt                           0x0800151f   Thumb Code     0  cpu_a.o(.text)
    CPU_WaitForExcept                        0x08001523   Thumb Code     0  cpu_a.o(.text)
    CPU_CntLeadZeros                         0x08001527   Thumb Code     0  cpu_a.o(.text)
    CPU_CntTrailZeros                        0x0800152d   Thumb Code     0  cpu_a.o(.text)
    CPU_RevBits                              0x08001537   Thumb Code     0  cpu_a.o(.text)
    ASCII_IsAlpha                            0x0800153d   Thumb Code    22  lib_ascii.o(.text)
    ASCII_IsAlphaNum                         0x08001553   Thumb Code    28  lib_ascii.o(.text)
    ASCII_IsLower                            0x0800156f   Thumb Code    14  lib_ascii.o(.text)
    ASCII_IsUpper                            0x0800157d   Thumb Code    14  lib_ascii.o(.text)
    ASCII_IsDig                              0x0800158b   Thumb Code    14  lib_ascii.o(.text)
    ASCII_IsDigOct                           0x08001599   Thumb Code    14  lib_ascii.o(.text)
    ASCII_IsDigHex                           0x080015a7   Thumb Code    28  lib_ascii.o(.text)
    ASCII_IsBlank                            0x080015c3   Thumb Code    16  lib_ascii.o(.text)
    ASCII_IsSpace                            0x080015d3   Thumb Code    32  lib_ascii.o(.text)
    ASCII_IsPrint                            0x080015f3   Thumb Code    14  lib_ascii.o(.text)
    ASCII_IsGraph                            0x08001601   Thumb Code    14  lib_ascii.o(.text)
    ASCII_IsPunct                            0x0800160f   Thumb Code    58  lib_ascii.o(.text)
    ASCII_IsCtrl                             0x08001649   Thumb Code    22  lib_ascii.o(.text)
    ASCII_ToLower                            0x0800165f   Thumb Code    14  lib_ascii.o(.text)
    ASCII_ToUpper                            0x0800166d   Thumb Code    14  lib_ascii.o(.text)
    ASCII_Cmp                                0x0800167b   Thumb Code    28  lib_ascii.o(.text)
    Mem_Init                                 0x08001699   Thumb Code    54  lib_mem.o(.text)
    Mem_Set                                  0x080016cf   Thumb Code    62  lib_mem.o(.text)
    Mem_Clr                                  0x0800170d   Thumb Code     6  lib_mem.o(.text)
    Mem_Move                                 0x08001713   Thumb Code   116  lib_mem.o(.text)
    Mem_Cmp                                  0x08001787   Thumb Code   126  lib_mem.o(.text)
    Mem_HeapAlloc                            0x0800185d   Thumb Code   114  lib_mem.o(.text)
    Mem_SegGetSizeRem                        0x080018cf   Thumb Code    60  lib_mem.o(.text)
    Mem_HeapGetSizeRem                       0x0800190b   Thumb Code     8  lib_mem.o(.text)
    Mem_PoolClr                              0x08001913   Thumb Code    56  lib_mem.o(.text)
    Mem_PoolCreate                           0x0800194b   Thumb Code   582  lib_mem.o(.text)
    Mem_PoolBlkGetNbrAvail                   0x08001b91   Thumb Code    26  lib_mem.o(.text)
    Mem_PoolBlkGet                           0x08001bab   Thumb Code    68  lib_mem.o(.text)
    Mem_PoolBlkGetUsedAtIx                   0x08001bef   Thumb Code    62  lib_mem.o(.text)
    Mem_PoolBlkFree                          0x08001c2d   Thumb Code   100  lib_mem.o(.text)
    Mem_PoolBlkIxGet                         0x08001c91   Thumb Code   104  lib_mem.o(.text)
    Str_Len_N                                0x08001d01   Thumb Code    22  lib_str.o(.text)
    Str_Len                                  0x08001d17   Thumb Code     6  lib_str.o(.text)
    Str_Copy_N                               0x08001d1d   Thumb Code    48  lib_str.o(.text)
    Str_Copy                                 0x08001d4d   Thumb Code     6  lib_str.o(.text)
    Str_Cat_N                                0x08001d53   Thumb Code    58  lib_str.o(.text)
    Str_Cat                                  0x08001d8d   Thumb Code     6  lib_str.o(.text)
    Str_Cmp_N                                0x08001d93   Thumb Code    86  lib_str.o(.text)
    Str_Cmp                                  0x08001de9   Thumb Code     6  lib_str.o(.text)
    Str_CmpIgnoreCase_N                      0x08001def   Thumb Code   146  lib_str.o(.text)
    Str_CmpIgnoreCase                        0x08001e81   Thumb Code     6  lib_str.o(.text)
    Str_Char_N                               0x08001e87   Thumb Code    46  lib_str.o(.text)
    Str_Char                                 0x08001eb5   Thumb Code     8  lib_str.o(.text)
    Str_Char_Last_N                          0x08001ebd   Thumb Code    44  lib_str.o(.text)
    Str_Char_Last                            0x08001ee9   Thumb Code     8  lib_str.o(.text)
    Str_Char_Replace_N                       0x08001ef1   Thumb Code    40  lib_str.o(.text)
    Str_Char_Replace                         0x08001f19   Thumb Code     6  lib_str.o(.text)
    Str_Str_N                                0x08001f1f   Thumb Code   120  lib_str.o(.text)
    Str_Str                                  0x08001f97   Thumb Code     6  lib_str.o(.text)
    Str_FmtNbr_Int32U                        0x080020f5   Thumb Code    24  lib_str.o(.text)
    Str_FmtNbr_Int32S                        0x0800210d   Thumb Code    40  lib_str.o(.text)
    Str_ParseNbr_Int32U                      0x0800226f   Thumb Code    12  lib_str.o(.text)
    Str_ParseNbr_Int32S                      0x0800227b   Thumb Code    42  lib_str.o(.text)
    Mem_Copy                                 0x080022a9   Thumb Code     0  lib_mem_a.o(.text)
    OSCfg_Init                               0x080024c9   Thumb Code     2  os_cfg_app.o(.text)
    OS_IdleTask                              0x080024cd   Thumb Code    22  os_core.o(.text)
    OS_IdleTaskInit                          0x080024e3   Thumb Code    62  os_core.o(.text)
    OS_RdyListInit                           0x08002521   Thumb Code    30  os_core.o(.text)
    OSInit                                   0x0800253f   Thumb Code   260  os_core.o(.text)
    OSIntEnter                               0x08002643   Thumb Code    22  os_core.o(.text)
    OSIntExit                                0x08002659   Thumb Code   100  os_core.o(.text)
    OSSched                                  0x080026bd   Thumb Code    86  os_core.o(.text)
    OS_SchedLockTimeMeasStart                0x08002713   Thumb Code    20  os_core.o(.text)
    OSSchedLock                              0x08002727   Thumb Code    72  os_core.o(.text)
    OS_SchedLockTimeMeasStop                 0x0800276f   Thumb Code    42  os_core.o(.text)
    OSSchedUnlock                            0x08002799   Thumb Code    92  os_core.o(.text)
    OSStart                                  0x080027f5   Thumb Code    62  os_core.o(.text)
    OSVersion                                0x08002833   Thumb Code    10  os_core.o(.text)
    OS_PendDbgNameAdd                        0x0800283d   Thumb Code    46  os_core.o(.text)
    OS_PendListInsertPrio                    0x0800286b   Thumb Code   252  os_core.o(.text)
    OS_PendDataInit                          0x08002967   Thumb Code    48  os_core.o(.text)
    OS_RdyListRemove                         0x08002997   Thumb Code    78  os_core.o(.text)
    OS_TaskBlock                             0x080029e5   Thumb Code    42  os_core.o(.text)
    OS_Pend                                  0x08002a0f   Thumb Code    72  os_core.o(.text)
    OS_PendListRemove1                       0x08002a57   Thumb Code    54  os_core.o(.text)
    OS_PendListRemove                        0x08002a8d   Thumb Code    38  os_core.o(.text)
    OS_PendAbort1                            0x08002ab3   Thumb Code    32  os_core.o(.text)
    OS_RdyListInsertHead                     0x08002ad3   Thumb Code    52  os_core.o(.text)
    OS_RdyListInsertTail                     0x08002b07   Thumb Code    48  os_core.o(.text)
    OS_RdyListInsert                         0x08002b37   Thumb Code    38  os_core.o(.text)
    OS_TaskRdy                               0x08002b5d   Thumb Code    26  os_core.o(.text)
    OS_PendAbort                             0x08002b77   Thumb Code   136  os_core.o(.text)
    OS_PendDbgNameRemove                     0x08002bff   Thumb Code    22  os_core.o(.text)
    OS_PendListChangePrio                    0x08002c15   Thumb Code    50  os_core.o(.text)
    OS_PendListInit                          0x08002c47   Thumb Code    10  os_core.o(.text)
    OS_PendListInsertHead                    0x08002c51   Thumb Code    32  os_core.o(.text)
    OS_PendObjDel1                           0x08002c71   Thumb Code    32  os_core.o(.text)
    OS_PendObjDel                            0x08002c91   Thumb Code   126  os_core.o(.text)
    OS_Post1                                 0x08002d0f   Thumb Code    38  os_core.o(.text)
    OS_Post                                  0x08002d35   Thumb Code   170  os_core.o(.text)
    OS_RdyListMoveHeadToTail                 0x08002ddf   Thumb Code    52  os_core.o(.text)
    OS_Sched0                                0x08002e13   Thumb Code    50  os_core.o(.text)
    OS_Dbg_Init                              0x08002e55   Thumb Code     2  os_dbg.o(.text)
    OS_FlagDbgListAdd                        0x08002e59   Thumb Code    26  os_flag.o(.text)
    OSFlagCreate                             0x08002e73   Thumb Code   104  os_flag.o(.text)
    OS_FlagClr                               0x08002edb   Thumb Code    16  os_flag.o(.text)
    OS_FlagDbgListRemove                     0x08002eeb   Thumb Code    36  os_flag.o(.text)
    OSFlagDel                                0x08002f0f   Thumb Code   344  os_flag.o(.text)
    OS_FlagBlock                             0x08003067   Thumb Code    28  os_flag.o(.text)
    OSFlagPend                               0x08003083   Thumb Code   584  os_flag.o(.text)
    OSFlagPendAbort                          0x080032cb   Thumb Code   196  os_flag.o(.text)
    OSFlagPendGetFlagsRdy                    0x0800338f   Thumb Code    44  os_flag.o(.text)
    OS_FlagTaskRdy                           0x080033bb   Thumb Code    68  os_flag.o(.text)
    OS_FlagPost                              0x080033ff   Thumb Code   294  os_flag.o(.text)
    OSFlagPost                               0x08003525   Thumb Code   114  os_flag.o(.text)
    OS_FlagInit                              0x08003597   Thumb Code    14  os_flag.o(.text)
    OS_IntQPost                              0x080035c1   Thumb Code   138  os_int.o(.text)
    OS_IntQRePost                            0x0800364b   Thumb Code   202  os_int.o(.text)
    OS_IntQTask                              0x08003715   Thumb Code   106  os_int.o(.text)
    OS_IntQTaskInit                          0x0800377f   Thumb Code   194  os_int.o(.text)
    OS_MemDbgListAdd                         0x080038d1   Thumb Code    22  os_mem.o(.text)
    OSMemCreate                              0x080038e7   Thumb Code   186  os_mem.o(.text)
    OSMemGet                                 0x080039a1   Thumb Code    60  os_mem.o(.text)
    OSMemPut                                 0x080039dd   Thumb Code    70  os_mem.o(.text)
    OS_MemInit                               0x08003a23   Thumb Code    14  os_mem.o(.text)
    OS_MsgPoolCreate                         0x08003a45   Thumb Code    48  os_msg.o(.text)
    OS_MsgPoolInit                           0x08003a75   Thumb Code    58  os_msg.o(.text)
    OS_MsgQFreeAll                           0x08003aaf   Thumb Code    48  os_msg.o(.text)
    OS_MsgQInit                              0x08003adf   Thumb Code    14  os_msg.o(.text)
    OS_MsgQGet                               0x08003aed   Thumb Code    82  os_msg.o(.text)
    OS_MsgQPut                               0x08003b3f   Thumb Code   128  os_msg.o(.text)
    OS_MutexDbgListAdd                       0x08003bcd   Thumb Code    26  os_mutex.o(.text)
    OSMutexCreate                            0x08003be7   Thumb Code   112  os_mutex.o(.text)
    OS_MutexClr                              0x08003c57   Thumb Code    24  os_mutex.o(.text)
    OS_MutexDbgListRemove                    0x08003c6f   Thumb Code    36  os_mutex.o(.text)
    OSMutexDel                               0x08003c93   Thumb Code   470  os_mutex.o(.text)
    OSMutexPend                              0x08003e69   Thumb Code   490  os_mutex.o(.text)
    OSMutexPendAbort                         0x08004053   Thumb Code   196  os_mutex.o(.text)
    OSMutexPost                              0x08004117   Thumb Code   368  os_mutex.o(.text)
    OS_MutexInit                             0x08004287   Thumb Code    14  os_mutex.o(.text)
    OS_PrioInit                              0x080042b5   Thumb Code    18  os_prio.o(.text)
    OS_PrioGetHighest                        0x080042c7   Thumb Code    32  os_prio.o(.text)
    OS_PrioInsert                            0x080042e7   Thumb Code    28  os_prio.o(.text)
    OS_PrioRemove                            0x08004303   Thumb Code    28  os_prio.o(.text)
    OS_QDbgListAdd                           0x08004325   Thumb Code    26  os_q.o(.text)
    OSQCreate                                0x0800433f   Thumb Code   118  os_q.o(.text)
    OS_QClr                                  0x080043b5   Thumb Code    40  os_q.o(.text)
    OS_QDbgListRemove                        0x080043dd   Thumb Code    36  os_q.o(.text)
    OSQDel                                   0x08004401   Thumb Code   256  os_q.o(.text)
    OSQFlush                                 0x08004501   Thumb Code   116  os_q.o(.text)
    OSQPend                                  0x08004575   Thumb Code   344  os_q.o(.text)
    OSQPendAbort                             0x080046cd   Thumb Code   236  os_q.o(.text)
    OS_QPost                                 0x080047b9   Thumb Code   194  os_q.o(.text)
    OSQPost                                  0x0800487b   Thumb Code   146  os_q.o(.text)
    OS_QInit                                 0x0800490d   Thumb Code    14  os_q.o(.text)
    OS_SemDbgListAdd                         0x08004935   Thumb Code    26  os_sem.o(.text)
    OSSemCreate                              0x0800494f   Thumb Code   104  os_sem.o(.text)
    OS_SemClr                                0x080049b7   Thumb Code    22  os_sem.o(.text)
    OS_SemDbgListRemove                      0x080049cd   Thumb Code    36  os_sem.o(.text)
    OSSemDel                                 0x080049f1   Thumb Code   256  os_sem.o(.text)
    OSSemPend                                0x08004af1   Thumb Code   298  os_sem.o(.text)
    OSSemPendAbort                           0x08004c1b   Thumb Code   196  os_sem.o(.text)
    OS_SemPost                               0x08004cdf   Thumb Code   202  os_sem.o(.text)
    OSSemPost                                0x08004da9   Thumb Code   114  os_sem.o(.text)
    OSSemSet                                 0x08004e1b   Thumb Code    78  os_sem.o(.text)
    OS_SemInit                               0x08004e69   Thumb Code    14  os_sem.o(.text)
    OSTaskChangePrio                         0x08004e89   Thumb Code   240  os_task.o(.text)
    OS_TaskDbgListAdd                        0x08004f79   Thumb Code    30  os_task.o(.text)
    OS_TaskInitTCB                           0x08004f97   Thumb Code   180  os_task.o(.text)
    OSTaskCreate                             0x0800504b   Thumb Code   384  os_task.o(.text)
    OS_TaskDbgListRemove                     0x080051cb   Thumb Code    50  os_task.o(.text)
    OSTaskDel                                0x080051fd   Thumb Code   308  os_task.o(.text)
    OSTaskQFlush                             0x08005331   Thumb Code   106  os_task.o(.text)
    OSTaskQPend                              0x0800539b   Thumb Code   328  os_task.o(.text)
    OSTaskQPendAbort                         0x080054e3   Thumb Code   140  os_task.o(.text)
    OS_TaskQPost                             0x0800556f   Thumb Code   222  os_task.o(.text)
    OSTaskQPost                              0x0800564d   Thumb Code    96  os_task.o(.text)
    OSTaskRegGet                             0x080056ad   Thumb Code    68  os_task.o(.text)
    OSTaskRegGetID                           0x080056f1   Thumb Code    42  os_task.o(.text)
    OSTaskRegSet                             0x0800571b   Thumb Code    40  os_task.o(.text)
    OS_TaskResume                            0x08005743   Thumb Code   184  os_task.o(.text)
    OSTaskResume                             0x080057fb   Thumb Code    78  os_task.o(.text)
    OSTaskSemPend                            0x08005849   Thumb Code   300  os_task.o(.text)
    OSTaskSemPendAbort                       0x08005975   Thumb Code   148  os_task.o(.text)
    OS_TaskSemPost                           0x08005a09   Thumb Code   284  os_task.o(.text)
    OSTaskSemPost                            0x08005b25   Thumb Code    78  os_task.o(.text)
    OSTaskSemSet                             0x08005b73   Thumb Code    52  os_task.o(.text)
    OSTaskStkChk                             0x08005ba7   Thumb Code   136  os_task.o(.text)
    OS_TaskSuspend                           0x08005c2f   Thumb Code   158  os_task.o(.text)
    OSTaskSuspend                            0x08005ccd   Thumb Code    64  os_task.o(.text)
    OS_TaskInit                              0x08005d0d   Thumb Code    18  os_task.o(.text)
    OS_TaskReturn                            0x08005d1f   Thumb Code    20  os_task.o(.text)
    OS_TickListRemove                        0x08005d5d   Thumb Code    54  os_tick.o(.text)
    OS_TickListUpdate                        0x08005d93   Thumb Code   304  os_tick.o(.text)
    OS_TickTask                              0x08005ec3   Thumb Code    36  os_tick.o(.text)
    OS_TickListInit                          0x08005ee7   Thumb Code    34  os_tick.o(.text)
    OS_TickTaskInit                          0x08005f09   Thumb Code   114  os_tick.o(.text)
    OS_TickListInsert                        0x08005f7b   Thumb Code   202  os_tick.o(.text)
    OS_TickListResetPeak                     0x08006045   Thumb Code    30  os_tick.o(.text)
    OSTimeDly                                0x080060ad   Thumb Code   158  os_time.o(.text)
    OSTimeDlyHMSM                            0x0800614b   Thumb Code   308  os_time.o(.text)
    OSTimeDlyResume                          0x0800627f   Thumb Code   184  os_time.o(.text)
    OSTimeGet                                0x08006337   Thumb Code    24  os_time.o(.text)
    OSTimeSet                                0x0800634f   Thumb Code    24  os_time.o(.text)
    OSTimeTick                               0x08006367   Thumb Code    52  os_time.o(.text)
    OS_TmrDbgListAdd                         0x080063bd   Thumb Code    22  os_tmr.o(.text)
    OSTmrCreate                              0x080063d3   Thumb Code   168  os_tmr.o(.text)
    OS_TmrClr                                0x0800647b   Thumb Code    34  os_tmr.o(.text)
    OS_TmrUnlink                             0x0800649d   Thumb Code    68  os_tmr.o(.text)
    OS_TmrDbgListRemove                      0x080064e1   Thumb Code    36  os_tmr.o(.text)
    OSTmrDel                                 0x08006505   Thumb Code   134  os_tmr.o(.text)
    OSTmrRemainGet                           0x0800658b   Thumb Code   140  os_tmr.o(.text)
    OS_TmrLink                               0x08006617   Thumb Code   140  os_tmr.o(.text)
    OSTmrStart                               0x080066a3   Thumb Code   122  os_tmr.o(.text)
    OSTmrStateGet                            0x0800671d   Thumb Code    86  os_tmr.o(.text)
    OSTmrStop                                0x08006773   Thumb Code   226  os_tmr.o(.text)
    OS_TmrTask                               0x08006855   Thumb Code   164  os_tmr.o(.text)
    OS_TmrInit                               0x080068f9   Thumb Code   174  os_tmr.o(.text)
    OS_TmrResetPeak                          0x080069a7   Thumb Code    30  os_tmr.o(.text)
    OSIdleTaskHook                           0x08006a19   Thumb Code    12  os_cpu_c.o(.text)
    OSInitHook                               0x08006a25   Thumb Code    22  os_cpu_c.o(.text)
    OSStatTaskHook                           0x08006a3b   Thumb Code    12  os_cpu_c.o(.text)
    OSTaskCreateHook                         0x08006a47   Thumb Code    12  os_cpu_c.o(.text)
    OSTaskDelHook                            0x08006a53   Thumb Code    12  os_cpu_c.o(.text)
    OSTaskReturnHook                         0x08006a5f   Thumb Code    12  os_cpu_c.o(.text)
    OSTaskStkInit                            0x08006a6b   Thumb Code   310  os_cpu_c.o(.text)
    OSTaskSwHook                             0x08006ba1   Thumb Code    72  os_cpu_c.o(.text)
    OSTimeTickHook                           0x08006be9   Thumb Code    12  os_cpu_c.o(.text)
    OS_CPU_SysTickHandler                    0x08006bf5   Thumb Code    30  os_cpu_c.o(.text)
    OS_CPU_SysTickInit                       0x08006c13   Thumb Code    36  os_cpu_c.o(.text)
    __use_no_semihosting                     0x08006c79   Thumb Code     2  use_no_semi_2.o(.text)
    __aeabi_uldivmod                         0x08006c7b   Thumb Code     0  lludivv7m.o(.text)
    _ll_udiv                                 0x08006c7b   Thumb Code   238  lludivv7m.o(.text)
    __2printf                                0x08006d69   Thumb Code    20  noretval__2printf.o(.text)
    __use_two_region_memory                  0x08006d81   Thumb Code     2  heapauxi.o(.text)
    __rt_heap_escrow$2region                 0x08006d83   Thumb Code     2  heapauxi.o(.text)
    __rt_heap_expand$2region                 0x08006d85   Thumb Code     2  heapauxi.o(.text)
    __I$use$semihosting                      0x08006d87   Thumb Code     0  use_no_semi.o(.text)
    __use_no_semihosting_swi                 0x08006d87   Thumb Code     2  use_no_semi.o(.text)
    _printf_char_file                        0x08006d89   Thumb Code    32  _printf_char_file.o(.text)
    _printf_char_common                      0x08006db7   Thumb Code    32  _printf_char_common.o(.text)
    ferror                                   0x08006ddd   Thumb Code     8  ferror.o(.text)
    __user_setup_stackheap                   0x08006de5   Thumb Code    74  sys_stackheap_outer.o(.text)
    __printf                                 0x08006e2f   Thumb Code    40  __printf_nopercent.o(.text)
    exit                                     0x08006e57   Thumb Code    18  exit.o(.text)
    __user_libspace                          0x08006e69   Thumb Code     8  libspace.o(.text)
    __user_perproc_libspace                  0x08006e69   Thumb Code     0  libspace.o(.text)
    __user_perthread_libspace                0x08006e69   Thumb Code     0  libspace.o(.text)
    OSStartHighRdy                           0x08006e71   Thumb Code     0  os_cpu_a.o(CODE)
    OSCtxSw                                  0x08006e93   Thumb Code     0  os_cpu_a.o(CODE)
    OSIntCtxSw                               0x08006e9d   Thumb Code     0  os_cpu_a.o(CODE)
    PendSV_Handler                           0x08006ea7   Thumb Code     0  os_cpu_a.o(CODE)
    _fp_init                                 0x08006f1d   Thumb Code    10  fpinit.o(x$fpl$fpinit)
    __fplib_config_fpu_vfp                   0x08006f25   Thumb Code     0  fpinit.o(x$fpl$fpinit)
    __fplib_config_pureend_doubles           0x08006f25   Thumb Code     0  fpinit.o(x$fpl$fpinit)
    OSCfg_TickTaskPrio                       0x080070bc   Data           1  os_cfg_app.o(.constdata)
    OSCfg_TmrTaskPrio                        0x080070bd   Data           1  os_cfg_app.o(.constdata)
    OSCfg_IntQSize                           0x080070be   Data           2  os_cfg_app.o(.constdata)
    OSCfg_MsgPoolSize                        0x080070c0   Data           2  os_cfg_app.o(.constdata)
    OSCfg_TickWheelSize                      0x080070c2   Data           2  os_cfg_app.o(.constdata)
    OSCfg_TmrWheelSize                       0x080070c4   Data           2  os_cfg_app.o(.constdata)
    OSCfg_IdleTaskStkBasePtr                 0x080070c8   Data           4  os_cfg_app.o(.constdata)
    OSCfg_IdleTaskStkLimit                   0x080070cc   Data           4  os_cfg_app.o(.constdata)
    OSCfg_IdleTaskStkSize                    0x080070d0   Data           4  os_cfg_app.o(.constdata)
    OSCfg_IdleTaskStkSizeRAM                 0x080070d4   Data           4  os_cfg_app.o(.constdata)
    OSCfg_IntQBasePtr                        0x080070d8   Data           4  os_cfg_app.o(.constdata)
    OSCfg_IntQSizeRAM                        0x080070dc   Data           4  os_cfg_app.o(.constdata)
    OSCfg_IntQTaskStkBasePtr                 0x080070e0   Data           4  os_cfg_app.o(.constdata)
    OSCfg_IntQTaskStkLimit                   0x080070e4   Data           4  os_cfg_app.o(.constdata)
    OSCfg_IntQTaskStkSize                    0x080070e8   Data           4  os_cfg_app.o(.constdata)
    OSCfg_IntQTaskStkSizeRAM                 0x080070ec   Data           4  os_cfg_app.o(.constdata)
    OSCfg_ISRStkBasePtr                      0x080070f0   Data           4  os_cfg_app.o(.constdata)
    OSCfg_ISRStkSize                         0x080070f4   Data           4  os_cfg_app.o(.constdata)
    OSCfg_ISRStkSizeRAM                      0x080070f8   Data           4  os_cfg_app.o(.constdata)
    OSCfg_MsgPoolSizeRAM                     0x080070fc   Data           4  os_cfg_app.o(.constdata)
    OSCfg_MsgPoolBasePtr                     0x08007100   Data           4  os_cfg_app.o(.constdata)
    OSCfg_StkSizeMin                         0x08007104   Data           4  os_cfg_app.o(.constdata)
    OSCfg_TickRate_Hz                        0x08007108   Data           4  os_cfg_app.o(.constdata)
    OSCfg_TickTaskStkBasePtr                 0x0800710c   Data           4  os_cfg_app.o(.constdata)
    OSCfg_TickTaskStkLimit                   0x08007110   Data           4  os_cfg_app.o(.constdata)
    OSCfg_TickTaskStkSize                    0x08007114   Data           4  os_cfg_app.o(.constdata)
    OSCfg_TickTaskStkSizeRAM                 0x08007118   Data           4  os_cfg_app.o(.constdata)
    OSCfg_TickWheelSizeRAM                   0x0800711c   Data           4  os_cfg_app.o(.constdata)
    OSCfg_TmrTaskRate_Hz                     0x08007120   Data           4  os_cfg_app.o(.constdata)
    OSCfg_TmrTaskStkBasePtr                  0x08007124   Data           4  os_cfg_app.o(.constdata)
    OSCfg_TmrTaskStkLimit                    0x08007128   Data           4  os_cfg_app.o(.constdata)
    OSCfg_TmrTaskStkSize                     0x0800712c   Data           4  os_cfg_app.o(.constdata)
    OSCfg_TmrTaskStkSizeRAM                  0x08007130   Data           4  os_cfg_app.o(.constdata)
    OSCfg_TmrWheelSizeRAM                    0x08007134   Data           4  os_cfg_app.o(.constdata)
    OSCfg_DataSizeRAM                        0x08007138   Data           4  os_cfg_app.o(.constdata)
    Region$$Table$$Base                      0x0800713c   Number         0  anon$$obj.o(Region$$Table)
    Region$$Table$$Limit                     0x0800715c   Number         0  anon$$obj.o(Region$$Table)
    SystemCoreClock                          0x20000000   Data           4  system_stm32f4xx.o(.data)
    AHBPrescTable                            0x20000004   Data          16  system_stm32f4xx.o(.data)
    USART_RX_STA                             0x20000028   Data           2  usart.o(.data)
    __stdout                                 0x2000002c   Data           4  usart.o(.data)
    CPU_TS_TmrFreq_Hz                        0x20000030   Data           4  cpu_core.o(.data)
    Mem_PoolTbl                              0x20000034   Data           4  lib_mem.o(.data)
    OSPrioTbl                                0x20000038   Data           8  os_prio.o(.data)
    OS_AppTaskCreateHookPtr                  0x20000040   Data           4  os_var.o(.data)
    OS_AppTaskDelHookPtr                     0x20000044   Data           4  os_var.o(.data)
    OS_AppTaskReturnHookPtr                  0x20000048   Data           4  os_var.o(.data)
    OS_AppIdleTaskHookPtr                    0x2000004c   Data           4  os_var.o(.data)
    OS_AppStatTaskHookPtr                    0x20000050   Data           4  os_var.o(.data)
    OS_AppTaskSwHookPtr                      0x20000054   Data           4  os_var.o(.data)
    OS_AppTimeTickHookPtr                    0x20000058   Data           4  os_var.o(.data)
    OSIdleTaskCtr                            0x2000005c   Data           4  os_var.o(.data)
    OSIntNestingCtr                          0x20000060   Data           1  os_var.o(.data)
    OSRunning                                0x20000061   Data           1  os_var.o(.data)
    OSIntQInPtr                              0x20000064   Data           4  os_var.o(.data)
    OSIntQOutPtr                             0x20000068   Data           4  os_var.o(.data)
    OSIntQNbrEntries                         0x2000006c   Data           2  os_var.o(.data)
    OSIntQNbrEntriesMax                      0x2000006e   Data           2  os_var.o(.data)
    OSIntQOvfCtr                             0x20000070   Data           2  os_var.o(.data)
    OSIntQTaskTimeMax                        0x20000074   Data           4  os_var.o(.data)
    OSFlagDbgListPtr                         0x20000078   Data           4  os_var.o(.data)
    OSFlagQty                                0x2000007c   Data           2  os_var.o(.data)
    OSMemDbgListPtr                          0x20000080   Data           4  os_var.o(.data)
    OSMemQty                                 0x20000084   Data           2  os_var.o(.data)
    OSMutexDbgListPtr                        0x20000088   Data           4  os_var.o(.data)
    OSMutexQty                               0x2000008c   Data           2  os_var.o(.data)
    OSPrioCur                                0x2000008e   Data           1  os_var.o(.data)
    OSPrioHighRdy                            0x2000008f   Data           1  os_var.o(.data)
    OSPrioSaved                              0x20000090   Data           1  os_var.o(.data)
    OSQDbgListPtr                            0x20000094   Data           4  os_var.o(.data)
    OSQQty                                   0x20000098   Data           2  os_var.o(.data)
    OSSchedLockTimeBegin                     0x2000009c   Data           4  os_var.o(.data)
    OSSchedLockTimeMax                       0x200000a0   Data           4  os_var.o(.data)
    OSSchedLockTimeMaxCur                    0x200000a4   Data           4  os_var.o(.data)
    OSSchedLockNestingCtr                    0x200000a8   Data           1  os_var.o(.data)
    OSSemDbgListPtr                          0x200000ac   Data           4  os_var.o(.data)
    OSSemQty                                 0x200000b0   Data           2  os_var.o(.data)
    OSTaskCtxSwCtr                           0x200000b4   Data           4  os_var.o(.data)
    OSTaskDbgListPtr                         0x200000b8   Data           4  os_var.o(.data)
    OSTaskQty                                0x200000bc   Data           2  os_var.o(.data)
    OSTaskRegNextAvailID                     0x200000be   Data           1  os_var.o(.data)
    OSTickCtr                                0x200000c0   Data           4  os_var.o(.data)
    OSTickTaskTimeMax                        0x200000c4   Data           4  os_var.o(.data)
    OSTmrDbgListPtr                          0x200000c8   Data           4  os_var.o(.data)
    OSTmrQty                                 0x200000cc   Data           2  os_var.o(.data)
    OSTmrTaskTimeMax                         0x200000d0   Data           4  os_var.o(.data)
    OSTmrTickCtr                             0x200000d4   Data           4  os_var.o(.data)
    OSTmrUpdateCnt                           0x200000d8   Data           4  os_var.o(.data)
    OSTmrUpdateCtr                           0x200000dc   Data           4  os_var.o(.data)
    OSTCBCurPtr                              0x200000e0   Data           4  os_var.o(.data)
    OSTCBHighRdyPtr                          0x200000e4   Data           4  os_var.o(.data)
    OS_CPU_ExceptStkBase                     0x200000e8   Data           4  os_cpu_c.o(.data)
    Task1_TCB                                0x200000ec   Data         196  main.o(.bss)
    task1_stk                                0x200001b0   Data         512  main.o(.bss)
    Task2_TCB                                0x200003b0   Data         196  main.o(.bss)
    task2_stk                                0x20000474   Data         512  main.o(.bss)
    USART_RX_BUF                             0x20000674   Data         200  usart.o(.bss)
    CPU_Name                                 0x2000073c   Data          16  cpu_core.o(.bss)
    Mem_PoolHeap                             0x2000074c   Data          72  lib_mem.o(.bss)
    Mem_Heap                                 0x20000794   Data        1024  lib_mem.o(.bss)
    OSCfg_IdleTaskStk                        0x20000b94   Data         512  os_cfg_app.o(.bss)
    OSCfg_IntQ                               0x20000d94   Data         320  os_cfg_app.o(.bss)
    OSCfg_IntQTaskStk                        0x20000ed4   Data         512  os_cfg_app.o(.bss)
    OSCfg_ISRStk                             0x200010d4   Data         512  os_cfg_app.o(.bss)
    OSCfg_MsgPool                            0x200012d4   Data        1600  os_cfg_app.o(.bss)
    OSCfg_TickTaskStk                        0x20001914   Data         512  os_cfg_app.o(.bss)
    OSCfg_TickWheel                          0x20001b14   Data         136  os_cfg_app.o(.bss)
    OSCfg_TmrTaskStk                         0x20001b9c   Data         512  os_cfg_app.o(.bss)
    OSCfg_TmrWheel                           0x20001d9c   Data         136  os_cfg_app.o(.bss)
    OSIdleTaskTCB                            0x20001e24   Data         196  os_var.o(.bss)
    OSIntQTaskTCB                            0x20001ee8   Data         196  os_var.o(.bss)
    OSMsgPool                                0x20001fac   Data          12  os_var.o(.bss)
    OSRdyList                                0x20001fb8   Data         768  os_var.o(.bss)
    OSTickTaskTCB                            0x200022b8   Data         196  os_var.o(.bss)
    OSTmrTaskTCB                             0x2000237c   Data         196  os_var.o(.bss)
    __libspace_start                         0x20002440   Data          96  libspace.o(.bss)
    __temporary_stack_top$libspace           0x200024a0   Data           0  libspace.o(.bss)



==============================================================================

Memory Map of the image

  Image Entry point : 0x08000189

  Load Region LR_IROM1 (Base: 0x08000000, Size: 0x00007248, Max: 0x00100000, ABSOLUTE)

    Execution Region ER_IROM1 (Exec base: 0x08000000, Load base: 0x08000000, Size: 0x0000715c, Max: 0x00100000, ABSOLUTE)

    Exec Addr    Load Addr    Size         Type   Attr      Idx    E Section Name        Object

    0x08000000   0x08000000   0x00000188   Data   RO          316    RESET               startup_stm32f40_41xxx.o
    0x08000188   0x08000188   0x00000008   Code   RO         1037  * !!!main             c_w.l(__main.o)
    0x08000190   0x08000190   0x00000034   Code   RO         1212    !!!scatter          c_w.l(__scatter.o)
    0x080001c4   0x080001c4   0x0000001a   Code   RO         1214    !!handler_copy      c_w.l(__scatter_copy.o)
    0x080001de   0x080001de   0x00000002   PAD
    0x080001e0   0x080001e0   0x0000001c   Code   RO         1216    !!handler_zi        c_w.l(__scatter_zi.o)
    0x080001fc   0x080001fc   0x00000002   Code   RO         1086    .ARM.Collect$$libinit$$00000000  c_w.l(libinit.o)
    0x080001fe   0x080001fe   0x00000004   Code   RO         1098    .ARM.Collect$$libinit$$00000001  c_w.l(libinit2.o)
    0x08000202   0x08000202   0x00000000   Code   RO         1101    .ARM.Collect$$libinit$$00000004  c_w.l(libinit2.o)
    0x08000202   0x08000202   0x00000000   Code   RO         1104    .ARM.Collect$$libinit$$0000000A  c_w.l(libinit2.o)
    0x08000202   0x08000202   0x00000000   Code   RO         1106    .ARM.Collect$$libinit$$0000000C  c_w.l(libinit2.o)
    0x08000202   0x08000202   0x00000000   Code   RO         1108    .ARM.Collect$$libinit$$0000000E  c_w.l(libinit2.o)
    0x08000202   0x08000202   0x00000000   Code   RO         1111    .ARM.Collect$$libinit$$00000011  c_w.l(libinit2.o)
    0x08000202   0x08000202   0x00000000   Code   RO         1113    .ARM.Collect$$libinit$$00000013  c_w.l(libinit2.o)
    0x08000202   0x08000202   0x00000000   Code   RO         1115    .ARM.Collect$$libinit$$00000015  c_w.l(libinit2.o)
    0x08000202   0x08000202   0x00000000   Code   RO         1117    .ARM.Collect$$libinit$$00000017  c_w.l(libinit2.o)
    0x08000202   0x08000202   0x00000000   Code   RO         1119    .ARM.Collect$$libinit$$00000019  c_w.l(libinit2.o)
    0x08000202   0x08000202   0x00000000   Code   RO         1121    .ARM.Collect$$libinit$$0000001B  c_w.l(libinit2.o)
    0x08000202   0x08000202   0x00000000   Code   RO         1123    .ARM.Collect$$libinit$$0000001D  c_w.l(libinit2.o)
    0x08000202   0x08000202   0x00000000   Code   RO         1125    .ARM.Collect$$libinit$$0000001F  c_w.l(libinit2.o)
    0x08000202   0x08000202   0x00000000   Code   RO         1127    .ARM.Collect$$libinit$$00000021  c_w.l(libinit2.o)
    0x08000202   0x08000202   0x00000000   Code   RO         1129    .ARM.Collect$$libinit$$00000023  c_w.l(libinit2.o)
    0x08000202   0x08000202   0x00000000   Code   RO         1131    .ARM.Collect$$libinit$$00000025  c_w.l(libinit2.o)
    0x08000202   0x08000202   0x00000000   Code   RO         1135    .ARM.Collect$$libinit$$0000002C  c_w.l(libinit2.o)
    0x08000202   0x08000202   0x00000000   Code   RO         1137    .ARM.Collect$$libinit$$0000002E  c_w.l(libinit2.o)
    0x08000202   0x08000202   0x00000000   Code   RO         1139    .ARM.Collect$$libinit$$00000030  c_w.l(libinit2.o)
    0x08000202   0x08000202   0x00000000   Code   RO         1141    .ARM.Collect$$libinit$$00000032  c_w.l(libinit2.o)
    0x08000202   0x08000202   0x00000002   Code   RO         1142    .ARM.Collect$$libinit$$00000033  c_w.l(libinit2.o)
    0x08000204   0x08000204   0x00000002   Code   RO         1168    .ARM.Collect$$libshutdown$$00000000  c_w.l(libshutdown.o)
    0x08000206   0x08000206   0x00000000   Code   RO         1195    .ARM.Collect$$libshutdown$$00000002  c_w.l(libshutdown2.o)
    0x08000206   0x08000206   0x00000000   Code   RO         1197    .ARM.Collect$$libshutdown$$00000004  c_w.l(libshutdown2.o)
    0x08000206   0x08000206   0x00000000   Code   RO         1200    .ARM.Collect$$libshutdown$$00000007  c_w.l(libshutdown2.o)
    0x08000206   0x08000206   0x00000000   Code   RO         1203    .ARM.Collect$$libshutdown$$0000000A  c_w.l(libshutdown2.o)
    0x08000206   0x08000206   0x00000000   Code   RO         1205    .ARM.Collect$$libshutdown$$0000000C  c_w.l(libshutdown2.o)
    0x08000206   0x08000206   0x00000000   Code   RO         1208    .ARM.Collect$$libshutdown$$0000000F  c_w.l(libshutdown2.o)
    0x08000206   0x08000206   0x00000002   Code   RO         1209    .ARM.Collect$$libshutdown$$00000010  c_w.l(libshutdown2.o)
    0x08000208   0x08000208   0x00000000   Code   RO         1041    .ARM.Collect$$rtentry$$00000000  c_w.l(__rtentry.o)
    0x08000208   0x08000208   0x00000000   Code   RO         1049    .ARM.Collect$$rtentry$$00000002  c_w.l(__rtentry2.o)
    0x08000208   0x08000208   0x00000006   Code   RO         1061    .ARM.Collect$$rtentry$$00000004  c_w.l(__rtentry4.o)
    0x0800020e   0x0800020e   0x00000000   Code   RO         1051    .ARM.Collect$$rtentry$$00000009  c_w.l(__rtentry2.o)
    0x0800020e   0x0800020e   0x00000004   Code   RO         1052    .ARM.Collect$$rtentry$$0000000A  c_w.l(__rtentry2.o)
    0x08000212   0x08000212   0x00000000   Code   RO         1054    .ARM.Collect$$rtentry$$0000000C  c_w.l(__rtentry2.o)
    0x08000212   0x08000212   0x00000008   Code   RO         1055    .ARM.Collect$$rtentry$$0000000D  c_w.l(__rtentry2.o)
    0x0800021a   0x0800021a   0x00000002   Code   RO         1090    .ARM.Collect$$rtexit$$00000000  c_w.l(rtexit.o)
    0x0800021c   0x0800021c   0x00000000   Code   RO         1144    .ARM.Collect$$rtexit$$00000002  c_w.l(rtexit2.o)
    0x0800021c   0x0800021c   0x00000004   Code   RO         1145    .ARM.Collect$$rtexit$$00000003  c_w.l(rtexit2.o)
    0x08000220   0x08000220   0x00000006   Code   RO         1146    .ARM.Collect$$rtexit$$00000004  c_w.l(rtexit2.o)
    0x08000226   0x08000226   0x00000002   PAD
    0x08000228   0x08000228   0x000001b4   Code   RO            3    .text               main.o
    0x080003dc   0x080003dc   0x0000000e   Code   RO          221    .text               stm32f4xx_it.o
    0x080003ea   0x080003ea   0x00000002   PAD
    0x080003ec   0x080003ec   0x0000017c   Code   RO          270    .text               system_stm32f4xx.o
    0x08000568   0x08000568   0x00000074   Code   RO          296    .text               led.o
    0x080005dc   0x080005dc   0x00000040   Code   RO          317    .text               startup_stm32f40_41xxx.o
    0x0800061c   0x0800061c   0x000000b0   Code   RO          323    .text               misc.o
    0x080006cc   0x080006cc   0x0000020c   Code   RO          343    .text               stm32f4xx_gpio.o
    0x080008d8   0x080008d8   0x00000480   Code   RO          363    .text               stm32f4xx_rcc.o
    0x08000d58   0x08000d58   0x00000358   Code   RO          405    .text               stm32f4xx_usart.o
    0x080010b0   0x080010b0   0x00000108   Code   RO          469    .text               delay.o
    0x080011b8   0x080011b8   0x0000012c   Code   RO          510    .text               usart.o
    0x080012e4   0x080012e4   0x00000068   Code   RO          542    .text               bsp.o
    0x0800134c   0x0800134c   0x000001bc   Code   RO          576    .text               cpu_core.o
    0x08001508   0x08001508   0x00000034   Code   RO          604    .text               cpu_a.o
    0x0800153c   0x0800153c   0x0000015a   Code   RO          607    .text               lib_ascii.o
    0x08001696   0x08001696   0x00000002   PAD
    0x08001698   0x08001698   0x00000668   Code   RO          642    .text               lib_mem.o
    0x08001d00   0x08001d00   0x000005a8   Code   RO          661    .text               lib_str.o
    0x080022a8   0x080022a8   0x00000220   Code   RO          679    .text               lib_mem_a.o
    0x080024c8   0x080024c8   0x00000002   Code   RO          682    .text               os_cfg_app.o
    0x080024ca   0x080024ca   0x00000002   PAD
    0x080024cc   0x080024cc   0x00000988   Code   RO          719    .text               os_core.o
    0x08002e54   0x08002e54   0x00000002   Code   RO          732    .text               os_dbg.o
    0x08002e56   0x08002e56   0x00000002   PAD
    0x08002e58   0x08002e58   0x00000768   Code   RO          748    .text               os_flag.o
    0x080035c0   0x080035c0   0x00000310   Code   RO          761    .text               os_int.o
    0x080038d0   0x080038d0   0x00000174   Code   RO          773    .text               os_mem.o
    0x08003a44   0x08003a44   0x00000188   Code   RO          785    .text               os_msg.o
    0x08003bcc   0x08003bcc   0x000006e8   Code   RO          797    .text               os_mutex.o
    0x080042b4   0x080042b4   0x00000070   Code   RO          816    .text               os_prio.o
    0x08004324   0x08004324   0x00000610   Code   RO          835    .text               os_q.o
    0x08004934   0x08004934   0x00000554   Code   RO          848    .text               os_sem.o
    0x08004e88   0x08004e88   0x00000ed4   Code   RO          867    .text               os_task.o
    0x08005d5c   0x08005d5c   0x00000350   Code   RO          879    .text               os_tick.o
    0x080060ac   0x080060ac   0x00000310   Code   RO          892    .text               os_time.o
    0x080063bc   0x080063bc   0x0000065c   Code   RO          904    .text               os_tmr.o
    0x08006a18   0x08006a18   0x00000260   Code   RO          983    .text               os_cpu_c.o
    0x08006c78   0x08006c78   0x00000002   Code   RO         1027    .text               c_w.l(use_no_semi_2.o)
    0x08006c7a   0x08006c7a   0x000000ee   Code   RO         1029    .text               c_w.l(lludivv7m.o)
    0x08006d68   0x08006d68   0x00000018   Code   RO         1033    .text               c_w.l(noretval__2printf.o)
    0x08006d80   0x08006d80   0x00000006   Code   RO         1035    .text               c_w.l(heapauxi.o)
    0x08006d86   0x08006d86   0x00000002   Code   RO         1039    .text               c_w.l(use_no_semi.o)
    0x08006d88   0x08006d88   0x00000024   Code   RO         1046    .text               c_w.l(_printf_char_file.o)
    0x08006dac   0x08006dac   0x00000030   Code   RO         1065    .text               c_w.l(_printf_char_common.o)
    0x08006ddc   0x08006ddc   0x00000008   Code   RO         1067    .text               c_w.l(ferror.o)
    0x08006de4   0x08006de4   0x0000004a   Code   RO         1071    .text               c_w.l(sys_stackheap_outer.o)
    0x08006e2e   0x08006e2e   0x00000028   Code   RO         1073    .text               c_w.l(__printf_nopercent.o)
    0x08006e56   0x08006e56   0x00000012   Code   RO         1075    .text               c_w.l(exit.o)
    0x08006e68   0x08006e68   0x00000008   Code   RO         1087    .text               c_w.l(libspace.o)
    0x08006e70   0x08006e70   0x000000ac   Code   RO         1007    CODE                os_cpu_a.o
    0x08006f1c   0x08006f1c   0x0000000a   Code   RO         1156    x$fpl$fpinit        fz_wm.l(fpinit.o)
    0x08006f26   0x08006f26   0x00000100   Data   RO          578    .constdata          cpu_core.o
    0x08007026   0x08007026   0x00000002   PAD
    0x08007028   0x08007028   0x00000094   Data   RO          662    .constdata          lib_str.o
    0x080070bc   0x080070bc   0x00000080   Data   RO          692    .constdata          os_cfg_app.o
    0x0800713c   0x0800713c   0x00000020   Data   RO         1210    Region$$Table       anon$$obj.o


    Execution Region RW_IRAM1 (Exec base: 0x20000000, Load base: 0x0800715c, Size: 0x000084a0, Max: 0x00020000, ABSOLUTE)

    Exec Addr    Load Addr    Size         Type   Attr      Idx    E Section Name        Object

    0x20000000   0x0800715c   0x00000014   Data   RW          271    .data               system_stm32f4xx.o
    0x20000014   0x08007170   0x00000010   Data   RW          364    .data               stm32f4xx_rcc.o
    0x20000024   0x08007180   0x00000004   Data   RW          470    .data               delay.o
    0x20000028   0x08007184   0x00000002   Data   RW          512    .data               usart.o
    0x2000002a   0x08007186   0x00000002   PAD
    0x2000002c   0x08007188   0x00000004   Data   RW          513    .data               usart.o
    0x20000030   0x0800718c   0x00000004   Data   RW          580    .data               cpu_core.o
    0x20000034   0x08007190   0x00000004   Data   RW          644    .data               lib_mem.o
    0x20000038   0x08007194   0x00000008   Data   RW          817    .data               os_prio.o
    0x20000040   0x0800719c   0x00000004   Data   RW          922    .data               os_var.o
    0x20000044   0x080071a0   0x00000004   Data   RW          923    .data               os_var.o
    0x20000048   0x080071a4   0x00000004   Data   RW          924    .data               os_var.o
    0x2000004c   0x080071a8   0x00000004   Data   RW          925    .data               os_var.o
    0x20000050   0x080071ac   0x00000004   Data   RW          926    .data               os_var.o
    0x20000054   0x080071b0   0x00000004   Data   RW          927    .data               os_var.o
    0x20000058   0x080071b4   0x00000004   Data   RW          928    .data               os_var.o
    0x2000005c   0x080071b8   0x00000004   Data   RW          929    .data               os_var.o
    0x20000060   0x080071bc   0x00000001   Data   RW          930    .data               os_var.o
    0x20000061   0x080071bd   0x00000001   Data   RW          931    .data               os_var.o
    0x20000062   0x080071be   0x00000002   PAD
    0x20000064   0x080071c0   0x00000004   Data   RW          932    .data               os_var.o
    0x20000068   0x080071c4   0x00000004   Data   RW          933    .data               os_var.o
    0x2000006c   0x080071c8   0x00000002   Data   RW          934    .data               os_var.o
    0x2000006e   0x080071ca   0x00000002   Data   RW          935    .data               os_var.o
    0x20000070   0x080071cc   0x00000002   Data   RW          936    .data               os_var.o
    0x20000072   0x080071ce   0x00000002   PAD
    0x20000074   0x080071d0   0x00000004   Data   RW          937    .data               os_var.o
    0x20000078   0x080071d4   0x00000004   Data   RW          938    .data               os_var.o
    0x2000007c   0x080071d8   0x00000002   Data   RW          939    .data               os_var.o
    0x2000007e   0x080071da   0x00000002   PAD
    0x20000080   0x080071dc   0x00000004   Data   RW          940    .data               os_var.o
    0x20000084   0x080071e0   0x00000002   Data   RW          941    .data               os_var.o
    0x20000086   0x080071e2   0x00000002   PAD
    0x20000088   0x080071e4   0x00000004   Data   RW          942    .data               os_var.o
    0x2000008c   0x080071e8   0x00000002   Data   RW          943    .data               os_var.o
    0x2000008e   0x080071ea   0x00000001   Data   RW          944    .data               os_var.o
    0x2000008f   0x080071eb   0x00000001   Data   RW          945    .data               os_var.o
    0x20000090   0x080071ec   0x00000001   Data   RW          946    .data               os_var.o
    0x20000091   0x080071ed   0x00000003   PAD
    0x20000094   0x080071f0   0x00000004   Data   RW          947    .data               os_var.o
    0x20000098   0x080071f4   0x00000002   Data   RW          948    .data               os_var.o
    0x2000009a   0x080071f6   0x00000002   PAD
    0x2000009c   0x080071f8   0x00000004   Data   RW          949    .data               os_var.o
    0x200000a0   0x080071fc   0x00000004   Data   RW          950    .data               os_var.o
    0x200000a4   0x08007200   0x00000004   Data   RW          951    .data               os_var.o
    0x200000a8   0x08007204   0x00000001   Data   RW          952    .data               os_var.o
    0x200000a9   0x08007205   0x00000003   PAD
    0x200000ac   0x08007208   0x00000004   Data   RW          953    .data               os_var.o
    0x200000b0   0x0800720c   0x00000002   Data   RW          954    .data               os_var.o
    0x200000b2   0x0800720e   0x00000002   PAD
    0x200000b4   0x08007210   0x00000004   Data   RW          955    .data               os_var.o
    0x200000b8   0x08007214   0x00000004   Data   RW          956    .data               os_var.o
    0x200000bc   0x08007218   0x00000002   Data   RW          957    .data               os_var.o
    0x200000be   0x0800721a   0x00000001   Data   RW          958    .data               os_var.o
    0x200000bf   0x0800721b   0x00000001   PAD
    0x200000c0   0x0800721c   0x00000004   Data   RW          959    .data               os_var.o
    0x200000c4   0x08007220   0x00000004   Data   RW          960    .data               os_var.o
    0x200000c8   0x08007224   0x00000004   Data   RW          961    .data               os_var.o
    0x200000cc   0x08007228   0x00000002   Data   RW          962    .data               os_var.o
    0x200000ce   0x0800722a   0x00000002   PAD
    0x200000d0   0x0800722c   0x00000004   Data   RW          963    .data               os_var.o
    0x200000d4   0x08007230   0x00000004   Data   RW          964    .data               os_var.o
    0x200000d8   0x08007234   0x00000004   Data   RW          965    .data               os_var.o
    0x200000dc   0x08007238   0x00000004   Data   RW          966    .data               os_var.o
    0x200000e0   0x0800723c   0x00000004   Data   RW          967    .data               os_var.o
    0x200000e4   0x08007240   0x00000004   Data   RW          968    .data               os_var.o
    0x200000e8   0x08007244   0x00000004   Data   RW          984    .data               os_cpu_c.o
    0x200000ec        -       0x00000588   Zero   RW            4    .bss                main.o
    0x20000674        -       0x000000c8   Zero   RW          511    .bss                usart.o
    0x2000073c        -       0x00000010   Zero   RW          577    .bss                cpu_core.o
    0x2000074c        -       0x00000448   Zero   RW          643    .bss                lib_mem.o
    0x20000b94        -       0x00000200   Zero   RW          683    .bss                os_cfg_app.o
    0x20000d94        -       0x00000140   Zero   RW          684    .bss                os_cfg_app.o
    0x20000ed4        -       0x00000200   Zero   RW          685    .bss                os_cfg_app.o
    0x200010d4        -       0x00000200   Zero   RW          686    .bss                os_cfg_app.o
    0x200012d4        -       0x00000640   Zero   RW          687    .bss                os_cfg_app.o
    0x20001914        -       0x00000200   Zero   RW          688    .bss                os_cfg_app.o
    0x20001b14        -       0x00000088   Zero   RW          689    .bss                os_cfg_app.o
    0x20001b9c        -       0x00000200   Zero   RW          690    .bss                os_cfg_app.o
    0x20001d9c        -       0x00000088   Zero   RW          691    .bss                os_cfg_app.o
    0x20001e24        -       0x000000c4   Zero   RW          916    .bss                os_var.o
    0x20001ee8        -       0x000000c4   Zero   RW          917    .bss                os_var.o
    0x20001fac        -       0x0000000c   Zero   RW          918    .bss                os_var.o
    0x20001fb8        -       0x00000300   Zero   RW          919    .bss                os_var.o
    0x200022b8        -       0x000000c4   Zero   RW          920    .bss                os_var.o
    0x2000237c        -       0x000000c4   Zero   RW          921    .bss                os_var.o
    0x20002440        -       0x00000060   Zero   RW         1088    .bss                c_w.l(libspace.o)
    0x200024a0        -       0x00002000   Zero   RW          315    HEAP                startup_stm32f40_41xxx.o
    0x200044a0        -       0x00004000   Zero   RW          314    STACK               startup_stm32f40_41xxx.o


==============================================================================

Image component sizes


      Code (inc. data)   RO Data    RW Data    ZI Data      Debug   Object Name

       104         14          0          0          0       1905   bsp.o
        52          0          0          0          0        348   cpu_a.o
       444         12        256          4         16      14625   cpu_core.o
       264         22          0          4          0       2635   delay.o
       116         10          0          0          0        619   led.o
       346          0          0          0          0       4570   lib_ascii.o
      1640         26          0          4       1096      22588   lib_mem.o
       544          0          0          0          0        496   lib_mem_a.o
      1448          4        148          0          0      12804   lib_str.o
       436        128          0          0       1416     303560   main.o
       176         12          0          0          0       2193   misc.o
         2          0        128          0       4752      20409   os_cfg_app.o
      2440        216          0          0          0      12428   os_core.o
       172         32          0          0          0        416   os_cpu_a.o
       608         66          0          4          0       4113   os_cpu_c.o
         2          0          0          0          0        538   os_dbg.o
      1896         80          0          0          0       8429   os_flag.o
       784        144          0          0          0       2732   os_int.o
       372         20          0          0          0       2808   os_mem.o
       392         14          0          0          0       3255   os_msg.o
      1768         92          0          0          0       6280   os_mutex.o
       112          6          0          8          0       2076   os_prio.o
      1552         66          0          0          0       6766   os_q.o
      1364         58          0          0          0       6742   os_sem.o
      3796        210          0          0          0      15078   os_task.o
       848         82          0          0          0       3843   os_tick.o
       784         42          0          0          0       3553   os_time.o
      1628        128          0          0          0       6958   os_tmr.o
         0          0          0        147       1564      18760   os_var.o
        64         26        392          0      24576        856   startup_stm32f40_41xxx.o
       524         44          0          0          0       4713   stm32f4xx_gpio.o
        14          0          0          0          0       1051   stm32f4xx_it.o
      1152         48          0         16          0      13640   stm32f4xx_rcc.o
       856         32          0          0          0       8528   stm32f4xx_usart.o
       380         36          0         20          0       1987   system_stm32f4xx.o
       300         18          0          6        200       3530   usart.o

    ----------------------------------------------------------------------
     27388       1688        958        236      33620     525832   Object Totals
         0          0         32          0          0          0   (incl. Generated)
         8          0          2         23          0          0   (incl. Padding)

    ----------------------------------------------------------------------

      Code (inc. data)   RO Data    RW Data    ZI Data      Debug   Library Member Name

         8          0          0          0          0         68   __main.o
        40          0          0          0          0         84   __printf_nopercent.o
         0          0          0          0          0          0   __rtentry.o
        12          0          0          0          0          0   __rtentry2.o
         6          0          0          0          0          0   __rtentry4.o
        52          8          0          0          0          0   __scatter.o
        26          0          0          0          0          0   __scatter_copy.o
        28          0          0          0          0          0   __scatter_zi.o
        48          6          0          0          0         96   _printf_char_common.o
        36          4          0          0          0         80   _printf_char_file.o
        18          0          0          0          0         80   exit.o
         8          0          0          0          0         68   ferror.o
         6          0          0          0          0        152   heapauxi.o
         2          0          0          0          0          0   libinit.o
         6          0          0          0          0          0   libinit2.o
         2          0          0          0          0          0   libshutdown.o
         2          0          0          0          0          0   libshutdown2.o
         8          4          0          0         96         68   libspace.o
       238          0          0          0          0        100   lludivv7m.o
        24          4          0          0          0         84   noretval__2printf.o
         2          0          0          0          0          0   rtexit.o
        10          0          0          0          0          0   rtexit2.o
        74          0          0          0          0         80   sys_stackheap_outer.o
         2          0          0          0          0         68   use_no_semi.o
         2          0          0          0          0         68   use_no_semi_2.o
        10          0          0          0          0        116   fpinit.o

    ----------------------------------------------------------------------
       674         26          0          0         96       1212   Library Totals
         4          0          0          0          0          0   (incl. Padding)

    ----------------------------------------------------------------------

      Code (inc. data)   RO Data    RW Data    ZI Data      Debug   Library Name

       660         26          0          0         96       1096   c_w.l
        10          0          0          0          0        116   fz_wm.l

    ----------------------------------------------------------------------
       674         26          0          0         96       1212   Library Totals

    ----------------------------------------------------------------------

==============================================================================


      Code (inc. data)   RO Data    RW Data    ZI Data      Debug   

     28062       1714        958        236      33716     518876   Grand Totals
     28062       1714        958        236      33716     518876   ELF Image Totals
     28062       1714        958        236          0          0   ROM Totals

==============================================================================

    Total RO  Size (Code + RO Data)                29020 (  28.34kB)
    Total RW  Size (RW Data + ZI Data)             33952 (  33.16kB)
    Total ROM Size (Code + RO Data + RW Data)      29256 (  28.57kB)

==============================================================================

